Archive member included to satisfy reference by file (symbol)

./libopencm3//lib/libopencm3_stm32f0.a(adc.o)
                              cerpa.o (adc_disable_external_trigger_regular)
./libopencm3//lib/libopencm3_stm32f0.a(adc_common_v2.o)
                              cerpa.o (adc_power_on)
./libopencm3//lib/libopencm3_stm32f0.a(dac_common_all.o)
                              cerpa.o (dac_enable)
./libopencm3//lib/libopencm3_stm32f0.a(dac_common_v1.o)
                              cerpa.o (dac_buffer_enable)
./libopencm3//lib/libopencm3_stm32f0.a(gpio_common_all.o)
                              cerpa.o (gpio_toggle)
./libopencm3//lib/libopencm3_stm32f0.a(gpio_common_f0234.o)
                              cerpa.o (gpio_mode_setup)
./libopencm3//lib/libopencm3_stm32f0.a(rcc.o)
                              cerpa.o (rcc_clock_setup_in_hsi_out_48mhz)
./libopencm3//lib/libopencm3_stm32f0.a(rcc_common_all.o)
                              cerpa.o (rcc_periph_clock_enable)
./libopencm3//lib/libopencm3_stm32f0.a(spi_common_all.o)
                              cerpa.o (spi_reset)
./libopencm3//lib/libopencm3_stm32f0.a(spi_common_v2.o)
                              cerpa.o (spi_init_master)
./libopencm3//lib/libopencm3_stm32f0.a(timer_common_all.o)
                              cerpa.o (timer_enable_irq)
./libopencm3//lib/libopencm3_stm32f0.a(usart_common_all.o)
                              cerpa.o (usart_set_baudrate)
./libopencm3//lib/libopencm3_stm32f0.a(usart_common_v2.o)
                              ./libopencm3//lib/libopencm3_stm32f0.a(usart_common_all.o) (usart_send)
./libopencm3//lib/libopencm3_stm32f0.a(vector.o)
                              (reset_handler)
./libopencm3//lib/libopencm3_stm32f0.a(nvic.o)
                              cerpa.o (nvic_enable_irq)
./libopencm3//lib/libopencm3_stm32f0.a(assert.o)
                              ./libopencm3//lib/libopencm3_stm32f0.a(adc.o) (cm3_assert_failed)
./libopencm3//lib/libopencm3_stm32f0.a(flash_common_all.o)
                              ./libopencm3//lib/libopencm3_stm32f0.a(rcc.o) (flash_prefetch_enable)
/usr/local/Cellar/arm-gcc-bin@10/10.3-2021.10/bin/../lib/gcc/arm-none-eabi/10.3.1/../../../../arm-none-eabi/lib/thumb/v6-m/nofp/libc.a(lib_a-snprintf.o)
                              cerpa.o (snprintf)
/usr/local/Cellar/arm-gcc-bin@10/10.3-2021.10/bin/../lib/gcc/arm-none-eabi/10.3.1/../../../../arm-none-eabi/lib/thumb/v6-m/nofp/libc.a(lib_a-strlen-stub.o)
                              cerpa.o (strlen)
/usr/local/Cellar/arm-gcc-bin@10/10.3-2021.10/bin/../lib/gcc/arm-none-eabi/10.3.1/../../../../arm-none-eabi/lib/thumb/v6-m/nofp/libc.a(lib_a-svfprintf.o)
                              /usr/local/Cellar/arm-gcc-bin@10/10.3-2021.10/bin/../lib/gcc/arm-none-eabi/10.3.1/../../../../arm-none-eabi/lib/thumb/v6-m/nofp/libc.a(lib_a-snprintf.o) (_svfprintf_r)
/usr/local/Cellar/arm-gcc-bin@10/10.3-2021.10/bin/../lib/gcc/arm-none-eabi/10.3.1/../../../../arm-none-eabi/lib/thumb/v6-m/nofp/libc.a(lib_a-dtoa.o)
                              /usr/local/Cellar/arm-gcc-bin@10/10.3-2021.10/bin/../lib/gcc/arm-none-eabi/10.3.1/../../../../arm-none-eabi/lib/thumb/v6-m/nofp/libc.a(lib_a-svfprintf.o) (_dtoa_r)
/usr/local/Cellar/arm-gcc-bin@10/10.3-2021.10/bin/../lib/gcc/arm-none-eabi/10.3.1/../../../../arm-none-eabi/lib/thumb/v6-m/nofp/libc.a(lib_a-freer.o)
                              /usr/local/Cellar/arm-gcc-bin@10/10.3-2021.10/bin/../lib/gcc/arm-none-eabi/10.3.1/../../../../arm-none-eabi/lib/thumb/v6-m/nofp/libc.a(lib_a-svfprintf.o) (_free_r)
/usr/local/Cellar/arm-gcc-bin@10/10.3-2021.10/bin/../lib/gcc/arm-none-eabi/10.3.1/../../../../arm-none-eabi/lib/thumb/v6-m/nofp/libc.a(lib_a-impure.o)
                              /usr/local/Cellar/arm-gcc-bin@10/10.3-2021.10/bin/../lib/gcc/arm-none-eabi/10.3.1/../../../../arm-none-eabi/lib/thumb/v6-m/nofp/libc.a(lib_a-snprintf.o) (_impure_ptr)
/usr/local/Cellar/arm-gcc-bin@10/10.3-2021.10/bin/../lib/gcc/arm-none-eabi/10.3.1/../../../../arm-none-eabi/lib/thumb/v6-m/nofp/libc.a(lib_a-localeconv.o)
                              /usr/local/Cellar/arm-gcc-bin@10/10.3-2021.10/bin/../lib/gcc/arm-none-eabi/10.3.1/../../../../arm-none-eabi/lib/thumb/v6-m/nofp/libc.a(lib_a-svfprintf.o) (_localeconv_r)
/usr/local/Cellar/arm-gcc-bin@10/10.3-2021.10/bin/../lib/gcc/arm-none-eabi/10.3.1/../../../../arm-none-eabi/lib/thumb/v6-m/nofp/libc.a(lib_a-mallocr.o)
                              /usr/local/Cellar/arm-gcc-bin@10/10.3-2021.10/bin/../lib/gcc/arm-none-eabi/10.3.1/../../../../arm-none-eabi/lib/thumb/v6-m/nofp/libc.a(lib_a-svfprintf.o) (_malloc_r)
/usr/local/Cellar/arm-gcc-bin@10/10.3-2021.10/bin/../lib/gcc/arm-none-eabi/10.3.1/../../../../arm-none-eabi/lib/thumb/v6-m/nofp/libc.a(lib_a-memchr-stub.o)
                              /usr/local/Cellar/arm-gcc-bin@10/10.3-2021.10/bin/../lib/gcc/arm-none-eabi/10.3.1/../../../../arm-none-eabi/lib/thumb/v6-m/nofp/libc.a(lib_a-svfprintf.o) (memchr)
[...]
Memory Configuration

Name             Origin             Length             Attributes
rom              0x0000000008000000 0x0000000000010000 xr
ram              0x0000000020000000 0x0000000000002000 xrw
*default*        0x0000000000000000 0xffffffffffffffff

Linker script and memory map

LOAD cerpa.o
LOAD ./libopencm3//lib/libopencm3_stm32f0.a
START GROUP
LOAD /usr/local/Cellar/arm-gcc-bin@10/10.3-2021.10/bin/../lib/gcc/arm-none-eabi/10.3.1/../../../../arm-none-eabi/lib/thumb/v6-m/nofp/libc.a
LOAD /usr/local/Cellar/arm-gcc-bin@10/10.3-2021.10/bin/../lib/gcc/arm-none-eabi/10.3.1/thumb/v6-m/nofp/libgcc.a
LOAD /usr/local/Cellar/arm-gcc-bin@10/10.3-2021.10/bin/../lib/gcc/arm-none-eabi/10.3.1/../../../../arm-none-eabi/lib/thumb/v6-m/nofp/libnosys.a
END GROUP
START GROUP
LOAD /usr/local/Cellar/arm-gcc-bin@10/10.3-2021.10/bin/../lib/gcc/arm-none-eabi/10.3.1/thumb/v6-m/nofp/libgcc.a
LOAD /usr/local/Cellar/arm-gcc-bin@10/10.3-2021.10/bin/../lib/gcc/arm-none-eabi/10.3.1/../../../../arm-none-eabi/lib/thumb/v6-m/nofp/libg.a
LOAD /usr/local/Cellar/arm-gcc-bin@10/10.3-2021.10/bin/../lib/gcc/arm-none-eabi/10.3.1/../../../../arm-none-eabi/lib/thumb/v6-m/nofp/libc.a
END GROUP

.text           0x0000000008000000     0x99f4
 *(.vectors)
 .vectors       0x0000000008000000       0xc0 ./libopencm3//lib/libopencm3_stm32f0.a(vector.o)
                0x0000000008000000                vector_table
 *(.text*)
 .text.SetupSweep
                0x00000000080000c0       0x88 cerpa.o
 .text.putch    0x0000000008000148       0x30 cerpa.o
                0x0000000008000148                putch
 .text.StartSAMP
                0x0000000008000178       0x9c cerpa.o
                0x0000000008000178                StartSAMP
 .text.SetupUART
                0x0000000008000214       0x64 cerpa.o
                0x0000000008000214                SetupUART
 .text.SetupHK  0x0000000008000278       0x58 cerpa.o
                0x0000000008000278                SetupHK
 .text.startup.main
                0x00000000080002d0      0x220 cerpa.o
                0x00000000080002d0                main
 .text.adc_disable_external_trigger_regular
                0x00000000080004f0       0x10 ./libopencm3//lib/libopencm3_stm32f0.a(adc.o)
                0x00000000080004f0                adc_disable_external_trigger_regular
 .text.adc_set_clk_source
                0x0000000008000500        0xc ./libopencm3//lib/libopencm3_stm32f0.a(adc.o)
                0x0000000008000500                adc_set_clk_source
 .text.adc_set_sample_time_on_all_channels
                0x000000000800050c        0x8 ./libopencm3//lib/libopencm3_stm32f0.a(adc.o)
                0x000000000800050c                adc_set_sample_time_on_all_channels
 .text.adc_power_on_async
                0x0000000008000514        0xa ./libopencm3//lib/libopencm3_stm32f0.a(adc_common_v2.o)
                0x0000000008000514                adc_power_on_async
 .text.adc_power_on
                0x000000000800051e       0x12 ./libopencm3//lib/libopencm3_stm32f0.a(adc_common_v2.o)
                0x000000000800051e                adc_power_on
 .text.adc_is_power_off
                0x0000000008000530        0x8 ./libopencm3//lib/libopencm3_stm32f0.a(adc_common_v2.o)
                0x0000000008000530                adc_is_power_off
 .text.adc_power_off_async
                0x0000000008000538       0x30 ./libopencm3//lib/libopencm3_stm32f0.a(adc_common_v2.o)
                0x0000000008000538                adc_power_off_async
 .text.adc_power_off
                0x0000000008000568       0x14 ./libopencm3//lib/libopencm3_stm32f0.a(adc_common_v2.o)
                0x0000000008000568                adc_power_off
 .text.adc_calibrate_async
                0x000000000800057c        0xc ./libopencm3//lib/libopencm3_stm32f0.a(adc_common_v2.o)
                0x000000000800057c                adc_calibrate_async
 .text.adc_is_calibrating
                0x0000000008000588        0x6 ./libopencm3//lib/libopencm3_stm32f0.a(adc_common_v2.o)
                0x0000000008000588                adc_is_calibrating
 .text.adc_calibrate
                0x000000000800058e       0x10 ./libopencm3//lib/libopencm3_stm32f0.a(adc_common_v2.o)
                0x000000000800058e                adc_calibrate
 *fill*         0x000000000800059e        0x2 
 .text.adc_set_single_conversion_mode
                0x00000000080005a0       0x10 ./libopencm3//lib/libopencm3_stm32f0.a(adc_common_v2.o)
                0x00000000080005a0                adc_set_single_conversion_mode
 .text.adc_set_resolution
                0x00000000080005b0        0xc ./libopencm3//lib/libopencm3_stm32f0.a(adc_common_v2.o)
                0x00000000080005b0                adc_set_resolution
 .text.adc_set_right_aligned
                0x00000000080005bc        0xa ./libopencm3//lib/libopencm3_stm32f0.a(adc_common_v2.o)
                0x00000000080005bc                adc_set_right_aligned
 *fill*         0x00000000080005c6        0x2 
 .text.adc_enable_temperature_sensor
                0x00000000080005c8       0x14 ./libopencm3//lib/libopencm3_stm32f0.a(adc_common_v2.o)
                0x00000000080005c8                adc_enable_temperature_sensor
 .text.adc_enable_vrefint
                0x00000000080005dc       0x14 ./libopencm3//lib/libopencm3_stm32f0.a(adc_common_v2.o)
                0x00000000080005dc                adc_enable_vrefint
 .text.dac_enable
                0x00000000080005f0       0x2c ./libopencm3//lib/libopencm3_stm32f0.a(dac_common_all.o)
                0x00000000080005f0                dac_enable
 .text.dac_disable
                0x000000000800061c       0x2c ./libopencm3//lib/libopencm3_stm32f0.a(dac_common_all.o)
                0x000000000800061c                dac_disable
 .text.dac_trigger_disable
                0x0000000008000648       0x2c ./libopencm3//lib/libopencm3_stm32f0.a(dac_common_all.o)
                0x0000000008000648                dac_trigger_disable
 .text.dac_set_waveform_generation
                0x0000000008000674       0x34 ./libopencm3//lib/libopencm3_stm32f0.a(dac_common_all.o)
                0x0000000008000674                dac_set_waveform_generation
 .text.dac_disable_waveform_generation
                0x00000000080006a8        0xa ./libopencm3//lib/libopencm3_stm32f0.a(dac_common_all.o)
                0x00000000080006a8                dac_disable_waveform_generation
 *fill*         0x00000000080006b2        0x2 
 .text.dac_buffer_enable
                0x00000000080006b4       0x2c ./libopencm3//lib/libopencm3_stm32f0.a(dac_common_v1.o)
                0x00000000080006b4                dac_buffer_enable
 .text.gpio_toggle
                0x00000000080006e0       0x10 ./libopencm3//lib/libopencm3_stm32f0.a(gpio_common_all.o)
                0x00000000080006e0                gpio_toggle
 .text.gpio_mode_setup
                0x00000000080006f0       0x40 ./libopencm3//lib/libopencm3_stm32f0.a(gpio_common_f0234.o)
                0x00000000080006f0                gpio_mode_setup
 .text.gpio_set_output_options
                0x0000000008000730       0x3c ./libopencm3//lib/libopencm3_stm32f0.a(gpio_common_f0234.o)
                0x0000000008000730                gpio_set_output_options
 .text.gpio_set_af
                0x000000000800076c       0x58 ./libopencm3//lib/libopencm3_stm32f0.a(gpio_common_f0234.o)
                0x000000000800076c                gpio_set_af
 .text.rcc_is_osc_ready
                0x00000000080007c4       0x54 ./libopencm3//lib/libopencm3_stm32f0.a(rcc.o)
                0x00000000080007c4                rcc_is_osc_ready
 .text.rcc_wait_for_osc_ready
                0x0000000008000818       0x10 ./libopencm3//lib/libopencm3_stm32f0.a(rcc.o)
                0x0000000008000818                rcc_wait_for_osc_ready
 .text.rcc_osc_on
                0x0000000008000828       0x54 ./libopencm3//lib/libopencm3_stm32f0.a(rcc.o)
                0x0000000008000828                rcc_osc_on
 .text.rcc_set_sysclk_source
                0x000000000800087c       0x4c ./libopencm3//lib/libopencm3_stm32f0.a(rcc.o)
                0x000000000800087c                rcc_set_sysclk_source
 .text.rcc_set_pll_multiplication_factor
                0x00000000080008c8       0x18 ./libopencm3//lib/libopencm3_stm32f0.a(rcc.o)
                0x00000000080008c8                rcc_set_pll_multiplication_factor
 .text.rcc_set_pll_source
                0x00000000080008e0       0x18 ./libopencm3//lib/libopencm3_stm32f0.a(rcc.o)
                0x00000000080008e0                rcc_set_pll_source
 .text.rcc_set_ppre
                0x00000000080008f8       0x18 ./libopencm3//lib/libopencm3_stm32f0.a(rcc.o)
                0x00000000080008f8                rcc_set_ppre
 .text.rcc_set_hpre
                0x0000000008000910       0x14 ./libopencm3//lib/libopencm3_stm32f0.a(rcc.o)
                0x0000000008000910                rcc_set_hpre
 .text.rcc_clock_setup_in_hsi_out_48mhz
                0x0000000008000924       0x64 ./libopencm3//lib/libopencm3_stm32f0.a(rcc.o)
                0x0000000008000924                rcc_clock_setup_in_hsi_out_48mhz
 .text.rcc_periph_clock_enable
                0x0000000008000988       0x1c ./libopencm3//lib/libopencm3_stm32f0.a(rcc_common_all.o)
                0x0000000008000988                rcc_periph_clock_enable
 .text.rcc_periph_reset_pulse
                0x00000000080009a4       0x20 ./libopencm3//lib/libopencm3_stm32f0.a(rcc_common_all.o)
                0x00000000080009a4                rcc_periph_reset_pulse
 .text.spi_reset
                0x00000000080009c4       0x28 ./libopencm3//lib/libopencm3_stm32f0.a(spi_common_all.o)
                0x00000000080009c4                spi_reset
 .text.spi_enable
                0x00000000080009ec        0xa ./libopencm3//lib/libopencm3_stm32f0.a(spi_common_all.o)
                0x00000000080009ec                spi_enable
 .text.spi_send
                0x00000000080009f6        0xc ./libopencm3//lib/libopencm3_stm32f0.a(spi_common_all.o)
                0x00000000080009f6                spi_send
 .text.spi_read
                0x0000000008000a02        0xe ./libopencm3//lib/libopencm3_stm32f0.a(spi_common_all.o)
                0x0000000008000a02                spi_read
 .text.spi_enable_software_slave_management
                0x0000000008000a10       0x14 ./libopencm3//lib/libopencm3_stm32f0.a(spi_common_all.o)
                0x0000000008000a10                spi_enable_software_slave_management
 .text.spi_set_nss_high
                0x0000000008000a24        0xc ./libopencm3//lib/libopencm3_stm32f0.a(spi_common_all.o)
                0x0000000008000a24                spi_set_nss_high
 .text.spi_init_master
                0x0000000008000a30       0x24 ./libopencm3//lib/libopencm3_stm32f0.a(spi_common_v2.o)
                0x0000000008000a30                spi_init_master
 .text.spi_set_data_size
                0x0000000008000a54       0x18 ./libopencm3//lib/libopencm3_stm32f0.a(spi_common_v2.o)
                0x0000000008000a54                spi_set_data_size
 .text.timer_enable_irq
                0x0000000008000a6c        0x8 ./libopencm3//lib/libopencm3_stm32f0.a(timer_common_all.o)
                0x0000000008000a6c                timer_enable_irq
 .text.timer_set_prescaler
                0x0000000008000a74        0x4 ./libopencm3//lib/libopencm3_stm32f0.a(timer_common_all.o)
                0x0000000008000a74                timer_set_prescaler
 .text.timer_set_period
                0x0000000008000a78        0x4 ./libopencm3//lib/libopencm3_stm32f0.a(timer_common_all.o)
                0x0000000008000a78                timer_set_period
 .text.timer_set_oc_mode
                0x0000000008000a7c      0x180 ./libopencm3//lib/libopencm3_stm32f0.a(timer_common_all.o)
                0x0000000008000a7c                timer_set_oc_mode
 .text.timer_enable_oc_output
                0x0000000008000bfc       0x3e ./libopencm3//lib/libopencm3_stm32f0.a(timer_common_all.o)
                0x0000000008000bfc                timer_enable_oc_output
 .text.timer_set_oc_value
                0x0000000008000c3a       0x26 ./libopencm3//lib/libopencm3_stm32f0.a(timer_common_all.o)
                0x0000000008000c3a                timer_set_oc_value
 .text.timer_enable_break_main_output
                0x0000000008000c60        0xc ./libopencm3//lib/libopencm3_stm32f0.a(timer_common_all.o)
                0x0000000008000c60                timer_enable_break_main_output
 .text.timer_generate_event
                0x0000000008000c6c        0x8 ./libopencm3//lib/libopencm3_stm32f0.a(timer_common_all.o)
                0x0000000008000c6c                timer_generate_event
 .text.usart_set_baudrate
                0x0000000008000c74       0x18 ./libopencm3//lib/libopencm3_stm32f0.a(usart_common_all.o)
                0x0000000008000c74                usart_set_baudrate
 .text.usart_set_databits
                0x0000000008000c8c       0x1c ./libopencm3//lib/libopencm3_stm32f0.a(usart_common_all.o)
                0x0000000008000c8c                usart_set_databits
 .text.usart_set_stopbits
                0x0000000008000ca8       0x10 ./libopencm3//lib/libopencm3_stm32f0.a(usart_common_all.o)
                0x0000000008000ca8                usart_set_stopbits
 .text.usart_set_parity
                0x0000000008000cb8       0x10 ./libopencm3//lib/libopencm3_stm32f0.a(usart_common_all.o)
                0x0000000008000cb8                usart_set_parity
 .text.usart_set_mode
                0x0000000008000cc8        0xc ./libopencm3//lib/libopencm3_stm32f0.a(usart_common_all.o)
                0x0000000008000cc8                usart_set_mode
 .text.usart_set_flow_control
                0x0000000008000cd4       0x10 ./libopencm3//lib/libopencm3_stm32f0.a(usart_common_all.o)
                0x0000000008000cd4                usart_set_flow_control
 .text.usart_enable
                0x0000000008000ce4        0xa ./libopencm3//lib/libopencm3_stm32f0.a(usart_common_all.o)
                0x0000000008000ce4                usart_enable
 .text.usart_send_blocking
                0x0000000008000cee       0x14 ./libopencm3//lib/libopencm3_stm32f0.a(usart_common_all.o)
                0x0000000008000cee                usart_send_blocking
 .text.usart_enable_tx_interrupt
                0x0000000008000d02        0xa ./libopencm3//lib/libopencm3_stm32f0.a(usart_common_all.o)
                0x0000000008000d02                usart_enable_tx_interrupt
 .text.usart_disable_tx_interrupt
                0x0000000008000d0c        0xa ./libopencm3//lib/libopencm3_stm32f0.a(usart_common_all.o)
                0x0000000008000d0c                usart_disable_tx_interrupt
 .text.usart_send
                0x0000000008000d16        0x8 ./libopencm3//lib/libopencm3_stm32f0.a(usart_common_v2.o)
                0x0000000008000d16                usart_send
 .text.usart_wait_send_ready
                0x0000000008000d1e        0xa ./libopencm3//lib/libopencm3_stm32f0.a(usart_common_v2.o)
                0x0000000008000d1e                usart_wait_send_ready
 .text.blocking_handler
                0x0000000008000d28        0x2 ./libopencm3//lib/libopencm3_stm32f0.a(vector.o)
                0x0000000008000d28                exti0_1_isr
                0x0000000008000d28                rtc_isr
                0x0000000008000d28                tim7_isr
                0x0000000008000d28                dma1_channel4_7_dma2_channel3_5_isr
                0x0000000008000d28                blocking_handler
                0x0000000008000d28                tsc_isr
                0x0000000008000d28                spi1_isr
                0x0000000008000d28                i2c1_isr
                0x0000000008000d28                tim17_isr
                0x0000000008000d28                i2c2_isr
                0x0000000008000d28                usart1_isr
                0x0000000008000d28                usart3_4_isr
                0x0000000008000d28                tim1_cc_isr
                0x0000000008000d28                exti2_3_isr
                0x0000000008000d28                tim16_isr
                0x0000000008000d28                pvd_isr
                0x0000000008000d28                rcc_isr
                0x0000000008000d28                flash_isr
                0x0000000008000d28                hard_fault_handler
                0x0000000008000d28                tim14_isr
                0x0000000008000d28                spi2_isr
                0x0000000008000d28                usb_isr
                0x0000000008000d28                tim15_isr
                0x0000000008000d28                tim3_isr
                0x0000000008000d28                usart2_isr
                0x0000000008000d28                adc_comp_isr
                0x0000000008000d28                dma1_channel1_isr
                0x0000000008000d28                tim6_dac_isr
                0x0000000008000d28                tim1_brk_up_trg_com_isr
                0x0000000008000d28                exti4_15_isr
                0x0000000008000d28                cec_can_isr
                0x0000000008000d28                wwdg_isr
                0x0000000008000d28                tim2_isr
                0x0000000008000d28                dma1_channel2_3_dma2_channel1_2_isr
 .text.null_handler
                0x0000000008000d2a        0x2 ./libopencm3//lib/libopencm3_stm32f0.a(vector.o)
                0x0000000008000d2a                null_handler
                0x0000000008000d2a                sv_call_handler
                0x0000000008000d2a                pend_sv_handler
                0x0000000008000d2a                sys_tick_handler
                0x0000000008000d2a                nmi_handler
 .text.reset_handler
                0x0000000008000d2c       0x88 ./libopencm3//lib/libopencm3_stm32f0.a(vector.o)
                0x0000000008000d2c                reset_handler
 .text.nvic_enable_irq
                0x0000000008000db4       0x18 ./libopencm3//lib/libopencm3_stm32f0.a(nvic.o)
                0x0000000008000db4                nvic_enable_irq
 .text.flash_prefetch_enable
                0x0000000008000dcc       0x10 ./libopencm3//lib/libopencm3_stm32f0.a(flash_common_all.o)
                0x0000000008000dcc                flash_prefetch_enable
 .text.flash_set_ws
                0x0000000008000ddc       0x14 ./libopencm3//lib/libopencm3_stm32f0.a(flash_common_all.o)
                0x0000000008000ddc                flash_set_ws
 .text.snprintf
                0x0000000008000df0       0x84 /usr/local/Cellar/arm-gcc-bin@10/10.3-2021.10/bin/../lib/gcc/arm-none-eabi/10.3.1/../../../../arm-none-eabi/lib/thumb/v6-m/nofp/libc.a(lib_a-snprintf.o)
                0x0000000008000df0                snprintf
 .text.strlen   0x0000000008000e74       0x5c /usr/local/Cellar/arm-gcc-bin@10/10.3-2021.10/bin/../lib/gcc/arm-none-eabi/10.3.1/../../../../arm-none-eabi/lib/thumb/v6-m/nofp/libc.a(lib_a-strlen-stub.o)
                0x0000000008000e74                strlen
 .text._svfprintf_r
                0x0000000008000ed0     0x1bd4 /usr/local/Cellar/arm-gcc-bin@10/10.3-2021.10/bin/../lib/gcc/arm-none-eabi/10.3.1/../../../../arm-none-eabi/lib/thumb/v6-m/nofp/libc.a(lib_a-svfprintf.o)
                0x0000000008000ed0                _svfprintf_r
 .text.quorem   0x0000000008002aa4      0x148 /usr/local/Cellar/arm-gcc-bin@10/10.3-2021.10/bin/../lib/gcc/arm-none-eabi/10.3.1/../../../../arm-none-eabi/lib/thumb/v6-m/nofp/libc.a(lib_a-dtoa.o)
 .text._dtoa_r  0x0000000008002bec      0xfbc /usr/local/Cellar/arm-gcc-bin@10/10.3-2021.10/bin/../lib/gcc/arm-none-eabi/10.3.1/../../../../arm-none-eabi/lib/thumb/v6-m/nofp/libc.a(lib_a-dtoa.o)
                0x0000000008002bec                _dtoa_r
 .text._malloc_trim_r
                0x0000000008003ba8       0x9c /usr/local/Cellar/arm-gcc-bin@10/10.3-2021.10/bin/../lib/gcc/arm-none-eabi/10.3.1/../../../../arm-none-eabi/lib/thumb/v6-m/nofp/libc.a(lib_a-freer.o)
                0x0000000008003ba8                _malloc_trim_r
 .text._free_r  0x0000000008003c44      0x1c4 /usr/local/Cellar/arm-gcc-bin@10/10.3-2021.10/bin/../lib/gcc/arm-none-eabi/10.3.1/../../../../arm-none-eabi/lib/thumb/v6-m/nofp/libc.a(lib_a-freer.o)
                0x0000000008003c44                _free_r
 .text._localeconv_r
                0x0000000008003e08        0x8 /usr/local/Cellar/arm-gcc-bin@10/10.3-2021.10/bin/../lib/gcc/arm-none-eabi/10.3.1/../../../../arm-none-eabi/lib/thumb/v6-m/nofp/libc.a(lib_a-localeconv.o)
                0x0000000008003e08                _localeconv_r
 .text._malloc_r
                0x0000000008003e10      0x584 /usr/local/Cellar/arm-gcc-bin@10/10.3-2021.10/bin/../lib/gcc/arm-none-eabi/10.3.1/../../../../arm-none-eabi/lib/thumb/v6-m/nofp/libc.a(lib_a-mallocr.o)
                0x0000000008003e10                _malloc_r
 .text.memchr   0x0000000008004394       0x74 /usr/local/Cellar/arm-gcc-bin@10/10.3-2021.10/bin/../lib/gcc/arm-none-eabi/10.3.1/../../../../arm-none-eabi/lib/thumb/v6-m/nofp/libc.a(lib_a-memchr-stub.o)
                0x0000000008004394                memchr
 .text.memcpy   0x0000000008004408       0xa4 /usr/local/Cellar/arm-gcc-bin@10/10.3-2021.10/bin/../lib/gcc/arm-none-eabi/10.3.1/../../../../arm-none-eabi/lib/thumb/v6-m/nofp/libc.a(lib_a-memcpy-stub.o)
                0x0000000008004408                memcpy
 .text.__malloc_lock
                0x00000000080044ac       0x10 /usr/local/Cellar/arm-gcc-bin@10/10.3-2021.10/bin/../lib/gcc/arm-none-eabi/10.3.1/../../../../arm-none-eabi/lib/thumb/v6-m/nofp/libc.a(lib_a-mlock.o)
                0x00000000080044ac                __malloc_lock
 .text.__malloc_unlock
                0x00000000080044bc       0x10 /usr/local/Cellar/arm-gcc-bin@10/10.3-2021.10/bin/../lib/gcc/arm-none-eabi/10.3.1/../../../../arm-none-eabi/lib/thumb/v6-m/nofp/libc.a(lib_a-mlock.o)
                0x00000000080044bc                __malloc_unlock
 .text._Balloc  0x00000000080044cc       0x50 /usr/local/Cellar/arm-gcc-bin@10/10.3-2021.10/bin/../lib/gcc/arm-none-eabi/10.3.1/../../../../arm-none-eabi/lib/thumb/v6-m/nofp/libc.a(lib_a-mprec.o)
                0x00000000080044cc                _Balloc
 .text._Bfree   0x000000000800451c       0x14 /usr/local/Cellar/arm-gcc-bin@10/10.3-2021.10/bin/../lib/gcc/arm-none-eabi/10.3.1/../../../../arm-none-eabi/lib/thumb/v6-m/nofp/libc.a(lib_a-mprec.o)
                0x000000000800451c                _Bfree
 .text.__multadd
                0x0000000008004530       0xa8 /usr/local/Cellar/arm-gcc-bin@10/10.3-2021.10/bin/../lib/gcc/arm-none-eabi/10.3.1/../../../../arm-none-eabi/lib/thumb/v6-m/nofp/libc.a(lib_a-mprec.o)
                0x0000000008004530                __multadd
 .text.__hi0bits
                0x00000000080045d8       0x38 /usr/local/Cellar/arm-gcc-bin@10/10.3-2021.10/bin/../lib/gcc/arm-none-eabi/10.3.1/../../../../arm-none-eabi/lib/thumb/v6-m/nofp/libc.a(lib_a-mprec.o)
                0x00000000080045d8                __hi0bits
 .text.__lo0bits
                0x0000000008004610       0x5c /usr/local/Cellar/arm-gcc-bin@10/10.3-2021.10/bin/../lib/gcc/arm-none-eabi/10.3.1/../../../../arm-none-eabi/lib/thumb/v6-m/nofp/libc.a(lib_a-mprec.o)
                0x0000000008004610                __lo0bits
 .text.__i2b    0x000000000800466c       0x60 /usr/local/Cellar/arm-gcc-bin@10/10.3-2021.10/bin/../lib/gcc/arm-none-eabi/10.3.1/../../../../arm-none-eabi/lib/thumb/v6-m/nofp/libc.a(lib_a-mprec.o)
                0x000000000800466c                __i2b
 .text.__multiply
                0x00000000080046cc      0x1a4 /usr/local/Cellar/arm-gcc-bin@10/10.3-2021.10/bin/../lib/gcc/arm-none-eabi/10.3.1/../../../../arm-none-eabi/lib/thumb/v6-m/nofp/libc.a(lib_a-mprec.o)
                0x00000000080046cc                __multiply
 .text.__pow5mult
                0x0000000008004870       0xd8 /usr/local/Cellar/arm-gcc-bin@10/10.3-2021.10/bin/../lib/gcc/arm-none-eabi/10.3.1/../../../../arm-none-eabi/lib/thumb/v6-m/nofp/libc.a(lib_a-mprec.o)
                0x0000000008004870                __pow5mult
 .text.__lshift
                0x0000000008004948       0xfc /usr/local/Cellar/arm-gcc-bin@10/10.3-2021.10/bin/../lib/gcc/arm-none-eabi/10.3.1/../../../../arm-none-eabi/lib/thumb/v6-m/nofp/libc.a(lib_a-mprec.o)
                0x0000000008004948                __lshift
 .text.__mcmp   0x0000000008004a44       0x34 /usr/local/Cellar/arm-gcc-bin@10/10.3-2021.10/bin/../lib/gcc/arm-none-eabi/10.3.1/../../../../arm-none-eabi/lib/thumb/v6-m/nofp/libc.a(lib_a-mprec.o)
                0x0000000008004a44                __mcmp
 .text.__mdiff  0x0000000008004a78      0x18c /usr/local/Cellar/arm-gcc-bin@10/10.3-2021.10/bin/../lib/gcc/arm-none-eabi/10.3.1/../../../../arm-none-eabi/lib/thumb/v6-m/nofp/libc.a(lib_a-mprec.o)
                0x0000000008004a78                __mdiff
 .text.__d2b    0x0000000008004c04       0xd8 /usr/local/Cellar/arm-gcc-bin@10/10.3-2021.10/bin/../lib/gcc/arm-none-eabi/10.3.1/../../../../arm-none-eabi/lib/thumb/v6-m/nofp/libc.a(lib_a-mprec.o)
                0x0000000008004c04                __d2b
 .text.frexp    0x0000000008004cdc       0x64 /usr/local/Cellar/arm-gcc-bin@10/10.3-2021.10/bin/../lib/gcc/arm-none-eabi/10.3.1/../../../../arm-none-eabi/lib/thumb/v6-m/nofp/libc.a(lib_a-s_frexp.o)
                0x0000000008004cdc                frexp
 .text._sbrk_r  0x0000000008004d40       0x24 /usr/local/Cellar/arm-gcc-bin@10/10.3-2021.10/bin/../lib/gcc/arm-none-eabi/10.3.1/../../../../arm-none-eabi/lib/thumb/v6-m/nofp/libc.a(lib_a-sbrkr.o)
                0x0000000008004d40                _sbrk_r
 .text.strncpy  0x0000000008004d64       0x6c /usr/local/Cellar/arm-gcc-bin@10/10.3-2021.10/bin/../lib/gcc/arm-none-eabi/10.3.1/../../../../arm-none-eabi/lib/thumb/v6-m/nofp/libc.a(lib_a-strncpy.o)
                0x0000000008004d64                strncpy
 .text.__ssprint_r
                0x0000000008004dd0      0x114 /usr/local/Cellar/arm-gcc-bin@10/10.3-2021.10/bin/../lib/gcc/arm-none-eabi/10.3.1/../../../../arm-none-eabi/lib/thumb/v6-m/nofp/libc.a(lib_a-svfiprintf.o)
                0x0000000008004dd0                __ssprint_r
 .text.__assert_func
                0x0000000008004ee4       0x40 /usr/local/Cellar/arm-gcc-bin@10/10.3-2021.10/bin/../lib/gcc/arm-none-eabi/10.3.1/../../../../arm-none-eabi/lib/thumb/v6-m/nofp/libc.a(lib_a-assert.o)
                0x0000000008004ee4                __assert_func
 .text._calloc_r
                0x0000000008004f24       0x9c /usr/local/Cellar/arm-gcc-bin@10/10.3-2021.10/bin/../lib/gcc/arm-none-eabi/10.3.1/../../../../arm-none-eabi/lib/thumb/v6-m/nofp/libc.a(lib_a-callocr.o)
                0x0000000008004f24                _calloc_r
 .text.__errno  0x0000000008004fc0        0xc /usr/local/Cellar/arm-gcc-bin@10/10.3-2021.10/bin/../lib/gcc/arm-none-eabi/10.3.1/../../../../arm-none-eabi/lib/thumb/v6-m/nofp/libc.a(lib_a-errno.o)
                0x0000000008004fc0                __errno
 .text.fiprintf
                0x0000000008004fcc       0x24 /usr/local/Cellar/arm-gcc-bin@10/10.3-2021.10/bin/../lib/gcc/arm-none-eabi/10.3.1/../../../../arm-none-eabi/lib/thumb/v6-m/nofp/libc.a(lib_a-fiprintf.o)
                0x0000000008004fcc                fiprintf
 .text.__locale_mb_cur_max
                0x0000000008004ff0       0x10 /usr/local/Cellar/arm-gcc-bin@10/10.3-2021.10/bin/../lib/gcc/arm-none-eabi/10.3.1/../../../../arm-none-eabi/lib/thumb/v6-m/nofp/libc.a(lib_a-locale.o)
                0x0000000008004ff0                __locale_mb_cur_max
 .text.__retarget_lock_init_recursive
                0x0000000008005000        0x4 /usr/local/Cellar/arm-gcc-bin@10/10.3-2021.10/bin/../lib/gcc/arm-none-eabi/10.3.1/../../../../arm-none-eabi/lib/thumb/v6-m/nofp/libc.a(lib_a-lock.o)
                0x0000000008005000                __retarget_lock_init_recursive
 .text.__retarget_lock_close_recursive
                0x0000000008005004        0x4 /usr/local/Cellar/arm-gcc-bin@10/10.3-2021.10/bin/../lib/gcc/arm-none-eabi/10.3.1/../../../../arm-none-eabi/lib/thumb/v6-m/nofp/libc.a(lib_a-lock.o)
                0x0000000008005004                __retarget_lock_close_recursive
 .text.__retarget_lock_acquire_recursive
                0x0000000008005008        0x4 /usr/local/Cellar/arm-gcc-bin@10/10.3-2021.10/bin/../lib/gcc/arm-none-eabi/10.3.1/../../../../arm-none-eabi/lib/thumb/v6-m/nofp/libc.a(lib_a-lock.o)
                0x0000000008005008                __retarget_lock_acquire_recursive
 .text.__retarget_lock_release_recursive
                0x000000000800500c        0x4 /usr/local/Cellar/arm-gcc-bin@10/10.3-2021.10/bin/../lib/gcc/arm-none-eabi/10.3.1/../../../../arm-none-eabi/lib/thumb/v6-m/nofp/libc.a(lib_a-lock.o)
                0x000000000800500c                __retarget_lock_release_recursive
 .text.__ascii_mbtowc
                0x0000000008005010       0x2c /usr/local/Cellar/arm-gcc-bin@10/10.3-2021.10/bin/../lib/gcc/arm-none-eabi/10.3.1/../../../../arm-none-eabi/lib/thumb/v6-m/nofp/libc.a(lib_a-mbtowc_r.o)
                0x0000000008005010                __ascii_mbtowc
 .text.memmove  0x000000000800503c       0xac /usr/local/Cellar/arm-gcc-bin@10/10.3-2021.10/bin/../lib/gcc/arm-none-eabi/10.3.1/../../../../arm-none-eabi/lib/thumb/v6-m/nofp/libc.a(lib_a-memmove.o)
                0x000000000800503c                memmove
 .text.memset   0x00000000080050e8       0xa8 /usr/local/Cellar/arm-gcc-bin@10/10.3-2021.10/bin/../lib/gcc/arm-none-eabi/10.3.1/../../../../arm-none-eabi/lib/thumb/v6-m/nofp/libc.a(lib_a-memset.o)
                0x00000000080050e8                memset
 .text._realloc_r
                0x0000000008005190      0x354 /usr/local/Cellar/arm-gcc-bin@10/10.3-2021.10/bin/../lib/gcc/arm-none-eabi/10.3.1/../../../../arm-none-eabi/lib/thumb/v6-m/nofp/libc.a(lib_a-reallocr.o)
                0x0000000008005190                _realloc_r
 .text.__sprint_r.part.0
                0x00000000080054e4       0x88 /usr/local/Cellar/arm-gcc-bin@10/10.3-2021.10/bin/../lib/gcc/arm-none-eabi/10.3.1/../../../../arm-none-eabi/lib/thumb/v6-m/nofp/libc.a(lib_a-vfiprintf.o)
 .text._vfiprintf_r
                0x000000000800556c      0xdb8 /usr/local/Cellar/arm-gcc-bin@10/10.3-2021.10/bin/../lib/gcc/arm-none-eabi/10.3.1/../../../../arm-none-eabi/lib/thumb/v6-m/nofp/libc.a(lib_a-vfiprintf.o)
                0x000000000800556c                _vfiprintf_r
 .text.__sbprintf
                0x0000000008006324       0x8c /usr/local/Cellar/arm-gcc-bin@10/10.3-2021.10/bin/../lib/gcc/arm-none-eabi/10.3.1/../../../../arm-none-eabi/lib/thumb/v6-m/nofp/libc.a(lib_a-vfiprintf.o)
 .text.__ascii_wctomb
                0x00000000080063b0       0x1c /usr/local/Cellar/arm-gcc-bin@10/10.3-2021.10/bin/../lib/gcc/arm-none-eabi/10.3.1/../../../../arm-none-eabi/lib/thumb/v6-m/nofp/libc.a(lib_a-wctomb_r.o)
                0x00000000080063b0                __ascii_wctomb
 .text.__swsetup_r
                0x00000000080063cc       0xdc /usr/local/Cellar/arm-gcc-bin@10/10.3-2021.10/bin/../lib/gcc/arm-none-eabi/10.3.1/../../../../arm-none-eabi/lib/thumb/v6-m/nofp/libc.a(lib_a-wsetup.o)
                0x00000000080063cc                __swsetup_r
 .text.abort    0x00000000080064a8       0x10 /usr/local/Cellar/arm-gcc-bin@10/10.3-2021.10/bin/../lib/gcc/arm-none-eabi/10.3.1/../../../../arm-none-eabi/lib/thumb/v6-m/nofp/libc.a(lib_a-abort.o)
                0x00000000080064a8                abort
 .text.__sflush_r
                0x00000000080064b8      0x140 /usr/local/Cellar/arm-gcc-bin@10/10.3-2021.10/bin/../lib/gcc/arm-none-eabi/10.3.1/../../../../arm-none-eabi/lib/thumb/v6-m/nofp/libc.a(lib_a-fflush.o)
                0x00000000080064b8                __sflush_r
 .text._fflush_r
                0x00000000080065f8       0x6c /usr/local/Cellar/arm-gcc-bin@10/10.3-2021.10/bin/../lib/gcc/arm-none-eabi/10.3.1/../../../../arm-none-eabi/lib/thumb/v6-m/nofp/libc.a(lib_a-fflush.o)
                0x00000000080065f8                _fflush_r
 .text._cleanup_r
                0x0000000008006664       0x10 /usr/local/Cellar/arm-gcc-bin@10/10.3-2021.10/bin/../lib/gcc/arm-none-eabi/10.3.1/../../../../arm-none-eabi/lib/thumb/v6-m/nofp/libc.a(lib_a-findfp.o)
                0x0000000008006664                _cleanup_r
 .text.__sinit  0x0000000008006674      0x120 /usr/local/Cellar/arm-gcc-bin@10/10.3-2021.10/bin/../lib/gcc/arm-none-eabi/10.3.1/../../../../arm-none-eabi/lib/thumb/v6-m/nofp/libc.a(lib_a-findfp.o)
                0x0000000008006674                __sinit
 .text.__sfp_lock_acquire
                0x0000000008006794       0x10 /usr/local/Cellar/arm-gcc-bin@10/10.3-2021.10/bin/../lib/gcc/arm-none-eabi/10.3.1/../../../../arm-none-eabi/lib/thumb/v6-m/nofp/libc.a(lib_a-findfp.o)
                0x0000000008006794                __sfp_lock_acquire
 .text.__sfp_lock_release
                0x00000000080067a4       0x10 /usr/local/Cellar/arm-gcc-bin@10/10.3-2021.10/bin/../lib/gcc/arm-none-eabi/10.3.1/../../../../arm-none-eabi/lib/thumb/v6-m/nofp/libc.a(lib_a-findfp.o)
                0x00000000080067a4                __sfp_lock_release
 .text.__fputwc
                0x00000000080067b4       0x98 /usr/local/Cellar/arm-gcc-bin@10/10.3-2021.10/bin/../lib/gcc/arm-none-eabi/10.3.1/../../../../arm-none-eabi/lib/thumb/v6-m/nofp/libc.a(lib_a-fputwc.o)
                0x00000000080067b4                __fputwc
 .text._fputwc_r
                0x000000000800684c       0x5c /usr/local/Cellar/arm-gcc-bin@10/10.3-2021.10/bin/../lib/gcc/arm-none-eabi/10.3.1/../../../../arm-none-eabi/lib/thumb/v6-m/nofp/libc.a(lib_a-fputwc.o)
                0x000000000800684c                _fputwc_r
 .text.__sfvwrite_r
                0x00000000080068a8      0x2f4 /usr/local/Cellar/arm-gcc-bin@10/10.3-2021.10/bin/../lib/gcc/arm-none-eabi/10.3.1/../../../../arm-none-eabi/lib/thumb/v6-m/nofp/libc.a(lib_a-fvwrite.o)
                0x00000000080068a8                __sfvwrite_r
 .text._fwalk_reent
                0x0000000008006b9c       0x48 /usr/local/Cellar/arm-gcc-bin@10/10.3-2021.10/bin/../lib/gcc/arm-none-eabi/10.3.1/../../../../arm-none-eabi/lib/thumb/v6-m/nofp/libc.a(lib_a-fwalk.o)
                0x0000000008006b9c                _fwalk_reent
 .text.__smakebuf_r
                0x0000000008006be4       0xe4 /usr/local/Cellar/arm-gcc-bin@10/10.3-2021.10/bin/../lib/gcc/arm-none-eabi/10.3.1/../../../../arm-none-eabi/lib/thumb/v6-m/nofp/libc.a(lib_a-makebuf.o)
                0x0000000008006be4                __smakebuf_r
 .text.raise    0x0000000008006cc8       0x60 /usr/local/Cellar/arm-gcc-bin@10/10.3-2021.10/bin/../lib/gcc/arm-none-eabi/10.3.1/../../../../arm-none-eabi/lib/thumb/v6-m/nofp/libc.a(lib_a-signal.o)
                0x0000000008006cc8                raise
 .text._kill_r  0x0000000008006d28       0x28 /usr/local/Cellar/arm-gcc-bin@10/10.3-2021.10/bin/../lib/gcc/arm-none-eabi/10.3.1/../../../../arm-none-eabi/lib/thumb/v6-m/nofp/libc.a(lib_a-signalr.o)
                0x0000000008006d28                _kill_r
 .text._getpid_r
                0x0000000008006d50        0x8 /usr/local/Cellar/arm-gcc-bin@10/10.3-2021.10/bin/../lib/gcc/arm-none-eabi/10.3.1/../../../../arm-none-eabi/lib/thumb/v6-m/nofp/libc.a(lib_a-signalr.o)
                0x0000000008006d50                _getpid_r
 .text.__sread  0x0000000008006d58       0x28 /usr/local/Cellar/arm-gcc-bin@10/10.3-2021.10/bin/../lib/gcc/arm-none-eabi/10.3.1/../../../../arm-none-eabi/lib/thumb/v6-m/nofp/libc.a(lib_a-stdio.o)
                0x0000000008006d58                __sread
 .text.__swrite
                0x0000000008006d80       0x40 /usr/local/Cellar/arm-gcc-bin@10/10.3-2021.10/bin/../lib/gcc/arm-none-eabi/10.3.1/../../../../arm-none-eabi/lib/thumb/v6-m/nofp/libc.a(lib_a-stdio.o)
                0x0000000008006d80                __swrite
 .text.__sseek  0x0000000008006dc0       0x2c /usr/local/Cellar/arm-gcc-bin@10/10.3-2021.10/bin/../lib/gcc/arm-none-eabi/10.3.1/../../../../arm-none-eabi/lib/thumb/v6-m/nofp/libc.a(lib_a-stdio.o)
                0x0000000008006dc0                __sseek
 .text.__sclose
                0x0000000008006dec        0xc /usr/local/Cellar/arm-gcc-bin@10/10.3-2021.10/bin/../lib/gcc/arm-none-eabi/10.3.1/../../../../arm-none-eabi/lib/thumb/v6-m/nofp/libc.a(lib_a-stdio.o)
                0x0000000008006dec                __sclose
 .text.__swbuf_r
                0x0000000008006df8       0xc8 /usr/local/Cellar/arm-gcc-bin@10/10.3-2021.10/bin/../lib/gcc/arm-none-eabi/10.3.1/../../../../arm-none-eabi/lib/thumb/v6-m/nofp/libc.a(lib_a-wbuf.o)
                0x0000000008006df8                __swbuf_r
 .text._wcrtomb_r
                0x0000000008006ec0       0x40 /usr/local/Cellar/arm-gcc-bin@10/10.3-2021.10/bin/../lib/gcc/arm-none-eabi/10.3.1/../../../../arm-none-eabi/lib/thumb/v6-m/nofp/libc.a(lib_a-wcrtomb.o)
                0x0000000008006ec0                _wcrtomb_r
 .text._write_r
                0x0000000008006f00       0x28 /usr/local/Cellar/arm-gcc-bin@10/10.3-2021.10/bin/../lib/gcc/arm-none-eabi/10.3.1/../../../../arm-none-eabi/lib/thumb/v6-m/nofp/libc.a(lib_a-writer.o)
                0x0000000008006f00                _write_r
 .text._close_r
                0x0000000008006f28       0x24 /usr/local/Cellar/arm-gcc-bin@10/10.3-2021.10/bin/../lib/gcc/arm-none-eabi/10.3.1/../../../../arm-none-eabi/lib/thumb/v6-m/nofp/libc.a(lib_a-closer.o)
                0x0000000008006f28                _close_r
 .text._fclose_r
                0x0000000008006f4c       0xdc /usr/local/Cellar/arm-gcc-bin@10/10.3-2021.10/bin/../lib/gcc/arm-none-eabi/10.3.1/../../../../arm-none-eabi/lib/thumb/v6-m/nofp/libc.a(lib_a-fclose.o)
                0x0000000008006f4c                _fclose_r
 .text._fstat_r
                0x0000000008007028       0x28 /usr/local/Cellar/arm-gcc-bin@10/10.3-2021.10/bin/../lib/gcc/arm-none-eabi/10.3.1/../../../../arm-none-eabi/lib/thumb/v6-m/nofp/libc.a(lib_a-fstatr.o)
                0x0000000008007028                _fstat_r
 .text._isatty_r
                0x0000000008007050       0x24 /usr/local/Cellar/arm-gcc-bin@10/10.3-2021.10/bin/../lib/gcc/arm-none-eabi/10.3.1/../../../../arm-none-eabi/lib/thumb/v6-m/nofp/libc.a(lib_a-isattyr.o)
                0x0000000008007050                _isatty_r
 .text._lseek_r
                0x0000000008007074       0x28 /usr/local/Cellar/arm-gcc-bin@10/10.3-2021.10/bin/../lib/gcc/arm-none-eabi/10.3.1/../../../../arm-none-eabi/lib/thumb/v6-m/nofp/libc.a(lib_a-lseekr.o)
                0x0000000008007074                _lseek_r
 .text._read_r  0x000000000800709c       0x28 /usr/local/Cellar/arm-gcc-bin@10/10.3-2021.10/bin/../lib/gcc/arm-none-eabi/10.3.1/../../../../arm-none-eabi/lib/thumb/v6-m/nofp/libc.a(lib_a-readr.o)
                0x000000000800709c                _read_r
 .text          0x00000000080070c4       0x14 /usr/local/Cellar/arm-gcc-bin@10/10.3-2021.10/bin/../lib/gcc/arm-none-eabi/10.3.1/thumb/v6-m/nofp/libgcc.a(_thumb1_case_uqi.o)
                0x00000000080070c4                __gnu_thumb1_case_uqi
 .text          0x00000000080070d8      0x114 /usr/local/Cellar/arm-gcc-bin@10/10.3-2021.10/bin/../lib/gcc/arm-none-eabi/10.3.1/thumb/v6-m/nofp/libgcc.a(_udivsi3.o)
                0x00000000080070d8                __udivsi3
                0x00000000080070d8                __aeabi_uidiv
                0x00000000080071e4                __aeabi_uidivmod
 .text          0x00000000080071ec      0x1d4 /usr/local/Cellar/arm-gcc-bin@10/10.3-2021.10/bin/../lib/gcc/arm-none-eabi/10.3.1/thumb/v6-m/nofp/libgcc.a(_divsi3.o)
                0x00000000080071ec                __aeabi_idiv
                0x00000000080071ec                __divsi3
                0x00000000080073b8                __aeabi_idivmod
 .text          0x00000000080073c0        0x4 /usr/local/Cellar/arm-gcc-bin@10/10.3-2021.10/bin/../lib/gcc/arm-none-eabi/10.3.1/thumb/v6-m/nofp/libgcc.a(_dvmd_tls.o)
                0x00000000080073c0                __aeabi_ldiv0
                0x00000000080073c0                __aeabi_idiv0
 .text          0x00000000080073c4       0x7c /usr/local/Cellar/arm-gcc-bin@10/10.3-2021.10/bin/../lib/gcc/arm-none-eabi/10.3.1/thumb/v6-m/nofp/libgcc.a(_arm_cmpdf2.o)
                0x00000000080073c4                __aeabi_cdrcmple
                0x00000000080073d4                __aeabi_cdcmple
                0x00000000080073d4                __aeabi_cdcmpeq
                0x00000000080073e4                __aeabi_dcmpeq
                0x00000000080073f0                __aeabi_dcmplt
                0x0000000008007404                __aeabi_dcmple
                0x0000000008007418                __aeabi_dcmpgt
                0x000000000800742c                __aeabi_dcmpge
 .text          0x0000000008007440       0x40 /usr/local/Cellar/arm-gcc-bin@10/10.3-2021.10/bin/../lib/gcc/arm-none-eabi/10.3.1/thumb/v6-m/nofp/libgcc.a(_aeabi_uldivmod.o)
                0x0000000008007440                __aeabi_uldivmod
 .text          0x0000000008007480      0x198 /usr/local/Cellar/arm-gcc-bin@10/10.3-2021.10/bin/../lib/gcc/arm-none-eabi/10.3.1/thumb/v6-m/nofp/libgcc.a(_udivmoddi4.o)
                0x0000000008007480                __udivmoddi4
 .text          0x0000000008007618      0x678 /usr/local/Cellar/arm-gcc-bin@10/10.3-2021.10/bin/../lib/gcc/arm-none-eabi/10.3.1/thumb/v6-m/nofp/libgcc.a(adddf3.o)
                0x0000000008007618                __aeabi_dadd
 .text          0x0000000008007c90      0x5ec /usr/local/Cellar/arm-gcc-bin@10/10.3-2021.10/bin/../lib/gcc/arm-none-eabi/10.3.1/thumb/v6-m/nofp/libgcc.a(divdf3.o)
                0x0000000008007c90                __aeabi_ddiv
 .text          0x000000000800827c       0x84 /usr/local/Cellar/arm-gcc-bin@10/10.3-2021.10/bin/../lib/gcc/arm-none-eabi/10.3.1/thumb/v6-m/nofp/libgcc.a(eqdf2.o)
                0x000000000800827c                __eqdf2
                0x000000000800827c                __nedf2
 .text          0x0000000008008300       0xcc /usr/local/Cellar/arm-gcc-bin@10/10.3-2021.10/bin/../lib/gcc/arm-none-eabi/10.3.1/thumb/v6-m/nofp/libgcc.a(gedf2.o)
                0x0000000008008300                __gtdf2
                0x0000000008008300                __gedf2
 .text          0x00000000080083cc       0xc8 /usr/local/Cellar/arm-gcc-bin@10/10.3-2021.10/bin/../lib/gcc/arm-none-eabi/10.3.1/thumb/v6-m/nofp/libgcc.a(ledf2.o)
                0x00000000080083cc                __ltdf2
                0x00000000080083cc                __ledf2
 .text          0x0000000008008494      0x4d8 /usr/local/Cellar/arm-gcc-bin@10/10.3-2021.10/bin/../lib/gcc/arm-none-eabi/10.3.1/thumb/v6-m/nofp/libgcc.a(muldf3.o)
                0x0000000008008494                __aeabi_dmul
 .text          0x000000000800896c      0x724 /usr/local/Cellar/arm-gcc-bin@10/10.3-2021.10/bin/../lib/gcc/arm-none-eabi/10.3.1/thumb/v6-m/nofp/libgcc.a(subdf3.o)
                0x000000000800896c                __aeabi_dsub
 .text          0x0000000008009090       0x3c /usr/local/Cellar/arm-gcc-bin@10/10.3-2021.10/bin/../lib/gcc/arm-none-eabi/10.3.1/thumb/v6-m/nofp/libgcc.a(unorddf2.o)
                0x0000000008009090                __aeabi_dcmpun
 .text          0x00000000080090cc       0x6c /usr/local/Cellar/arm-gcc-bin@10/10.3-2021.10/bin/../lib/gcc/arm-none-eabi/10.3.1/thumb/v6-m/nofp/libgcc.a(fixdfsi.o)
                0x00000000080090cc                __aeabi_d2iz
 .text          0x0000000008009138       0x60 /usr/local/Cellar/arm-gcc-bin@10/10.3-2021.10/bin/../lib/gcc/arm-none-eabi/10.3.1/thumb/v6-m/nofp/libgcc.a(floatsidf.o)
                0x0000000008009138                __aeabi_i2d
 .text          0x0000000008009198       0x4c /usr/local/Cellar/arm-gcc-bin@10/10.3-2021.10/bin/../lib/gcc/arm-none-eabi/10.3.1/thumb/v6-m/nofp/libgcc.a(floatunsidf.o)
                0x0000000008009198                __aeabi_ui2d
 .text          0x00000000080091e4       0x3c /usr/local/Cellar/arm-gcc-bin@10/10.3-2021.10/bin/../lib/gcc/arm-none-eabi/10.3.1/thumb/v6-m/nofp/libgcc.a(_clzsi2.o)
                0x00000000080091e4                __clzsi2
 .text          0x0000000008009220       0x18 /usr/local/Cellar/arm-gcc-bin@10/10.3-2021.10/bin/../lib/gcc/arm-none-eabi/10.3.1/thumb/v6-m/nofp/libgcc.a(_clzdi2.o)
                0x0000000008009220                __clzdi2
 .text._close   0x0000000008009238       0x10 /usr/local/Cellar/arm-gcc-bin@10/10.3-2021.10/bin/../lib/gcc/arm-none-eabi/10.3.1/../../../../arm-none-eabi/lib/thumb/v6-m/nofp/libnosys.a(close.o)
                0x0000000008009238                _close
 .text._fstat   0x0000000008009248       0x10 /usr/local/Cellar/arm-gcc-bin@10/10.3-2021.10/bin/../lib/gcc/arm-none-eabi/10.3.1/../../../../arm-none-eabi/lib/thumb/v6-m/nofp/libnosys.a(fstat.o)
                0x0000000008009248                _fstat
 .text._getpid  0x0000000008009258       0x10 /usr/local/Cellar/arm-gcc-bin@10/10.3-2021.10/bin/../lib/gcc/arm-none-eabi/10.3.1/../../../../arm-none-eabi/lib/thumb/v6-m/nofp/libnosys.a(getpid.o)
                0x0000000008009258                _getpid
 .text._isatty  0x0000000008009268       0x10 /usr/local/Cellar/arm-gcc-bin@10/10.3-2021.10/bin/../lib/gcc/arm-none-eabi/10.3.1/../../../../arm-none-eabi/lib/thumb/v6-m/nofp/libnosys.a(isatty.o)
                0x0000000008009268                _isatty
 .text._kill    0x0000000008009278       0x10 /usr/local/Cellar/arm-gcc-bin@10/10.3-2021.10/bin/../lib/gcc/arm-none-eabi/10.3.1/../../../../arm-none-eabi/lib/thumb/v6-m/nofp/libnosys.a(kill.o)
                0x0000000008009278                _kill
 .text._lseek   0x0000000008009288       0x10 /usr/local/Cellar/arm-gcc-bin@10/10.3-2021.10/bin/../lib/gcc/arm-none-eabi/10.3.1/../../../../arm-none-eabi/lib/thumb/v6-m/nofp/libnosys.a(lseek.o)
                0x0000000008009288                _lseek
 .text._read    0x0000000008009298       0x10 /usr/local/Cellar/arm-gcc-bin@10/10.3-2021.10/bin/../lib/gcc/arm-none-eabi/10.3.1/../../../../arm-none-eabi/lib/thumb/v6-m/nofp/libnosys.a(read.o)
                0x0000000008009298                _read
 .text._sbrk    0x00000000080092a8       0x1c /usr/local/Cellar/arm-gcc-bin@10/10.3-2021.10/bin/../lib/gcc/arm-none-eabi/10.3.1/../../../../arm-none-eabi/lib/thumb/v6-m/nofp/libnosys.a(sbrk.o)
                0x00000000080092a8                _sbrk
 .text._write   0x00000000080092c4       0x10 /usr/local/Cellar/arm-gcc-bin@10/10.3-2021.10/bin/../lib/gcc/arm-none-eabi/10.3.1/../../../../arm-none-eabi/lib/thumb/v6-m/nofp/libnosys.a(write.o)
                0x00000000080092c4                _write
 .text._exit    0x00000000080092d4        0x4 /usr/local/Cellar/arm-gcc-bin@10/10.3-2021.10/bin/../lib/gcc/arm-none-eabi/10.3.1/../../../../arm-none-eabi/lib/thumb/v6-m/nofp/libnosys.a(_exit.o)
                0x00000000080092d4                _exit
                0x00000000080092d8                . = ALIGN (0x4)
 *(.rodata*)
 .rodata.main.str1.1
                0x00000000080092d8       0x10 cerpa.o
 .rodata._svfprintf_r.str1.4
                0x00000000080092e8       0x42 /usr/local/Cellar/arm-gcc-bin@10/10.3-2021.10/bin/../lib/gcc/arm-none-eabi/10.3.1/../../../../arm-none-eabi/lib/thumb/v6-m/nofp/libc.a(lib_a-svfprintf.o)
 *fill*         0x000000000800932a        0x2 
 .rodata._svfprintf_r
                0x000000000800932c      0x16c /usr/local/Cellar/arm-gcc-bin@10/10.3-2021.10/bin/../lib/gcc/arm-none-eabi/10.3.1/../../../../arm-none-eabi/lib/thumb/v6-m/nofp/libc.a(lib_a-svfprintf.o)
 .rodata.blanks.1
                0x0000000008009498       0x10 /usr/local/Cellar/arm-gcc-bin@10/10.3-2021.10/bin/../lib/gcc/arm-none-eabi/10.3.1/../../../../arm-none-eabi/lib/thumb/v6-m/nofp/libc.a(lib_a-svfprintf.o)
 .rodata.zeroes.0
                0x00000000080094a8       0x10 /usr/local/Cellar/arm-gcc-bin@10/10.3-2021.10/bin/../lib/gcc/arm-none-eabi/10.3.1/../../../../arm-none-eabi/lib/thumb/v6-m/nofp/libc.a(lib_a-svfprintf.o)
 .rodata._dtoa_r.str1.4
                0x00000000080094b8       0x7e /usr/local/Cellar/arm-gcc-bin@10/10.3-2021.10/bin/../lib/gcc/arm-none-eabi/10.3.1/../../../../arm-none-eabi/lib/thumb/v6-m/nofp/libc.a(lib_a-dtoa.o)
                                         0x82 (size before relaxing)
 *fill*         0x0000000008009536        0x2 
 .rodata.__multadd.str1.4
                0x0000000008009538       0x5b /usr/local/Cellar/arm-gcc-bin@10/10.3-2021.10/bin/../lib/gcc/arm-none-eabi/10.3.1/../../../../arm-none-eabi/lib/thumb/v6-m/nofp/libc.a(lib_a-mprec.o)
                                         0x6f (size before relaxing)
 *fill*         0x0000000008009593        0x5 
 .rodata.__mprec_bigtens
                0x0000000008009598       0x28 /usr/local/Cellar/arm-gcc-bin@10/10.3-2021.10/bin/../lib/gcc/arm-none-eabi/10.3.1/../../../../arm-none-eabi/lib/thumb/v6-m/nofp/libc.a(lib_a-mprec.o)
                0x0000000008009598                __mprec_bigtens
 .rodata.__mprec_tens
                0x00000000080095c0       0xc8 /usr/local/Cellar/arm-gcc-bin@10/10.3-2021.10/bin/../lib/gcc/arm-none-eabi/10.3.1/../../../../arm-none-eabi/lib/thumb/v6-m/nofp/libc.a(lib_a-mprec.o)
                0x00000000080095c0                __mprec_tens
 .rodata.p05.0  0x0000000008009688        0xc /usr/local/Cellar/arm-gcc-bin@10/10.3-2021.10/bin/../lib/gcc/arm-none-eabi/10.3.1/../../../../arm-none-eabi/lib/thumb/v6-m/nofp/libc.a(lib_a-mprec.o)
 .rodata.__assert_func.str1.4
                0x0000000008009694       0x3f /usr/local/Cellar/arm-gcc-bin@10/10.3-2021.10/bin/../lib/gcc/arm-none-eabi/10.3.1/../../../../arm-none-eabi/lib/thumb/v6-m/nofp/libc.a(lib_a-assert.o)
                                         0x43 (size before relaxing)
 *fill*         0x00000000080096d3        0x1 
 .rodata._setlocale_r.str1.4
                0x00000000080096d4        0xa /usr/local/Cellar/arm-gcc-bin@10/10.3-2021.10/bin/../lib/gcc/arm-none-eabi/10.3.1/../../../../arm-none-eabi/lib/thumb/v6-m/nofp/libc.a(lib_a-locale.o)
                                          0xd (size before relaxing)
 *fill*         0x00000000080096de        0x2 
 .rodata.str1.4
                0x00000000080096e0        0x2 /usr/local/Cellar/arm-gcc-bin@10/10.3-2021.10/bin/../lib/gcc/arm-none-eabi/10.3.1/../../../../arm-none-eabi/lib/thumb/v6-m/nofp/libc.a(lib_a-locale.o)
 .rodata._vfiprintf_r.str1.4
                0x00000000080096e2       0x2f /usr/local/Cellar/arm-gcc-bin@10/10.3-2021.10/bin/../lib/gcc/arm-none-eabi/10.3.1/../../../../arm-none-eabi/lib/thumb/v6-m/nofp/libc.a(lib_a-vfiprintf.o)
 *fill*         0x00000000080096e2        0x2 
 .rodata._vfiprintf_r
                0x00000000080096e4      0x16c /usr/local/Cellar/arm-gcc-bin@10/10.3-2021.10/bin/../lib/gcc/arm-none-eabi/10.3.1/../../../../arm-none-eabi/lib/thumb/v6-m/nofp/libc.a(lib_a-vfiprintf.o)
 .rodata.blanks.1
                0x0000000008009850       0x10 /usr/local/Cellar/arm-gcc-bin@10/10.3-2021.10/bin/../lib/gcc/arm-none-eabi/10.3.1/../../../../arm-none-eabi/lib/thumb/v6-m/nofp/libc.a(lib_a-vfiprintf.o)
 .rodata.zeroes.0
                0x0000000008009860       0x10 /usr/local/Cellar/arm-gcc-bin@10/10.3-2021.10/bin/../lib/gcc/arm-none-eabi/10.3.1/../../../../arm-none-eabi/lib/thumb/v6-m/nofp/libc.a(lib_a-vfiprintf.o)
 .rodata._ctype_
                0x0000000008009870      0x101 /usr/local/Cellar/arm-gcc-bin@10/10.3-2021.10/bin/../lib/gcc/arm-none-eabi/10.3.1/../../../../arm-none-eabi/lib/thumb/v6-m/nofp/libc.a(lib_a-ctype_.o)
                0x0000000008009870                _ctype_
 *fill*         0x0000000008009971        0x3 
 .rodata        0x0000000008009974       0x40 /usr/local/Cellar/arm-gcc-bin@10/10.3-2021.10/bin/../lib/gcc/arm-none-eabi/10.3.1/thumb/v6-m/nofp/libgcc.a(divdf3.o)
 .rodata        0x00000000080099b4       0x40 /usr/local/Cellar/arm-gcc-bin@10/10.3-2021.10/bin/../lib/gcc/arm-none-eabi/10.3.1/thumb/v6-m/nofp/libgcc.a(muldf3.o)
                0x00000000080099f4                . = ALIGN (0x4)

.glue_7         0x00000000080099f4        0x0
 .glue_7        0x00000000080099f4        0x0 linker stubs

.glue_7t        0x00000000080099f4        0x0
 .glue_7t       0x00000000080099f4        0x0 linker stubs

.vfp11_veneer   0x00000000080099f4        0x0
 .vfp11_veneer  0x00000000080099f4        0x0 linker stubs

.v4_bx          0x00000000080099f4        0x0
 .v4_bx         0x00000000080099f4        0x0 linker stubs

.iplt           0x00000000080099f4        0x0
 .iplt          0x00000000080099f4        0x0 cerpa.o

.preinit_array  0x00000000080099f4        0x0
                0x00000000080099f4                . = ALIGN (0x4)
                0x00000000080099f4                __preinit_array_start = .
 *(.preinit_array)
                0x00000000080099f4                __preinit_array_end = .

.init_array     0x00000000080099f4        0x0
                0x00000000080099f4                . = ALIGN (0x4)
                0x00000000080099f4                __init_array_start = .
 *(SORT_BY_NAME(.init_array.*))
 *(.init_array)
                0x00000000080099f4                __init_array_end = .

.fini_array     0x00000000080099f4        0x0
                0x00000000080099f4                . = ALIGN (0x4)
                0x00000000080099f4                __fini_array_start = .
 *(.fini_array)
 *(SORT_BY_NAME(.fini_array.*))
                0x00000000080099f4                __fini_array_end = .

.ARM.extab
 *(.ARM.extab*)

.ARM.exidx      0x00000000080099f4        0x8
                0x00000000080099f4                __exidx_start = .
 *(.ARM.exidx*)
 .ARM.exidx     0x00000000080099f4        0x8 /usr/local/Cellar/arm-gcc-bin@10/10.3-2021.10/bin/../lib/gcc/arm-none-eabi/10.3.1/thumb/v6-m/nofp/libgcc.a(_udivmoddi4.o)
                0x00000000080099fc                __exidx_end = .

.rel.dyn        0x00000000080099fc        0x0
 .rel.iplt      0x00000000080099fc        0x0 cerpa.o
                0x00000000080099fc                . = ALIGN (0x4)
                0x00000000080099fc                _etext = .

.noinit
 *(.noinit*)
                0x00000000080099fc                . = ALIGN (0x4)

.data           0x0000000020000000      0x9b4 load address 0x00000000080099fc
                0x0000000020000000                _data = .
 *(.data*)
 .data.rcc_ahb_frequency
                0x0000000020000000        0x4 ./libopencm3//lib/libopencm3_stm32f0.a(rcc.o)
                0x0000000020000000                rcc_ahb_frequency
 .data.rcc_apb1_frequency
                0x0000000020000004        0x4 ./libopencm3//lib/libopencm3_stm32f0.a(rcc.o)
                0x0000000020000004                rcc_apb1_frequency
 .data._impure_ptr
                0x0000000020000008        0x4 /usr/local/Cellar/arm-gcc-bin@10/10.3-2021.10/bin/../lib/gcc/arm-none-eabi/10.3.1/../../../../arm-none-eabi/lib/thumb/v6-m/nofp/libc.a(lib_a-impure.o)
                0x0000000020000008                _impure_ptr
 *fill*         0x000000002000000c        0x4 
 .data.impure_data
                0x0000000020000010      0x428 /usr/local/Cellar/arm-gcc-bin@10/10.3-2021.10/bin/../lib/gcc/arm-none-eabi/10.3.1/../../../../arm-none-eabi/lib/thumb/v6-m/nofp/libc.a(lib_a-impure.o)
 .data.__malloc_av_
                0x0000000020000438      0x408 /usr/local/Cellar/arm-gcc-bin@10/10.3-2021.10/bin/../lib/gcc/arm-none-eabi/10.3.1/../../../../arm-none-eabi/lib/thumb/v6-m/nofp/libc.a(lib_a-mallocr.o)
                0x0000000020000438                __malloc_av_
 .data.__malloc_sbrk_base
                0x0000000020000840        0x4 /usr/local/Cellar/arm-gcc-bin@10/10.3-2021.10/bin/../lib/gcc/arm-none-eabi/10.3.1/../../../../arm-none-eabi/lib/thumb/v6-m/nofp/libc.a(lib_a-mallocr.o)
                0x0000000020000840                __malloc_sbrk_base
 .data.__malloc_trim_threshold
                0x0000000020000844        0x4 /usr/local/Cellar/arm-gcc-bin@10/10.3-2021.10/bin/../lib/gcc/arm-none-eabi/10.3.1/../../../../arm-none-eabi/lib/thumb/v6-m/nofp/libc.a(lib_a-mallocr.o)
                0x0000000020000844                __malloc_trim_threshold
 .data.__global_locale
                0x0000000020000848      0x16c /usr/local/Cellar/arm-gcc-bin@10/10.3-2021.10/bin/../lib/gcc/arm-none-eabi/10.3.1/../../../../arm-none-eabi/lib/thumb/v6-m/nofp/libc.a(lib_a-locale.o)
                0x0000000020000848                __global_locale
 *(.ramtext*)
                0x00000000200009b4                . = ALIGN (0x4)
                0x00000000200009b4                _edata = .
                0x00000000080099fc                _data_loadaddr = LOADADDR (.data)

.igot.plt       0x00000000200009b4        0x0 load address 0x000000000800a3b0
 .igot.plt      0x00000000200009b4        0x0 cerpa.o

.bss            0x00000000200009b4      0x140 load address 0x000000000800a3b0
 *(.bss*)
 .bss.cmdenable
                0x00000000200009b4        0x4 cerpa.o
 .bss.flip      0x00000000200009b8        0x4 cerpa.o
                0x00000000200009b8                flip
 .bss.isval     0x00000000200009bc        0x4 cerpa.o
 .bss.nsteps    0x00000000200009c0        0x4 cerpa.o
                0x00000000200009c0                nsteps
 .bss.nsteps1   0x00000000200009c4        0x4 cerpa.o
                0x00000000200009c4                nsteps1
 .bss.period    0x00000000200009c8        0x4 cerpa.o
                0x00000000200009c8                period
 .bss.qlast     0x00000000200009cc        0x4 cerpa.o
                0x00000000200009cc                qlast
 .bss.qnext     0x00000000200009d0        0x4 cerpa.o
                0x00000000200009d0                qnext
 .bss.rampbump1
                0x00000000200009d4        0x4 cerpa.o
                0x00000000200009d4                rampbump1
 .bss.rampbump2
                0x00000000200009d8        0x4 cerpa.o
                0x00000000200009d8                rampbump2
 .bss.rampstart
                0x00000000200009dc        0x4 cerpa.o
                0x00000000200009dc                rampstart
 .bss.ropt      0x00000000200009e0        0x1 cerpa.o
                0x00000000200009e0                ropt
 *fill*         0x00000000200009e1        0x3 
 .bss.step      0x00000000200009e4        0x4 cerpa.o
                0x00000000200009e4                step
 .bss.sweeptable
                0x00000000200009e8       0x80 cerpa.o
                0x00000000200009e8                sweeptable
 .bss.uartbuf   0x0000000020000a68       0x40 cerpa.o
                0x0000000020000a68                uartbuf
 .bss.val8      0x0000000020000aa8        0x1 cerpa.o
 *fill*         0x0000000020000aa9        0x3 
 .bss.__malloc_current_mallinfo
                0x0000000020000aac       0x28 /usr/local/Cellar/arm-gcc-bin@10/10.3-2021.10/bin/../lib/gcc/arm-none-eabi/10.3.1/../../../../arm-none-eabi/lib/thumb/v6-m/nofp/libc.a(lib_a-mallocr.o)
                0x0000000020000aac                __malloc_current_mallinfo
 .bss.__malloc_max_sbrked_mem
                0x0000000020000ad4        0x4 /usr/local/Cellar/arm-gcc-bin@10/10.3-2021.10/bin/../lib/gcc/arm-none-eabi/10.3.1/../../../../arm-none-eabi/lib/thumb/v6-m/nofp/libc.a(lib_a-mallocr.o)
                0x0000000020000ad4                __malloc_max_sbrked_mem
 .bss.__malloc_max_total_mem
                0x0000000020000ad8        0x4 /usr/local/Cellar/arm-gcc-bin@10/10.3-2021.10/bin/../lib/gcc/arm-none-eabi/10.3.1/../../../../arm-none-eabi/lib/thumb/v6-m/nofp/libc.a(lib_a-mallocr.o)
                0x0000000020000ad8                __malloc_max_total_mem
 .bss.__malloc_top_pad
                0x0000000020000adc        0x4 /usr/local/Cellar/arm-gcc-bin@10/10.3-2021.10/bin/../lib/gcc/arm-none-eabi/10.3.1/../../../../arm-none-eabi/lib/thumb/v6-m/nofp/libc.a(lib_a-mallocr.o)
                0x0000000020000adc                __malloc_top_pad
 .bss.__lock___malloc_recursive_mutex
                0x0000000020000ae0        0x1 /usr/local/Cellar/arm-gcc-bin@10/10.3-2021.10/bin/../lib/gcc/arm-none-eabi/10.3.1/../../../../arm-none-eabi/lib/thumb/v6-m/nofp/libc.a(lib_a-lock.o)
                0x0000000020000ae0                __lock___malloc_recursive_mutex
 *fill*         0x0000000020000ae1        0x3 
 .bss.__lock___sfp_recursive_mutex
                0x0000000020000ae4        0x1 /usr/local/Cellar/arm-gcc-bin@10/10.3-2021.10/bin/../lib/gcc/arm-none-eabi/10.3.1/../../../../arm-none-eabi/lib/thumb/v6-m/nofp/libc.a(lib_a-lock.o)
                0x0000000020000ae4                __lock___sfp_recursive_mutex
 *fill*         0x0000000020000ae5        0x3 
 .bss.__lock___sinit_recursive_mutex
                0x0000000020000ae8        0x1 /usr/local/Cellar/arm-gcc-bin@10/10.3-2021.10/bin/../lib/gcc/arm-none-eabi/10.3.1/../../../../arm-none-eabi/lib/thumb/v6-m/nofp/libc.a(lib_a-lock.o)
                0x0000000020000ae8                __lock___sinit_recursive_mutex
 *fill*         0x0000000020000ae9        0x3 
 .bss.errno     0x0000000020000aec        0x4 /usr/local/Cellar/arm-gcc-bin@10/10.3-2021.10/bin/../lib/gcc/arm-none-eabi/10.3.1/../../../../arm-none-eabi/lib/thumb/v6-m/nofp/libc.a(lib_a-reent.o)
                0x0000000020000aec                errno
 .bss.heap_end.0
                0x0000000020000af0        0x4 /usr/local/Cellar/arm-gcc-bin@10/10.3-2021.10/bin/../lib/gcc/arm-none-eabi/10.3.1/../../../../arm-none-eabi/lib/thumb/v6-m/nofp/libnosys.a(sbrk.o)
 *(COMMON)
                0x0000000020000af4                . = ALIGN (0x4)
                0x0000000020000af4                _ebss = .

/DISCARD/
 *(.eh_frame)
                0x0000000020000af4                . = ALIGN (0x4)
                0x0000000020000af4                end = .
                0x0000000020002000                PROVIDE (_stack = (ORIGIN (ram) + LENGTH (ram)))
OUTPUT(cerp.elf elf32-littlearm)
LOAD linker stubs

.debug_info     0x0000000000000000     0x6311
 .debug_info    0x0000000000000000      0xfb3 cerpa.o
 .debug_info    0x0000000000000fb3      0x5c1 ./libopencm3//lib/libopencm3_stm32f0.a(adc.o)
 .debug_info    0x0000000000001574      0x6fa ./libopencm3//lib/libopencm3_stm32f0.a(adc_common_v2.o)
 .debug_info    0x0000000000001c6e      0x47e ./libopencm3//lib/libopencm3_stm32f0.a(dac_common_all.o)
 .debug_info    0x00000000000020ec       0xea ./libopencm3//lib/libopencm3_stm32f0.a(dac_common_v1.o)
 .debug_info    0x00000000000021d6      0x266 ./libopencm3//lib/libopencm3_stm32f0.a(gpio_common_all.o)
 .debug_info    0x000000000000243c      0x257 ./libopencm3//lib/libopencm3_stm32f0.a(gpio_common_f0234.o)
 .debug_info    0x0000000000002693      0x991 ./libopencm3//lib/libopencm3_stm32f0.a(rcc.o)
 .debug_info    0x0000000000003024      0x5b0 ./libopencm3//lib/libopencm3_stm32f0.a(rcc_common_all.o)
 .debug_info    0x00000000000035d4      0x998 ./libopencm3//lib/libopencm3_stm32f0.a(spi_common_all.o)
 .debug_info    0x0000000000003f6c      0x26a ./libopencm3//lib/libopencm3_stm32f0.a(spi_common_v2.o)
 .debug_info    0x00000000000041d6     0x11c5 ./libopencm3//lib/libopencm3_stm32f0.a(timer_common_all.o)
 .debug_info    0x000000000000539b      0x5b9 ./libopencm3//lib/libopencm3_stm32f0.a(usart_common_all.o)
 .debug_info    0x0000000000005954      0x3a2 ./libopencm3//lib/libopencm3_stm32f0.a(usart_common_v2.o)
 .debug_info    0x0000000000005cf6      0x2dc ./libopencm3//lib/libopencm3_stm32f0.a(vector.o)
 .debug_info    0x0000000000005fd2      0x249 ./libopencm3//lib/libopencm3_stm32f0.a(nvic.o)
 .debug_info    0x000000000000621b       0xf6 ./libopencm3//lib/libopencm3_stm32f0.a(flash_common_all.o)

.debug_abbrev   0x0000000000000000     0x1790
 .debug_abbrev  0x0000000000000000      0x24f cerpa.o
 .debug_abbrev  0x000000000000024f      0x1cb ./libopencm3//lib/libopencm3_stm32f0.a(adc.o)
 .debug_abbrev  0x000000000000041a      0x202 ./libopencm3//lib/libopencm3_stm32f0.a(adc_common_v2.o)
 .debug_abbrev  0x000000000000061c      0x157 ./libopencm3//lib/libopencm3_stm32f0.a(dac_common_all.o)
 .debug_abbrev  0x0000000000000773       0x94 ./libopencm3//lib/libopencm3_stm32f0.a(dac_common_v1.o)
 .debug_abbrev  0x0000000000000807      0x116 ./libopencm3//lib/libopencm3_stm32f0.a(gpio_common_all.o)
 .debug_abbrev  0x000000000000091d       0xbf ./libopencm3//lib/libopencm3_stm32f0.a(gpio_common_f0234.o)
 .debug_abbrev  0x00000000000009dc      0x2c8 ./libopencm3//lib/libopencm3_stm32f0.a(rcc.o)
 .debug_abbrev  0x0000000000000ca4      0x16b ./libopencm3//lib/libopencm3_stm32f0.a(rcc_common_all.o)
 .debug_abbrev  0x0000000000000e0f      0x1d3 ./libopencm3//lib/libopencm3_stm32f0.a(spi_common_all.o)
 .debug_abbrev  0x0000000000000fe2       0xf0 ./libopencm3//lib/libopencm3_stm32f0.a(spi_common_v2.o)
 .debug_abbrev  0x00000000000010d2      0x19e ./libopencm3//lib/libopencm3_stm32f0.a(timer_common_all.o)
 .debug_abbrev  0x0000000000001270      0x13e ./libopencm3//lib/libopencm3_stm32f0.a(usart_common_all.o)
 .debug_abbrev  0x00000000000013ae      0x128 ./libopencm3//lib/libopencm3_stm32f0.a(usart_common_v2.o)
 .debug_abbrev  0x00000000000014d6      0x145 ./libopencm3//lib/libopencm3_stm32f0.a(vector.o)
 .debug_abbrev  0x000000000000161b       0xde ./libopencm3//lib/libopencm3_stm32f0.a(nvic.o)
 .debug_abbrev  0x00000000000016f9       0x97 ./libopencm3//lib/libopencm3_stm32f0.a(flash_common_all.o)

.debug_loc      0x0000000000000000     0x2bb3
 .debug_loc     0x0000000000000000      0x1b5 cerpa.o
 .debug_loc     0x00000000000001b5      0x2e4 ./libopencm3//lib/libopencm3_stm32f0.a(adc.o)
 .debug_loc     0x0000000000000499      0x236 ./libopencm3//lib/libopencm3_stm32f0.a(adc_common_v2.o)
 .debug_loc     0x00000000000006cf      0x3ff ./libopencm3//lib/libopencm3_stm32f0.a(dac_common_all.o)
 .debug_loc     0x0000000000000ace       0xbe ./libopencm3//lib/libopencm3_stm32f0.a(gpio_common_all.o)
 .debug_loc     0x0000000000000b8c      0x257 ./libopencm3//lib/libopencm3_stm32f0.a(gpio_common_f0234.o)
 .debug_loc     0x0000000000000de3      0x442 ./libopencm3//lib/libopencm3_stm32f0.a(rcc.o)
 .debug_loc     0x0000000000001225       0xb9 ./libopencm3//lib/libopencm3_stm32f0.a(rcc_common_all.o)
 .debug_loc     0x00000000000012de      0x188 ./libopencm3//lib/libopencm3_stm32f0.a(spi_common_all.o)
 .debug_loc     0x0000000000001466      0x145 ./libopencm3//lib/libopencm3_stm32f0.a(spi_common_v2.o)
 .debug_loc     0x00000000000015ab     0x10e0 ./libopencm3//lib/libopencm3_stm32f0.a(timer_common_all.o)
 .debug_loc     0x000000000000268b      0x18b ./libopencm3//lib/libopencm3_stm32f0.a(usart_common_all.o)
 .debug_loc     0x0000000000002816       0xb6 ./libopencm3//lib/libopencm3_stm32f0.a(usart_common_v2.o)
 .debug_loc     0x00000000000028cc      0x11b ./libopencm3//lib/libopencm3_stm32f0.a(vector.o)
 .debug_loc     0x00000000000029e7      0x1b7 ./libopencm3//lib/libopencm3_stm32f0.a(nvic.o)
 .debug_loc     0x0000000000002b9e       0x15 ./libopencm3//lib/libopencm3_stm32f0.a(flash_common_all.o)

.debug_aranges  0x0000000000000000      0xb80
 .debug_aranges
                0x0000000000000000       0x48 cerpa.o
 .debug_aranges
                0x0000000000000048       0xe0 ./libopencm3//lib/libopencm3_stm32f0.a(adc.o)
 .debug_aranges
                0x0000000000000128      0x128 ./libopencm3//lib/libopencm3_stm32f0.a(adc_common_v2.o)
 .debug_aranges
                0x0000000000000250       0x80 ./libopencm3//lib/libopencm3_stm32f0.a(dac_common_all.o)
 .debug_aranges
                0x00000000000002d0       0x28 ./libopencm3//lib/libopencm3_stm32f0.a(dac_common_v1.o)
 .debug_aranges
                0x00000000000002f8       0x50 ./libopencm3//lib/libopencm3_stm32f0.a(gpio_common_all.o)
 .debug_aranges
                0x0000000000000348       0x30 ./libopencm3//lib/libopencm3_stm32f0.a(gpio_common_f0234.o)
 .debug_aranges
                0x0000000000000378      0x138 ./libopencm3//lib/libopencm3_stm32f0.a(rcc.o)
 .debug_aranges
                0x00000000000004b0       0x60 ./libopencm3//lib/libopencm3_stm32f0.a(rcc_common_all.o)
 .debug_aranges
                0x0000000000000510      0x178 ./libopencm3//lib/libopencm3_stm32f0.a(spi_common_all.o)
 .debug_aranges
                0x0000000000000688       0x58 ./libopencm3//lib/libopencm3_stm32f0.a(spi_common_v2.o)
 .debug_aranges
                0x00000000000006e0      0x268 ./libopencm3//lib/libopencm3_stm32f0.a(timer_common_all.o)
 .debug_aranges
                0x0000000000000948       0xd8 ./libopencm3//lib/libopencm3_stm32f0.a(usart_common_all.o)
 .debug_aranges
                0x0000000000000a20       0xa8 ./libopencm3//lib/libopencm3_stm32f0.a(usart_common_v2.o)
 .debug_aranges
                0x0000000000000ac8       0x30 ./libopencm3//lib/libopencm3_stm32f0.a(vector.o)
 .debug_aranges
                0x0000000000000af8       0x50 ./libopencm3//lib/libopencm3_stm32f0.a(nvic.o)
 .debug_aranges
                0x0000000000000b48       0x38 ./libopencm3//lib/libopencm3_stm32f0.a(flash_common_all.o)

.debug_ranges   0x0000000000000000      0xb78
 .debug_ranges  0x0000000000000000       0x98 cerpa.o
 .debug_ranges  0x0000000000000098       0xd0 ./libopencm3//lib/libopencm3_stm32f0.a(adc.o)
 .debug_ranges  0x0000000000000168      0x130 ./libopencm3//lib/libopencm3_stm32f0.a(adc_common_v2.o)
 .debug_ranges  0x0000000000000298       0x70 ./libopencm3//lib/libopencm3_stm32f0.a(dac_common_all.o)
 .debug_ranges  0x0000000000000308       0x18 ./libopencm3//lib/libopencm3_stm32f0.a(dac_common_v1.o)
 .debug_ranges  0x0000000000000320       0x40 ./libopencm3//lib/libopencm3_stm32f0.a(gpio_common_all.o)
 .debug_ranges  0x0000000000000360       0x20 ./libopencm3//lib/libopencm3_stm32f0.a(gpio_common_f0234.o)
 .debug_ranges  0x0000000000000380      0x180 ./libopencm3//lib/libopencm3_stm32f0.a(rcc.o)
 .debug_ranges  0x0000000000000500       0x50 ./libopencm3//lib/libopencm3_stm32f0.a(rcc_common_all.o)
 .debug_ranges  0x0000000000000550      0x180 ./libopencm3//lib/libopencm3_stm32f0.a(spi_common_all.o)
 .debug_ranges  0x00000000000006d0       0x48 ./libopencm3//lib/libopencm3_stm32f0.a(spi_common_v2.o)
 .debug_ranges  0x0000000000000718      0x258 ./libopencm3//lib/libopencm3_stm32f0.a(timer_common_all.o)
 .debug_ranges  0x0000000000000970       0xc8 ./libopencm3//lib/libopencm3_stm32f0.a(usart_common_all.o)
 .debug_ranges  0x0000000000000a38       0x98 ./libopencm3//lib/libopencm3_stm32f0.a(usart_common_v2.o)
 .debug_ranges  0x0000000000000ad0       0x20 ./libopencm3//lib/libopencm3_stm32f0.a(vector.o)
 .debug_ranges  0x0000000000000af0       0x60 ./libopencm3//lib/libopencm3_stm32f0.a(nvic.o)
 .debug_ranges  0x0000000000000b50       0x28 ./libopencm3//lib/libopencm3_stm32f0.a(flash_common_all.o)

.debug_macro    0x0000000000000000     0x60ec
 .debug_macro   0x0000000000000000      0x2e3 cerpa.o
 .debug_macro   0x00000000000002e3      0xa42 cerpa.o
 .debug_macro   0x0000000000000d25       0x1c cerpa.o
 .debug_macro   0x0000000000000d41       0x22 cerpa.o
 .debug_macro   0x0000000000000d63       0x56 cerpa.o
 .debug_macro   0x0000000000000db9       0x51 cerpa.o
 .debug_macro   0x0000000000000e0a      0x103 cerpa.o
 .debug_macro   0x0000000000000f0d       0x6a cerpa.o
 .debug_macro   0x0000000000000f77      0x1df cerpa.o
 .debug_macro   0x0000000000001156       0x22 cerpa.o
 .debug_macro   0x0000000000001178       0xe8 cerpa.o
 .debug_macro   0x0000000000001260       0x52 cerpa.o
 .debug_macro   0x00000000000012b2      0x178 cerpa.o
 .debug_macro   0x000000000000142a      0x7cd cerpa.o
 .debug_macro   0x0000000000001bf7       0x76 cerpa.o
 .debug_macro   0x0000000000001c6d      0x37e cerpa.o
 .debug_macro   0x0000000000001feb       0xca cerpa.o
 .debug_macro   0x00000000000020b5       0x3a cerpa.o
 .debug_macro   0x00000000000020ef      0xf65 cerpa.o
 .debug_macro   0x0000000000003054       0x52 cerpa.o
 .debug_macro   0x00000000000030a6       0x94 cerpa.o
 .debug_macro   0x000000000000313a      0x514 cerpa.o
 .debug_macro   0x000000000000364e       0x34 cerpa.o
 .debug_macro   0x0000000000003682       0x49 cerpa.o
 .debug_macro   0x00000000000036cb       0xca cerpa.o
 .debug_macro   0x0000000000003795      0x19d cerpa.o
 .debug_macro   0x0000000000003932       0xa0 cerpa.o
 .debug_macro   0x00000000000039d2       0x64 cerpa.o
 .debug_macro   0x0000000000003a36       0x18 cerpa.o
 .debug_macro   0x0000000000003a4e       0x35 cerpa.o
 .debug_macro   0x0000000000003a83       0x34 cerpa.o
 .debug_macro   0x0000000000003ab7      0x16d cerpa.o
 .debug_macro   0x0000000000003c24       0x16 cerpa.o
 .debug_macro   0x0000000000003c3a       0x43 cerpa.o
 .debug_macro   0x0000000000003c7d       0x34 cerpa.o
 .debug_macro   0x0000000000003cb1       0x10 cerpa.o
 .debug_macro   0x0000000000003cc1       0x58 cerpa.o
 .debug_macro   0x0000000000003d19      0x182 cerpa.o
 .debug_macro   0x0000000000003e9b      0x35d cerpa.o
 .debug_macro   0x00000000000041f8       0x10 cerpa.o
 .debug_macro   0x0000000000004208       0x35 cerpa.o
 .debug_macro   0x000000000000423d       0x1c cerpa.o
 .debug_macro   0x0000000000004259       0x10 cerpa.o
 .debug_macro   0x0000000000004269       0xbe cerpa.o
 .debug_macro   0x0000000000004327       0x16 cerpa.o
 .debug_macro   0x000000000000433d      0x129 cerpa.o
 .debug_macro   0x0000000000004466      0x2eb cerpa.o
 .debug_macro   0x0000000000004751       0xe2 cerpa.o
 .debug_macro   0x0000000000004833      0x190 cerpa.o
 .debug_macro   0x00000000000049c3       0x28 cerpa.o
 .debug_macro   0x00000000000049eb      0x14c cerpa.o
 .debug_macro   0x0000000000004b37       0xd0 ./libopencm3//lib/libopencm3_stm32f0.a(adc.o)
 .debug_macro   0x0000000000004c07       0x16 ./libopencm3//lib/libopencm3_stm32f0.a(adc.o)
 .debug_macro   0x0000000000004c1d       0xc1 ./libopencm3//lib/libopencm3_stm32f0.a(adc_common_v2.o)
 .debug_macro   0x0000000000004cde       0xc8 ./libopencm3//lib/libopencm3_stm32f0.a(dac_common_all.o)
 .debug_macro   0x0000000000004da6       0xc8 ./libopencm3//lib/libopencm3_stm32f0.a(dac_common_v1.o)
 .debug_macro   0x0000000000004e6e       0xd6 ./libopencm3//lib/libopencm3_stm32f0.a(gpio_common_all.o)
 .debug_macro   0x0000000000004f44       0xd6 ./libopencm3//lib/libopencm3_stm32f0.a(gpio_common_f0234.o)
 .debug_macro   0x000000000000501a      0x10d ./libopencm3//lib/libopencm3_stm32f0.a(rcc.o)
 .debug_macro   0x0000000000005127       0xee ./libopencm3//lib/libopencm3_stm32f0.a(rcc.o)
 .debug_macro   0x0000000000005215       0xd0 ./libopencm3//lib/libopencm3_stm32f0.a(rcc.o)
 .debug_macro   0x00000000000052e5      0x360 ./libopencm3//lib/libopencm3_stm32f0.a(rcc.o)
 .debug_macro   0x0000000000005645       0xce ./libopencm3//lib/libopencm3_stm32f0.a(rcc_common_all.o)
 .debug_macro   0x0000000000005713       0xd4 ./libopencm3//lib/libopencm3_stm32f0.a(spi_common_all.o)
 .debug_macro   0x00000000000057e7       0xd4 ./libopencm3//lib/libopencm3_stm32f0.a(spi_common_v2.o)
 .debug_macro   0x00000000000058bb       0xce ./libopencm3//lib/libopencm3_stm32f0.a(timer_common_all.o)
 .debug_macro   0x0000000000005989       0xd9 ./libopencm3//lib/libopencm3_stm32f0.a(usart_common_all.o)
 .debug_macro   0x0000000000005a62       0xc1 ./libopencm3//lib/libopencm3_stm32f0.a(usart_common_v2.o)
 .debug_macro   0x0000000000005b23       0xcf ./libopencm3//lib/libopencm3_stm32f0.a(vector.o)
 .debug_macro   0x0000000000005bf2      0x19f ./libopencm3//lib/libopencm3_stm32f0.a(vector.o)
 .debug_macro   0x0000000000005d91       0xb3 ./libopencm3//lib/libopencm3_stm32f0.a(nvic.o)
 .debug_macro   0x0000000000005e44       0x43 ./libopencm3//lib/libopencm3_stm32f0.a(nvic.o)
 .debug_macro   0x0000000000005e87      0x1a5 ./libopencm3//lib/libopencm3_stm32f0.a(nvic.o)
 .debug_macro   0x000000000000602c       0xc0 ./libopencm3//lib/libopencm3_stm32f0.a(flash_common_all.o)

.debug_line     0x0000000000000000     0x7743
 .debug_line    0x0000000000000000      0x8db cerpa.o
 .debug_line    0x00000000000008db      0x79c ./libopencm3//lib/libopencm3_stm32f0.a(adc.o)
 .debug_line    0x0000000000001077      0x839 ./libopencm3//lib/libopencm3_stm32f0.a(adc_common_v2.o)
 .debug_line    0x00000000000018b0      0x64a ./libopencm3//lib/libopencm3_stm32f0.a(dac_common_all.o)
 .debug_line    0x0000000000001efa      0x34b ./libopencm3//lib/libopencm3_stm32f0.a(dac_common_v1.o)
 .debug_line    0x0000000000002245      0x420 ./libopencm3//lib/libopencm3_stm32f0.a(gpio_common_all.o)
 .debug_line    0x0000000000002665      0x516 ./libopencm3//lib/libopencm3_stm32f0.a(gpio_common_f0234.o)
 .debug_line    0x0000000000002b7b      0xc97 ./libopencm3//lib/libopencm3_stm32f0.a(rcc.o)
 .debug_line    0x0000000000003812      0x470 ./libopencm3//lib/libopencm3_stm32f0.a(rcc_common_all.o)
 .debug_line    0x0000000000003c82      0xa3d ./libopencm3//lib/libopencm3_stm32f0.a(spi_common_all.o)
 .debug_line    0x00000000000046bf      0x4a0 ./libopencm3//lib/libopencm3_stm32f0.a(spi_common_v2.o)
 .debug_line    0x0000000000004b5f     0x13c5 ./libopencm3//lib/libopencm3_stm32f0.a(timer_common_all.o)
 .debug_line    0x0000000000005f24      0x6bc ./libopencm3//lib/libopencm3_stm32f0.a(usart_common_all.o)
 .debug_line    0x00000000000065e0      0x58e ./libopencm3//lib/libopencm3_stm32f0.a(usart_common_v2.o)
 .debug_line    0x0000000000006b6e      0x458 ./libopencm3//lib/libopencm3_stm32f0.a(vector.o)
 .debug_line    0x0000000000006fc6      0x3db ./libopencm3//lib/libopencm3_stm32f0.a(nvic.o)
 .debug_line    0x00000000000073a1      0x3a2 ./libopencm3//lib/libopencm3_stm32f0.a(flash_common_all.o)

.debug_str      0x0000000000000000    0x1946a
 .debug_str     0x0000000000000000    0x14b4a cerpa.o
                                      0x14d57 (size before relaxing)
 .debug_str     0x0000000000014b4a      0x4c1 ./libopencm3//lib/libopencm3_stm32f0.a(adc.o)
                                       0x5d1e (size before relaxing)
 .debug_str     0x000000000001500b      0x267 ./libopencm3//lib/libopencm3_stm32f0.a(adc_common_v2.o)
                                       0x5bc2 (size before relaxing)
 .debug_str     0x0000000000015272      0x188 ./libopencm3//lib/libopencm3_stm32f0.a(dac_common_all.o)
                                       0x5691 (size before relaxing)
 .debug_str     0x00000000000153fa       0x2d ./libopencm3//lib/libopencm3_stm32f0.a(dac_common_v1.o)
                                       0x54d2 (size before relaxing)
 .debug_str     0x0000000000015427       0x7d ./libopencm3//lib/libopencm3_stm32f0.a(gpio_common_all.o)
                                       0x5e52 (size before relaxing)
 .debug_str     0x00000000000154a4       0x61 ./libopencm3//lib/libopencm3_stm32f0.a(gpio_common_f0234.o)
                                       0x5e74 (size before relaxing)
 .debug_str     0x0000000000015505     0x1bc3 ./libopencm3//lib/libopencm3_stm32f0.a(rcc.o)
                                       0x9082 (size before relaxing)
 .debug_str     0x00000000000170c8      0x2fa ./libopencm3//lib/libopencm3_stm32f0.a(rcc_common_all.o)
                                       0x75f7 (size before relaxing)
 .debug_str     0x00000000000173c2      0x3c6 ./libopencm3//lib/libopencm3_stm32f0.a(spi_common_all.o)
                                       0x87f7 (size before relaxing)
 .debug_str     0x0000000000017788       0xb2 ./libopencm3//lib/libopencm3_stm32f0.a(spi_common_v2.o)
                                       0x8310 (size before relaxing)
 .debug_str     0x000000000001783a      0x94f ./libopencm3//lib/libopencm3_stm32f0.a(timer_common_all.o)
                                       0xbd3c (size before relaxing)
 .debug_str     0x0000000000018189      0x1e2 ./libopencm3//lib/libopencm3_stm32f0.a(usart_common_all.o)
                                       0x8f26 (size before relaxing)
 .debug_str     0x000000000001836b      0x190 ./libopencm3//lib/libopencm3_stm32f0.a(usart_common_v2.o)
                                       0x66e0 (size before relaxing)
 .debug_str     0x00000000000184fb      0xe92 ./libopencm3//lib/libopencm3_stm32f0.a(vector.o)
                                       0x5283 (size before relaxing)
 .debug_str     0x000000000001938d       0x8f ./libopencm3//lib/libopencm3_stm32f0.a(nvic.o)
                                       0x4d10 (size before relaxing)
 .debug_str     0x000000000001941c       0x4e ./libopencm3//lib/libopencm3_stm32f0.a(flash_common_all.o)
                                       0x5317 (size before relaxing)

.comment        0x0000000000000000       0x49
 .comment       0x0000000000000000       0x49 cerpa.o
                                         0x4a (size before relaxing)
 .comment       0x0000000000000049       0x4a ./libopencm3//lib/libopencm3_stm32f0.a(adc.o)
 .comment       0x0000000000000049       0x4a ./libopencm3//lib/libopencm3_stm32f0.a(adc_common_v2.o)
 .comment       0x0000000000000049       0x4a ./libopencm3//lib/libopencm3_stm32f0.a(dac_common_all.o)
 .comment       0x0000000000000049       0x4a ./libopencm3//lib/libopencm3_stm32f0.a(dac_common_v1.o)
 .comment       0x0000000000000049       0x4a ./libopencm3//lib/libopencm3_stm32f0.a(gpio_common_all.o)
 .comment       0x0000000000000049       0x4a ./libopencm3//lib/libopencm3_stm32f0.a(gpio_common_f0234.o)
 .comment       0x0000000000000049       0x4a ./libopencm3//lib/libopencm3_stm32f0.a(rcc.o)
 .comment       0x0000000000000049       0x4a ./libopencm3//lib/libopencm3_stm32f0.a(rcc_common_all.o)
 .comment       0x0000000000000049       0x4a ./libopencm3//lib/libopencm3_stm32f0.a(spi_common_all.o)
 .comment       0x0000000000000049       0x4a ./libopencm3//lib/libopencm3_stm32f0.a(spi_common_v2.o)
 .comment       0x0000000000000049       0x4a ./libopencm3//lib/libopencm3_stm32f0.a(timer_common_all.o)
 .comment       0x0000000000000049       0x4a ./libopencm3//lib/libopencm3_stm32f0.a(usart_common_all.o)
 .comment       0x0000000000000049       0x4a ./libopencm3//lib/libopencm3_stm32f0.a(usart_common_v2.o)
 .comment       0x0000000000000049       0x4a ./libopencm3//lib/libopencm3_stm32f0.a(vector.o)
 .comment       0x0000000000000049       0x4a ./libopencm3//lib/libopencm3_stm32f0.a(nvic.o)
 .comment       0x0000000000000049       0x4a ./libopencm3//lib/libopencm3_stm32f0.a(flash_common_all.o)

.ARM.attributes
                0x0000000000000000       0x2a
 .ARM.attributes
                0x0000000000000000       0x2c cerpa.o
 .ARM.attributes
                0x000000000000002c       0x2c ./libopencm3//lib/libopencm3_stm32f0.a(adc.o)
 .ARM.attributes
                0x0000000000000058       0x2c ./libopencm3//lib/libopencm3_stm32f0.a(adc_common_v2.o)
 .ARM.attributes
                0x0000000000000084       0x2c ./libopencm3//lib/libopencm3_stm32f0.a(dac_common_all.o)
 .ARM.attributes
                0x00000000000000b0       0x2c ./libopencm3//lib/libopencm3_stm32f0.a(dac_common_v1.o)
 .ARM.attributes
                0x00000000000000dc       0x2c ./libopencm3//lib/libopencm3_stm32f0.a(gpio_common_all.o)
 .ARM.attributes
                0x0000000000000108       0x2c ./libopencm3//lib/libopencm3_stm32f0.a(gpio_common_f0234.o)
 .ARM.attributes
                0x0000000000000134       0x2c ./libopencm3//lib/libopencm3_stm32f0.a(rcc.o)
 .ARM.attributes
                0x0000000000000160       0x2c ./libopencm3//lib/libopencm3_stm32f0.a(rcc_common_all.o)
 .ARM.attributes
                0x000000000000018c       0x2c ./libopencm3//lib/libopencm3_stm32f0.a(spi_common_all.o)
 .ARM.attributes
                0x00000000000001b8       0x2c ./libopencm3//lib/libopencm3_stm32f0.a(spi_common_v2.o)
 .ARM.attributes
                0x00000000000001e4       0x2c ./libopencm3//lib/libopencm3_stm32f0.a(timer_common_all.o)
 .ARM.attributes
                0x0000000000000210       0x2c ./libopencm3//lib/libopencm3_stm32f0.a(usart_common_all.o)
 .ARM.attributes
                0x000000000000023c       0x2c ./libopencm3//lib/libopencm3_stm32f0.a(usart_common_v2.o)
 .ARM.attributes
                0x0000000000000268       0x2c ./libopencm3//lib/libopencm3_stm32f0.a(vector.o)
 .ARM.attributes
                0x0000000000000294       0x2c ./libopencm3//lib/libopencm3_stm32f0.a(nvic.o)
 .ARM.attributes
                0x00000000000002c0       0x2c ./libopencm3//lib/libopencm3_stm32f0.a(flash_common_all.o)
 .ARM.attributes
                0x00000000000002ec       0x2c /usr/local/Cellar/arm-gcc-bin@10/10.3-2021.10/bin/../lib/gcc/arm-none-eabi/10.3.1/../../../../arm-none-eabi/lib/thumb/v6-m/nofp/libc.a(lib_a-snprintf.o)
 .ARM.attributes
                0x0000000000000318       0x2c /usr/local/Cellar/arm-gcc-bin@10/10.3-2021.10/bin/../lib/gcc/arm-none-eabi/10.3.1/../../../../arm-none-eabi/lib/thumb/v6-m/nofp/libc.a(lib_a-strlen-stub.o)
 .ARM.attributes
                0x0000000000000344       0x2c /usr/local/Cellar/arm-gcc-bin@10/10.3-2021.10/bin/../lib/gcc/arm-none-eabi/10.3.1/../../../../arm-none-eabi/lib/thumb/v6-m/nofp/libc.a(lib_a-svfprintf.o)
 .ARM.attributes
                0x0000000000000370       0x2c /usr/local/Cellar/arm-gcc-bin@10/10.3-2021.10/bin/../lib/gcc/arm-none-eabi/10.3.1/../../../../arm-none-eabi/lib/thumb/v6-m/nofp/libc.a(lib_a-dtoa.o)
 .ARM.attributes
                0x000000000000039c       0x2c /usr/local/Cellar/arm-gcc-bin@10/10.3-2021.10/bin/../lib/gcc/arm-none-eabi/10.3.1/../../../../arm-none-eabi/lib/thumb/v6-m/nofp/libc.a(lib_a-freer.o)
 .ARM.attributes
                0x00000000000003c8       0x2c /usr/local/Cellar/arm-gcc-bin@10/10.3-2021.10/bin/../lib/gcc/arm-none-eabi/10.3.1/../../../../arm-none-eabi/lib/thumb/v6-m/nofp/libc.a(lib_a-impure.o)
 .ARM.attributes
                0x00000000000003f4       0x2c /usr/local/Cellar/arm-gcc-bin@10/10.3-2021.10/bin/../lib/gcc/arm-none-eabi/10.3.1/../../../../arm-none-eabi/lib/thumb/v6-m/nofp/libc.a(lib_a-localeconv.o)
 .ARM.attributes
                0x0000000000000420       0x2c /usr/local/Cellar/arm-gcc-bin@10/10.3-2021.10/bin/../lib/gcc/arm-none-eabi/10.3.1/../../../../arm-none-eabi/lib/thumb/v6-m/nofp/libc.a(lib_a-mallocr.o)
 .ARM.attributes
                0x000000000000044c       0x2c /usr/local/Cellar/arm-gcc-bin@10/10.3-2021.10/bin/../lib/gcc/arm-none-eabi/10.3.1/../../../../arm-none-eabi/lib/thumb/v6-m/nofp/libc.a(lib_a-memchr-stub.o)
 .ARM.attributes
                0x0000000000000478       0x2c /usr/local/Cellar/arm-gcc-bin@10/10.3-2021.10/bin/../lib/gcc/arm-none-eabi/10.3.1/../../../../arm-none-eabi/lib/thumb/v6-m/nofp/libc.a(lib_a-memcpy-stub.o)
 .ARM.attributes
                0x00000000000004a4       0x2c /usr/local/Cellar/arm-gcc-bin@10/10.3-2021.10/bin/../lib/gcc/arm-none-eabi/10.3.1/../../../../arm-none-eabi/lib/thumb/v6-m/nofp/libc.a(lib_a-mlock.o)
 .ARM.attributes
                0x00000000000004d0       0x2c /usr/local/Cellar/arm-gcc-bin@10/10.3-2021.10/bin/../lib/gcc/arm-none-eabi/10.3.1/../../../../arm-none-eabi/lib/thumb/v6-m/nofp/libc.a(lib_a-mprec.o)
 .ARM.attributes
                0x00000000000004fc       0x2c /usr/local/Cellar/arm-gcc-bin@10/10.3-2021.10/bin/../lib/gcc/arm-none-eabi/10.3.1/../../../../arm-none-eabi/lib/thumb/v6-m/nofp/libc.a(lib_a-s_frexp.o)
 .ARM.attributes
                0x0000000000000528       0x2c /usr/local/Cellar/arm-gcc-bin@10/10.3-2021.10/bin/../lib/gcc/arm-none-eabi/10.3.1/../../../../arm-none-eabi/lib/thumb/v6-m/nofp/libc.a(lib_a-sbrkr.o)
 .ARM.attributes
                0x0000000000000554       0x2c /usr/local/Cellar/arm-gcc-bin@10/10.3-2021.10/bin/../lib/gcc/arm-none-eabi/10.3.1/../../../../arm-none-eabi/lib/thumb/v6-m/nofp/libc.a(lib_a-strncpy.o)
 .ARM.attributes
                0x0000000000000580       0x2c /usr/local/Cellar/arm-gcc-bin@10/10.3-2021.10/bin/../lib/gcc/arm-none-eabi/10.3.1/../../../../arm-none-eabi/lib/thumb/v6-m/nofp/libc.a(lib_a-svfiprintf.o)
 .ARM.attributes
                0x00000000000005ac       0x2c /usr/local/Cellar/arm-gcc-bin@10/10.3-2021.10/bin/../lib/gcc/arm-none-eabi/10.3.1/../../../../arm-none-eabi/lib/thumb/v6-m/nofp/libc.a(lib_a-assert.o)
 .ARM.attributes
                0x00000000000005d8       0x2c /usr/local/Cellar/arm-gcc-bin@10/10.3-2021.10/bin/../lib/gcc/arm-none-eabi/10.3.1/../../../../arm-none-eabi/lib/thumb/v6-m/nofp/libc.a(lib_a-callocr.o)
 .ARM.attributes
                0x0000000000000604       0x2c /usr/local/Cellar/arm-gcc-bin@10/10.3-2021.10/bin/../lib/gcc/arm-none-eabi/10.3.1/../../../../arm-none-eabi/lib/thumb/v6-m/nofp/libc.a(lib_a-errno.o)
 .ARM.attributes
                0x0000000000000630       0x2c /usr/local/Cellar/arm-gcc-bin@10/10.3-2021.10/bin/../lib/gcc/arm-none-eabi/10.3.1/../../../../arm-none-eabi/lib/thumb/v6-m/nofp/libc.a(lib_a-fiprintf.o)
 .ARM.attributes
                0x000000000000065c       0x2c /usr/local/Cellar/arm-gcc-bin@10/10.3-2021.10/bin/../lib/gcc/arm-none-eabi/10.3.1/../../../../arm-none-eabi/lib/thumb/v6-m/nofp/libc.a(lib_a-locale.o)
 .ARM.attributes
                0x0000000000000688       0x2c /usr/local/Cellar/arm-gcc-bin@10/10.3-2021.10/bin/../lib/gcc/arm-none-eabi/10.3.1/../../../../arm-none-eabi/lib/thumb/v6-m/nofp/libc.a(lib_a-lock.o)
 .ARM.attributes
                0x00000000000006b4       0x2c /usr/local/Cellar/arm-gcc-bin@10/10.3-2021.10/bin/../lib/gcc/arm-none-eabi/10.3.1/../../../../arm-none-eabi/lib/thumb/v6-m/nofp/libc.a(lib_a-mbtowc_r.o)
 .ARM.attributes
                0x00000000000006e0       0x2c /usr/local/Cellar/arm-gcc-bin@10/10.3-2021.10/bin/../lib/gcc/arm-none-eabi/10.3.1/../../../../arm-none-eabi/lib/thumb/v6-m/nofp/libc.a(lib_a-memmove.o)
 .ARM.attributes
                0x000000000000070c       0x2c /usr/local/Cellar/arm-gcc-bin@10/10.3-2021.10/bin/../lib/gcc/arm-none-eabi/10.3.1/../../../../arm-none-eabi/lib/thumb/v6-m/nofp/libc.a(lib_a-memset.o)
 .ARM.attributes
                0x0000000000000738       0x2c /usr/local/Cellar/arm-gcc-bin@10/10.3-2021.10/bin/../lib/gcc/arm-none-eabi/10.3.1/../../../../arm-none-eabi/lib/thumb/v6-m/nofp/libc.a(lib_a-reallocr.o)
 .ARM.attributes
                0x0000000000000764       0x2c /usr/local/Cellar/arm-gcc-bin@10/10.3-2021.10/bin/../lib/gcc/arm-none-eabi/10.3.1/../../../../arm-none-eabi/lib/thumb/v6-m/nofp/libc.a(lib_a-reent.o)
 .ARM.attributes
                0x0000000000000790       0x2c /usr/local/Cellar/arm-gcc-bin@10/10.3-2021.10/bin/../lib/gcc/arm-none-eabi/10.3.1/../../../../arm-none-eabi/lib/thumb/v6-m/nofp/libc.a(lib_a-vfiprintf.o)
 .ARM.attributes
                0x00000000000007bc       0x2c /usr/local/Cellar/arm-gcc-bin@10/10.3-2021.10/bin/../lib/gcc/arm-none-eabi/10.3.1/../../../../arm-none-eabi/lib/thumb/v6-m/nofp/libc.a(lib_a-wctomb_r.o)
 .ARM.attributes
                0x00000000000007e8       0x2c /usr/local/Cellar/arm-gcc-bin@10/10.3-2021.10/bin/../lib/gcc/arm-none-eabi/10.3.1/../../../../arm-none-eabi/lib/thumb/v6-m/nofp/libc.a(lib_a-wsetup.o)
 .ARM.attributes
                0x0000000000000814       0x2c /usr/local/Cellar/arm-gcc-bin@10/10.3-2021.10/bin/../lib/gcc/arm-none-eabi/10.3.1/../../../../arm-none-eabi/lib/thumb/v6-m/nofp/libc.a(lib_a-abort.o)
 .ARM.attributes
                0x0000000000000840       0x2c /usr/local/Cellar/arm-gcc-bin@10/10.3-2021.10/bin/../lib/gcc/arm-none-eabi/10.3.1/../../../../arm-none-eabi/lib/thumb/v6-m/nofp/libc.a(lib_a-ctype_.o)
 .ARM.attributes
                0x000000000000086c       0x2c /usr/local/Cellar/arm-gcc-bin@10/10.3-2021.10/bin/../lib/gcc/arm-none-eabi/10.3.1/../../../../arm-none-eabi/lib/thumb/v6-m/nofp/libc.a(lib_a-fflush.o)
 .ARM.attributes
                0x0000000000000898       0x2c /usr/local/Cellar/arm-gcc-bin@10/10.3-2021.10/bin/../lib/gcc/arm-none-eabi/10.3.1/../../../../arm-none-eabi/lib/thumb/v6-m/nofp/libc.a(lib_a-findfp.o)
 .ARM.attributes
                0x00000000000008c4       0x2c /usr/local/Cellar/arm-gcc-bin@10/10.3-2021.10/bin/../lib/gcc/arm-none-eabi/10.3.1/../../../../arm-none-eabi/lib/thumb/v6-m/nofp/libc.a(lib_a-fputwc.o)
 .ARM.attributes
                0x00000000000008f0       0x2c /usr/local/Cellar/arm-gcc-bin@10/10.3-2021.10/bin/../lib/gcc/arm-none-eabi/10.3.1/../../../../arm-none-eabi/lib/thumb/v6-m/nofp/libc.a(lib_a-fvwrite.o)
 .ARM.attributes
                0x000000000000091c       0x2c /usr/local/Cellar/arm-gcc-bin@10/10.3-2021.10/bin/../lib/gcc/arm-none-eabi/10.3.1/../../../../arm-none-eabi/lib/thumb/v6-m/nofp/libc.a(lib_a-fwalk.o)
 .ARM.attributes
                0x0000000000000948       0x2c /usr/local/Cellar/arm-gcc-bin@10/10.3-2021.10/bin/../lib/gcc/arm-none-eabi/10.3.1/../../../../arm-none-eabi/lib/thumb/v6-m/nofp/libc.a(lib_a-makebuf.o)
 .ARM.attributes
                0x0000000000000974       0x2c /usr/local/Cellar/arm-gcc-bin@10/10.3-2021.10/bin/../lib/gcc/arm-none-eabi/10.3.1/../../../../arm-none-eabi/lib/thumb/v6-m/nofp/libc.a(lib_a-signal.o)
 .ARM.attributes
                0x00000000000009a0       0x2c /usr/local/Cellar/arm-gcc-bin@10/10.3-2021.10/bin/../lib/gcc/arm-none-eabi/10.3.1/../../../../arm-none-eabi/lib/thumb/v6-m/nofp/libc.a(lib_a-signalr.o)
 .ARM.attributes
                0x00000000000009cc       0x2c /usr/local/Cellar/arm-gcc-bin@10/10.3-2021.10/bin/../lib/gcc/arm-none-eabi/10.3.1/../../../../arm-none-eabi/lib/thumb/v6-m/nofp/libc.a(lib_a-stdio.o)
 .ARM.attributes
                0x00000000000009f8       0x2c /usr/local/Cellar/arm-gcc-bin@10/10.3-2021.10/bin/../lib/gcc/arm-none-eabi/10.3.1/../../../../arm-none-eabi/lib/thumb/v6-m/nofp/libc.a(lib_a-wbuf.o)
 .ARM.attributes
                0x0000000000000a24       0x2c /usr/local/Cellar/arm-gcc-bin@10/10.3-2021.10/bin/../lib/gcc/arm-none-eabi/10.3.1/../../../../arm-none-eabi/lib/thumb/v6-m/nofp/libc.a(lib_a-wcrtomb.o)
 .ARM.attributes
                0x0000000000000a50       0x2c /usr/local/Cellar/arm-gcc-bin@10/10.3-2021.10/bin/../lib/gcc/arm-none-eabi/10.3.1/../../../../arm-none-eabi/lib/thumb/v6-m/nofp/libc.a(lib_a-writer.o)
 .ARM.attributes
                0x0000000000000a7c       0x2c /usr/local/Cellar/arm-gcc-bin@10/10.3-2021.10/bin/../lib/gcc/arm-none-eabi/10.3.1/../../../../arm-none-eabi/lib/thumb/v6-m/nofp/libc.a(lib_a-closer.o)
 .ARM.attributes
                0x0000000000000aa8       0x2c /usr/local/Cellar/arm-gcc-bin@10/10.3-2021.10/bin/../lib/gcc/arm-none-eabi/10.3.1/../../../../arm-none-eabi/lib/thumb/v6-m/nofp/libc.a(lib_a-fclose.o)
 .ARM.attributes
                0x0000000000000ad4       0x2c /usr/local/Cellar/arm-gcc-bin@10/10.3-2021.10/bin/../lib/gcc/arm-none-eabi/10.3.1/../../../../arm-none-eabi/lib/thumb/v6-m/nofp/libc.a(lib_a-fstatr.o)
 .ARM.attributes
                0x0000000000000b00       0x2c /usr/local/Cellar/arm-gcc-bin@10/10.3-2021.10/bin/../lib/gcc/arm-none-eabi/10.3.1/../../../../arm-none-eabi/lib/thumb/v6-m/nofp/libc.a(lib_a-isattyr.o)
 .ARM.attributes
                0x0000000000000b2c       0x2c /usr/local/Cellar/arm-gcc-bin@10/10.3-2021.10/bin/../lib/gcc/arm-none-eabi/10.3.1/../../../../arm-none-eabi/lib/thumb/v6-m/nofp/libc.a(lib_a-lseekr.o)
 .ARM.attributes
                0x0000000000000b58       0x2c /usr/local/Cellar/arm-gcc-bin@10/10.3-2021.10/bin/../lib/gcc/arm-none-eabi/10.3.1/../../../../arm-none-eabi/lib/thumb/v6-m/nofp/libc.a(lib_a-readr.o)
 .ARM.attributes
                0x0000000000000b84       0x1e /usr/local/Cellar/arm-gcc-bin@10/10.3-2021.10/bin/../lib/gcc/arm-none-eabi/10.3.1/thumb/v6-m/nofp/libgcc.a(_thumb1_case_uqi.o)
 .ARM.attributes
                0x0000000000000ba2       0x1e /usr/local/Cellar/arm-gcc-bin@10/10.3-2021.10/bin/../lib/gcc/arm-none-eabi/10.3.1/thumb/v6-m/nofp/libgcc.a(_udivsi3.o)