Archive member included to satisfy reference by file (symbol)

libopencm3/lib/libopencm3_stm32f0.a(adc.o)
                              HK.o (adc_disable_external_trigger_regular)
libopencm3/lib/libopencm3_stm32f0.a(adc_common_v2.o)
                              HK.o (adc_power_on)
libopencm3/lib/libopencm3_stm32f0.a(gpio_common_all.o)
                              samp.o (gpio_toggle)
libopencm3/lib/libopencm3_stm32f0.a(gpio_common_f0234.o)
                              cerpa.o (gpio_mode_setup)
libopencm3/lib/libopencm3_stm32f0.a(rcc.o)
                              cerpa.o (rcc_clock_setup_in_hsi_out_48mhz)
libopencm3/lib/libopencm3_stm32f0.a(rcc_common_all.o)
                              cerpa.o (rcc_periph_clock_enable)
libopencm3/lib/libopencm3_stm32f0.a(spi_common_all.o)
                              samp.o (spi_reset)
libopencm3/lib/libopencm3_stm32f0.a(spi_common_v2.o)
                              samp.o (spi_init_master)
libopencm3/lib/libopencm3_stm32f0.a(timer_common_all.o)
                              samp.o (timer_enable_irq)
libopencm3/lib/libopencm3_stm32f0.a(usart_common_all.o)
                              uart.o (usart_set_baudrate)
libopencm3/lib/libopencm3_stm32f0.a(usart_common_v2.o)
                              libopencm3/lib/libopencm3_stm32f0.a(usart_common_all.o) (usart_send)
libopencm3/lib/libopencm3_stm32f0.a(vector.o)
                              (reset_handler)
libopencm3/lib/libopencm3_stm32f0.a(nvic.o)
                              samp.o (nvic_enable_irq)
libopencm3/lib/libopencm3_stm32f0.a(assert.o)
                              libopencm3/lib/libopencm3_stm32f0.a(adc.o) (cm3_assert_failed)
libopencm3/lib/libopencm3_stm32f0.a(flash_common_all.o)
                              libopencm3/lib/libopencm3_stm32f0.a(rcc.o) (flash_prefetch_enable)
/Users/shanewoods/Library/xPacks/@xpack-dev-tools/arm-none-eabi-gcc/10.3.1-2.3.1/.content/bin/../lib/gcc/arm-none-eabi/10.3.1/thumb/v6-m/nofp/libgcc.a(_thumb1_case_uqi.o)
                              libopencm3/lib/libopencm3_stm32f0.a(rcc.o) (__gnu_thumb1_case_uqi)
/Users/shanewoods/Library/xPacks/@xpack-dev-tools/arm-none-eabi-gcc/10.3.1-2.3.1/.content/bin/../lib/gcc/arm-none-eabi/10.3.1/thumb/v6-m/nofp/libgcc.a(_udivsi3.o)
                              libopencm3/lib/libopencm3_stm32f0.a(usart_common_all.o) (__aeabi_uidiv)
/Users/shanewoods/Library/xPacks/@xpack-dev-tools/arm-none-eabi-gcc/10.3.1-2.3.1/.content/bin/../lib/gcc/arm-none-eabi/10.3.1/thumb/v6-m/nofp/libgcc.a(_dvmd_tls.o)
                              /Users/shanewoods/Library/xPacks/@xpack-dev-tools/arm-none-eabi-gcc/10.3.1-2.3.1/.content/bin/../lib/gcc/arm-none-eabi/10.3.1/thumb/v6-m/nofp/libgcc.a(_udivsi3.o) (__aeabi_idiv0)

Discarded input sections

 .group         0x0000000000000000        0xc samp.o
 .group         0x0000000000000000        0xc samp.o
 .group         0x0000000000000000        0xc samp.o
 .group         0x0000000000000000        0xc samp.o
 .group         0x0000000000000000        0xc samp.o
 .group         0x0000000000000000        0xc samp.o
 .group         0x0000000000000000        0xc samp.o
 .group         0x0000000000000000        0xc samp.o
 .group         0x0000000000000000        0xc samp.o
 .group         0x0000000000000000        0xc samp.o
 .group         0x0000000000000000        0xc samp.o
 .group         0x0000000000000000        0xc samp.o
 .group         0x0000000000000000        0xc samp.o
 .group         0x0000000000000000        0xc samp.o
 .group         0x0000000000000000        0xc samp.o
 .group         0x0000000000000000        0xc samp.o
 .group         0x0000000000000000        0xc samp.o
 .group         0x0000000000000000        0xc samp.o
 .group         0x0000000000000000        0xc samp.o
 .group         0x0000000000000000        0xc samp.o
 .group         0x0000000000000000        0xc samp.o
 .group         0x0000000000000000        0xc samp.o
 .group         0x0000000000000000        0xc samp.o
 .group         0x0000000000000000        0xc samp.o
 .group         0x0000000000000000        0xc samp.o
 .group         0x0000000000000000        0xc samp.o
 .group         0x0000000000000000        0xc samp.o
 .text          0x0000000000000000        0x0 samp.o
 .data          0x0000000000000000        0x0 samp.o
 .bss           0x0000000000000000        0x0 samp.o
 .group         0x0000000000000000        0xc uart.o
 .group         0x0000000000000000        0xc uart.o
 .group         0x0000000000000000        0xc uart.o
 .group         0x0000000000000000        0xc uart.o
 .group         0x0000000000000000        0xc uart.o
 .group         0x0000000000000000        0xc uart.o
 .group         0x0000000000000000        0xc uart.o
 .group         0x0000000000000000        0xc uart.o
 .group         0x0000000000000000        0xc uart.o
 .group         0x0000000000000000        0xc uart.o
 .group         0x0000000000000000        0xc uart.o
 .group         0x0000000000000000        0xc uart.o
[...]
Memory Configuration

Name             Origin             Length             Attributes
rom              0x0000000008000000 0x0000000000010000 xr
ram              0x0000000020000000 0x0000000000002000 xrw
*default*        0x0000000000000000 0xffffffffffffffff

Linker script and memory map

LOAD samp.o
LOAD uart.o
LOAD HK.o
LOAD cerpa.o
LOAD libopencm3/lib/libopencm3_stm32f0.a
START GROUP
LOAD /Users/shanewoods/Library/xPacks/@xpack-dev-tools/arm-none-eabi-gcc/10.3.1-2.3.1/.content/bin/../lib/gcc/arm-none-eabi/10.3.1/../../../../arm-none-eabi/lib/thumb/v6-m/nofp/libc.a
LOAD /Users/shanewoods/Library/xPacks/@xpack-dev-tools/arm-none-eabi-gcc/10.3.1-2.3.1/.content/bin/../lib/gcc/arm-none-eabi/10.3.1/thumb/v6-m/nofp/libgcc.a
LOAD /Users/shanewoods/Library/xPacks/@xpack-dev-tools/arm-none-eabi-gcc/10.3.1-2.3.1/.content/bin/../lib/gcc/arm-none-eabi/10.3.1/../../../../arm-none-eabi/lib/thumb/v6-m/nofp/libnosys.a
END GROUP
START GROUP
LOAD /Users/shanewoods/Library/xPacks/@xpack-dev-tools/arm-none-eabi-gcc/10.3.1-2.3.1/.content/bin/../lib/gcc/arm-none-eabi/10.3.1/thumb/v6-m/nofp/libgcc.a
LOAD /Users/shanewoods/Library/xPacks/@xpack-dev-tools/arm-none-eabi-gcc/10.3.1-2.3.1/.content/bin/../lib/gcc/arm-none-eabi/10.3.1/../../../../arm-none-eabi/lib/thumb/v6-m/nofp/libg.a
LOAD /Users/shanewoods/Library/xPacks/@xpack-dev-tools/arm-none-eabi-gcc/10.3.1-2.3.1/.content/bin/../lib/gcc/arm-none-eabi/10.3.1/../../../../arm-none-eabi/lib/thumb/v6-m/nofp/libc.a
END GROUP

.text           0x0000000008000000      0x984
 *(.vectors)
 .vectors       0x0000000008000000       0xc0 libopencm3/lib/libopencm3_stm32f0.a(vector.o)
                0x0000000008000000                vector_table
 *(.text*)
 .text.tim1_cc_isr
                0x00000000080000c0       0x48 samp.o
                0x00000000080000c0                tim1_cc_isr
 .text.StartSAMP
                0x0000000008000108       0x98 samp.o
                0x0000000008000108                StartSAMP
 .text.putch    0x00000000080001a0       0x20 uart.o
                0x00000000080001a0                putch
 .text.putswab  0x00000000080001c0       0x16 uart.o
                0x00000000080001c0                putswab
 *fill*         0x00000000080001d6        0x2 
 .text.startup.main
                0x00000000080001d8      0x12c cerpa.o
                0x00000000080001d8                main
 .text.gpio_toggle
                0x0000000008000304       0x10 libopencm3/lib/libopencm3_stm32f0.a(gpio_common_all.o)
                0x0000000008000304                gpio_toggle
 .text.gpio_mode_setup
                0x0000000008000314       0x40 libopencm3/lib/libopencm3_stm32f0.a(gpio_common_f0234.o)
                0x0000000008000314                gpio_mode_setup
 .text.gpio_set_output_options
                0x0000000008000354       0x3c libopencm3/lib/libopencm3_stm32f0.a(gpio_common_f0234.o)
                0x0000000008000354                gpio_set_output_options
 .text.gpio_set_af
                0x0000000008000390       0x58 libopencm3/lib/libopencm3_stm32f0.a(gpio_common_f0234.o)
                0x0000000008000390                gpio_set_af
 .text.rcc_is_osc_ready
                0x00000000080003e8       0x54 libopencm3/lib/libopencm3_stm32f0.a(rcc.o)
                0x00000000080003e8                rcc_is_osc_ready
 .text.rcc_wait_for_osc_ready
                0x000000000800043c       0x10 libopencm3/lib/libopencm3_stm32f0.a(rcc.o)
                0x000000000800043c                rcc_wait_for_osc_ready
 .text.rcc_osc_on
                0x000000000800044c       0x54 libopencm3/lib/libopencm3_stm32f0.a(rcc.o)
                0x000000000800044c                rcc_osc_on
 .text.rcc_set_sysclk_source
                0x00000000080004a0       0x4c libopencm3/lib/libopencm3_stm32f0.a(rcc.o)
                0x00000000080004a0                rcc_set_sysclk_source
 .text.rcc_set_pll_multiplication_factor
                0x00000000080004ec       0x18 libopencm3/lib/libopencm3_stm32f0.a(rcc.o)
                0x00000000080004ec                rcc_set_pll_multiplication_factor
 .text.rcc_set_pll_source
                0x0000000008000504       0x18 libopencm3/lib/libopencm3_stm32f0.a(rcc.o)
                0x0000000008000504                rcc_set_pll_source
 .text.rcc_set_ppre
                0x000000000800051c       0x18 libopencm3/lib/libopencm3_stm32f0.a(rcc.o)
                0x000000000800051c                rcc_set_ppre
 .text.rcc_set_hpre
                0x0000000008000534       0x14 libopencm3/lib/libopencm3_stm32f0.a(rcc.o)
                0x0000000008000534                rcc_set_hpre
 .text.rcc_clock_setup_in_hsi_out_48mhz
                0x0000000008000548       0x64 libopencm3/lib/libopencm3_stm32f0.a(rcc.o)
                0x0000000008000548                rcc_clock_setup_in_hsi_out_48mhz
 .text.rcc_periph_clock_enable
                0x00000000080005ac       0x1c libopencm3/lib/libopencm3_stm32f0.a(rcc_common_all.o)
                0x00000000080005ac                rcc_periph_clock_enable
 .text.rcc_periph_reset_pulse
                0x00000000080005c8       0x20 libopencm3/lib/libopencm3_stm32f0.a(rcc_common_all.o)
                0x00000000080005c8                rcc_periph_reset_pulse
 .text.spi_reset
                0x00000000080005e8       0x28 libopencm3/lib/libopencm3_stm32f0.a(spi_common_all.o)
                0x00000000080005e8                spi_reset
 .text.spi_enable
                0x0000000008000610        0xa libopencm3/lib/libopencm3_stm32f0.a(spi_common_all.o)
                0x0000000008000610                spi_enable
 .text.spi_enable_software_slave_management
                0x000000000800061a       0x14 libopencm3/lib/libopencm3_stm32f0.a(spi_common_all.o)
                0x000000000800061a                spi_enable_software_slave_management
 .text.spi_set_nss_high
                0x000000000800062e        0xc libopencm3/lib/libopencm3_stm32f0.a(spi_common_all.o)
                0x000000000800062e                spi_set_nss_high
 .text.spi_init_master
                0x000000000800063a       0x24 libopencm3/lib/libopencm3_stm32f0.a(spi_common_v2.o)
                0x000000000800063a                spi_init_master
 *fill*         0x000000000800065e        0x2 
 .text.spi_set_data_size
                0x0000000008000660       0x18 libopencm3/lib/libopencm3_stm32f0.a(spi_common_v2.o)
                0x0000000008000660                spi_set_data_size
 .text.timer_enable_irq
                0x0000000008000678        0x8 libopencm3/lib/libopencm3_stm32f0.a(timer_common_all.o)
                0x0000000008000678                timer_enable_irq
 .text.timer_set_prescaler
                0x0000000008000680        0x4 libopencm3/lib/libopencm3_stm32f0.a(timer_common_all.o)
                0x0000000008000680                timer_set_prescaler
 .text.timer_set_period
                0x0000000008000684        0x4 libopencm3/lib/libopencm3_stm32f0.a(timer_common_all.o)
                0x0000000008000684                timer_set_period
 .text.timer_set_oc_mode
                0x0000000008000688      0x180 libopencm3/lib/libopencm3_stm32f0.a(timer_common_all.o)
                0x0000000008000688                timer_set_oc_mode
 .text.timer_enable_oc_output
                0x0000000008000808       0x3e libopencm3/lib/libopencm3_stm32f0.a(timer_common_all.o)
                0x0000000008000808                timer_enable_oc_output
 .text.timer_set_oc_value
                0x0000000008000846       0x26 libopencm3/lib/libopencm3_stm32f0.a(timer_common_all.o)
                0x0000000008000846                timer_set_oc_value
 .text.timer_enable_break_main_output
                0x000000000800086c        0xc libopencm3/lib/libopencm3_stm32f0.a(timer_common_all.o)
                0x000000000800086c                timer_enable_break_main_output
 .text.timer_generate_event
                0x0000000008000878        0x8 libopencm3/lib/libopencm3_stm32f0.a(timer_common_all.o)
                0x0000000008000878                timer_generate_event
 .text.usart_send_blocking
                0x0000000008000880       0x14 libopencm3/lib/libopencm3_stm32f0.a(usart_common_all.o)
                0x0000000008000880                usart_send_blocking
 .text.usart_send
                0x0000000008000894        0x8 libopencm3/lib/libopencm3_stm32f0.a(usart_common_v2.o)
                0x0000000008000894                usart_send
 .text.usart_wait_send_ready
                0x000000000800089c        0xa libopencm3/lib/libopencm3_stm32f0.a(usart_common_v2.o)
                0x000000000800089c                usart_wait_send_ready
 .text.blocking_handler
                0x00000000080008a6        0x2 libopencm3/lib/libopencm3_stm32f0.a(vector.o)
                0x00000000080008a6                exti0_1_isr
                0x00000000080008a6                rtc_isr
                0x00000000080008a6                tim7_isr
                0x00000000080008a6                dma1_channel4_7_dma2_channel3_5_isr
                0x00000000080008a6                blocking_handler
                0x00000000080008a6                tsc_isr
                0x00000000080008a6                spi1_isr
                0x00000000080008a6                i2c1_isr
                0x00000000080008a6                tim17_isr
                0x00000000080008a6                i2c2_isr
                0x00000000080008a6                usart1_isr
                0x00000000080008a6                usart3_4_isr
                0x00000000080008a6                exti2_3_isr
                0x00000000080008a6                tim16_isr
                0x00000000080008a6                pvd_isr
                0x00000000080008a6                rcc_isr
                0x00000000080008a6                flash_isr
                0x00000000080008a6                hard_fault_handler
                0x00000000080008a6                tim14_isr
                0x00000000080008a6                spi2_isr
                0x00000000080008a6                usb_isr
                0x00000000080008a6                tim15_isr
                0x00000000080008a6                tim3_isr
                0x00000000080008a6                usart2_isr
                0x00000000080008a6                adc_comp_isr
                0x00000000080008a6                dma1_channel1_isr
                0x00000000080008a6                tim6_dac_isr
                0x00000000080008a6                tim1_brk_up_trg_com_isr
                0x00000000080008a6                exti4_15_isr
                0x00000000080008a6                cec_can_isr
                0x00000000080008a6                wwdg_isr
                0x00000000080008a6                tim2_isr
                0x00000000080008a6                dma1_channel2_3_dma2_channel1_2_isr
 .text.null_handler
                0x00000000080008a8        0x2 libopencm3/lib/libopencm3_stm32f0.a(vector.o)
                0x00000000080008a8                null_handler
                0x00000000080008a8                sv_call_handler
                0x00000000080008a8                pend_sv_handler
                0x00000000080008a8                sys_tick_handler
                0x00000000080008a8                nmi_handler
 *fill*         0x00000000080008aa        0x2 
 .text.reset_handler
                0x00000000080008ac       0x88 libopencm3/lib/libopencm3_stm32f0.a(vector.o)
                0x00000000080008ac                reset_handler
 .text.nvic_enable_irq
                0x0000000008000934       0x18 libopencm3/lib/libopencm3_stm32f0.a(nvic.o)
                0x0000000008000934                nvic_enable_irq
 .text.flash_prefetch_enable
                0x000000000800094c       0x10 libopencm3/lib/libopencm3_stm32f0.a(flash_common_all.o)
                0x000000000800094c                flash_prefetch_enable
 .text.flash_set_ws
                0x000000000800095c       0x14 libopencm3/lib/libopencm3_stm32f0.a(flash_common_all.o)
                0x000000000800095c                flash_set_ws
 .text          0x0000000008000970       0x14 /Users/shanewoods/Library/xPacks/@xpack-dev-tools/arm-none-eabi-gcc/10.3.1-2.3.1/.content/bin/../lib/gcc/arm-none-eabi/10.3.1/thumb/v6-m/nofp/libgcc.a(_thumb1_case_uqi.o)
                0x0000000008000970                __gnu_thumb1_case_uqi
                0x0000000008000984                . = ALIGN (0x4)
 *(.rodata*)
                0x0000000008000984                . = ALIGN (0x4)

.glue_7         0x0000000008000984        0x0
 .glue_7        0x0000000008000984        0x0 linker stubs

.glue_7t        0x0000000008000984        0x0
 .glue_7t       0x0000000008000984        0x0 linker stubs

.vfp11_veneer   0x0000000008000984        0x0
 .vfp11_veneer  0x0000000008000984        0x0 linker stubs

.v4_bx          0x0000000008000984        0x0
 .v4_bx         0x0000000008000984        0x0 linker stubs

.iplt           0x0000000008000984        0x0
 .iplt          0x0000000008000984        0x0 samp.o

.rel.dyn        0x0000000008000984        0x0
 .rel.iplt      0x0000000008000984        0x0 samp.o

.preinit_array  0x0000000008000984        0x0
                0x0000000008000984                . = ALIGN (0x4)
                0x0000000008000984                __preinit_array_start = .
 *(.preinit_array)
                0x0000000008000984                __preinit_array_end = .

.init_array     0x0000000008000984        0x0
                0x0000000008000984                . = ALIGN (0x4)
                0x0000000008000984                __init_array_start = .
 *(SORT_BY_NAME(.init_array.*))
 *(.init_array)
                0x0000000008000984                __init_array_end = .

.fini_array     0x0000000008000984        0x0
                0x0000000008000984                . = ALIGN (0x4)
                0x0000000008000984                __fini_array_start = .
 *(.fini_array)
 *(SORT_BY_NAME(.fini_array.*))
                0x0000000008000984                __fini_array_end = .

.ARM.extab
 *(.ARM.extab*)

.ARM.exidx      0x0000000008000984        0x0
                0x0000000008000984                __exidx_start = .
 *(.ARM.exidx*)
                0x0000000008000984                __exidx_end = .
                0x0000000008000984                . = ALIGN (0x4)
                0x0000000008000984                _etext = .

.noinit
 *(.noinit*)
                0x0000000008000984                . = ALIGN (0x4)

.data           0x0000000020000000        0x8 load address 0x0000000008000984
                0x0000000020000000                _data = .
 *(.data*)
 .data.rcc_ahb_frequency
                0x0000000020000000        0x4 libopencm3/lib/libopencm3_stm32f0.a(rcc.o)
                0x0000000020000000                rcc_ahb_frequency
 .data.rcc_apb1_frequency
                0x0000000020000004        0x4 libopencm3/lib/libopencm3_stm32f0.a(rcc.o)
                0x0000000020000004                rcc_apb1_frequency
 *(.ramtext*)
                0x0000000020000008                . = ALIGN (0x4)
                0x0000000020000008                _edata = .
                0x0000000008000984                _data_loadaddr = LOADADDR (.data)

.igot.plt       0x0000000020000008        0x0 load address 0x000000000800098c
 .igot.plt      0x0000000020000008        0x0 samp.o

.bss            0x0000000020000008        0x4 load address 0x000000000800098c
 *(.bss*)
 .bss.period    0x0000000020000008        0x4 cerpa.o
                0x0000000020000008                period
 *(COMMON)
                0x000000002000000c                . = ALIGN (0x4)
                0x000000002000000c                _ebss = .

/DISCARD/
 *(.eh_frame)
                0x000000002000000c                . = ALIGN (0x4)
                0x000000002000000c                end = .
                0x0000000020002000                PROVIDE (_stack = (ORIGIN (ram) + LENGTH (ram)))
OUTPUT(cerp.elf elf32-littlearm)
LOAD linker stubs

.debug_info     0x0000000000000000     0x4e26
 .debug_info    0x0000000000000000      0x3b3 samp.o
 .debug_info    0x00000000000003b3      0x267 uart.o
 .debug_info    0x000000000000061a      0x67b cerpa.o
 .debug_info    0x0000000000000c95      0x266 libopencm3/lib/libopencm3_stm32f0.a(gpio_common_all.o)
 .debug_info    0x0000000000000efb      0x257 libopencm3/lib/libopencm3_stm32f0.a(gpio_common_f0234.o)
 .debug_info    0x0000000000001152      0x991 libopencm3/lib/libopencm3_stm32f0.a(rcc.o)
 .debug_info    0x0000000000001ae3      0x5b0 libopencm3/lib/libopencm3_stm32f0.a(rcc_common_all.o)
 .debug_info    0x0000000000002093      0x998 libopencm3/lib/libopencm3_stm32f0.a(spi_common_all.o)
 .debug_info    0x0000000000002a2b      0x26a libopencm3/lib/libopencm3_stm32f0.a(spi_common_v2.o)
 .debug_info    0x0000000000002c95     0x121b libopencm3/lib/libopencm3_stm32f0.a(timer_common_all.o)
 .debug_info    0x0000000000003eb0      0x5b9 libopencm3/lib/libopencm3_stm32f0.a(usart_common_all.o)
 .debug_info    0x0000000000004469      0x3a2 libopencm3/lib/libopencm3_stm32f0.a(usart_common_v2.o)
 .debug_info    0x000000000000480b      0x2dc libopencm3/lib/libopencm3_stm32f0.a(vector.o)
 .debug_info    0x0000000000004ae7      0x249 libopencm3/lib/libopencm3_stm32f0.a(nvic.o)
 .debug_info    0x0000000000004d30       0xf6 libopencm3/lib/libopencm3_stm32f0.a(flash_common_all.o)

.debug_abbrev   0x0000000000000000     0x1231
 .debug_abbrev  0x0000000000000000       0xcb samp.o
 .debug_abbrev  0x00000000000000cb       0x94 uart.o
 .debug_abbrev  0x000000000000015f      0x149 cerpa.o
 .debug_abbrev  0x00000000000002a8      0x116 libopencm3/lib/libopencm3_stm32f0.a(gpio_common_all.o)
 .debug_abbrev  0x00000000000003be       0xbf libopencm3/lib/libopencm3_stm32f0.a(gpio_common_f0234.o)
 .debug_abbrev  0x000000000000047d      0x2c8 libopencm3/lib/libopencm3_stm32f0.a(rcc.o)
 .debug_abbrev  0x0000000000000745      0x16b libopencm3/lib/libopencm3_stm32f0.a(rcc_common_all.o)
 .debug_abbrev  0x00000000000008b0      0x1d3 libopencm3/lib/libopencm3_stm32f0.a(spi_common_all.o)
 .debug_abbrev  0x0000000000000a83       0xf0 libopencm3/lib/libopencm3_stm32f0.a(spi_common_v2.o)
 .debug_abbrev  0x0000000000000b73      0x19e libopencm3/lib/libopencm3_stm32f0.a(timer_common_all.o)
 .debug_abbrev  0x0000000000000d11      0x13e libopencm3/lib/libopencm3_stm32f0.a(usart_common_all.o)
 .debug_abbrev  0x0000000000000e4f      0x128 libopencm3/lib/libopencm3_stm32f0.a(usart_common_v2.o)
 .debug_abbrev  0x0000000000000f77      0x145 libopencm3/lib/libopencm3_stm32f0.a(vector.o)
 .debug_abbrev  0x00000000000010bc       0xde libopencm3/lib/libopencm3_stm32f0.a(nvic.o)
 .debug_abbrev  0x000000000000119a       0x97 libopencm3/lib/libopencm3_stm32f0.a(flash_common_all.o)

.debug_aranges  0x0000000000000000      0x908
 .debug_aranges
                0x0000000000000000       0x28 samp.o
 .debug_aranges
                0x0000000000000028       0x30 uart.o
 .debug_aranges
                0x0000000000000058       0x20 cerpa.o
 .debug_aranges
                0x0000000000000078       0x50 libopencm3/lib/libopencm3_stm32f0.a(gpio_common_all.o)
 .debug_aranges
                0x00000000000000c8       0x30 libopencm3/lib/libopencm3_stm32f0.a(gpio_common_f0234.o)
 .debug_aranges
                0x00000000000000f8      0x138 libopencm3/lib/libopencm3_stm32f0.a(rcc.o)
 .debug_aranges
                0x0000000000000230       0x60 libopencm3/lib/libopencm3_stm32f0.a(rcc_common_all.o)
 .debug_aranges
                0x0000000000000290      0x178 libopencm3/lib/libopencm3_stm32f0.a(spi_common_all.o)
 .debug_aranges
                0x0000000000000408       0x58 libopencm3/lib/libopencm3_stm32f0.a(spi_common_v2.o)
 .debug_aranges
                0x0000000000000460      0x270 libopencm3/lib/libopencm3_stm32f0.a(timer_common_all.o)
 .debug_aranges
                0x00000000000006d0       0xd8 libopencm3/lib/libopencm3_stm32f0.a(usart_common_all.o)
 .debug_aranges
                0x00000000000007a8       0xa8 libopencm3/lib/libopencm3_stm32f0.a(usart_common_v2.o)
 .debug_aranges
                0x0000000000000850       0x30 libopencm3/lib/libopencm3_stm32f0.a(vector.o)
 .debug_aranges
                0x0000000000000880       0x50 libopencm3/lib/libopencm3_stm32f0.a(nvic.o)
 .debug_aranges
                0x00000000000008d0       0x38 libopencm3/lib/libopencm3_stm32f0.a(flash_common_all.o)

.debug_ranges   0x0000000000000000      0x8a8
 .debug_ranges  0x0000000000000000       0x18 samp.o
 .debug_ranges  0x0000000000000018       0x20 uart.o
 .debug_ranges  0x0000000000000038       0x10 cerpa.o
 .debug_ranges  0x0000000000000048       0x40 libopencm3/lib/libopencm3_stm32f0.a(gpio_common_all.o)
 .debug_ranges  0x0000000000000088       0x20 libopencm3/lib/libopencm3_stm32f0.a(gpio_common_f0234.o)
 .debug_ranges  0x00000000000000a8      0x180 libopencm3/lib/libopencm3_stm32f0.a(rcc.o)
 .debug_ranges  0x0000000000000228       0x50 libopencm3/lib/libopencm3_stm32f0.a(rcc_common_all.o)
 .debug_ranges  0x0000000000000278      0x180 libopencm3/lib/libopencm3_stm32f0.a(spi_common_all.o)
 .debug_ranges  0x00000000000003f8       0x48 libopencm3/lib/libopencm3_stm32f0.a(spi_common_v2.o)
 .debug_ranges  0x0000000000000440      0x260 libopencm3/lib/libopencm3_stm32f0.a(timer_common_all.o)
 .debug_ranges  0x00000000000006a0       0xc8 libopencm3/lib/libopencm3_stm32f0.a(usart_common_all.o)
 .debug_ranges  0x0000000000000768       0x98 libopencm3/lib/libopencm3_stm32f0.a(usart_common_v2.o)
 .debug_ranges  0x0000000000000800       0x20 libopencm3/lib/libopencm3_stm32f0.a(vector.o)
 .debug_ranges  0x0000000000000820       0x60 libopencm3/lib/libopencm3_stm32f0.a(nvic.o)
 .debug_ranges  0x0000000000000880       0x28 libopencm3/lib/libopencm3_stm32f0.a(flash_common_all.o)

.debug_macro    0x0000000000000000     0x55e5
 .debug_macro   0x0000000000000000      0x194 samp.o
 .debug_macro   0x0000000000000194      0xa42 samp.o
 .debug_macro   0x0000000000000bd6       0x1c samp.o
 .debug_macro   0x0000000000000bf2       0x22 samp.o
 .debug_macro   0x0000000000000c14       0x56 samp.o
 .debug_macro   0x0000000000000c6a       0x51 samp.o
 .debug_macro   0x0000000000000cbb      0x103 samp.o
 .debug_macro   0x0000000000000dbe       0x6a samp.o
 .debug_macro   0x0000000000000e28      0x1df samp.o
 .debug_macro   0x0000000000001007       0x22 samp.o
 .debug_macro   0x0000000000001029       0xe8 samp.o
 .debug_macro   0x0000000000001111       0x52 samp.o
 .debug_macro   0x0000000000001163      0x178 samp.o
 .debug_macro   0x00000000000012db       0x76 samp.o
 .debug_macro   0x0000000000001351      0x37e samp.o
 .debug_macro   0x00000000000016cf       0xca samp.o
 .debug_macro   0x0000000000001799       0x3a samp.o
 .debug_macro   0x00000000000017d3      0xf65 samp.o
 .debug_macro   0x0000000000002738       0x52 samp.o
 .debug_macro   0x000000000000278a       0x49 samp.o
 .debug_macro   0x00000000000027d3       0xca samp.o
 .debug_macro   0x000000000000289d      0x2eb samp.o
 .debug_macro   0x0000000000002b88       0xe2 samp.o
 .debug_macro   0x0000000000002c6a      0x190 samp.o
 .debug_macro   0x0000000000002dfa       0x28 samp.o
 .debug_macro   0x0000000000002e22      0x14c samp.o
 .debug_macro   0x0000000000002f6e      0x19d samp.o
 .debug_macro   0x000000000000310b       0xa0 samp.o
 .debug_macro   0x00000000000031ab      0x120 uart.o
 .debug_macro   0x00000000000032cb       0x94 uart.o
 .debug_macro   0x000000000000335f      0x514 uart.o
 .debug_macro   0x0000000000003873       0x34 uart.o
 .debug_macro   0x00000000000038a7      0x186 cerpa.o
 .debug_macro   0x0000000000003a2d      0x7cd cerpa.o
 .debug_macro   0x00000000000041fa       0xd6 libopencm3/lib/libopencm3_stm32f0.a(gpio_common_all.o)
 .debug_macro   0x00000000000042d0       0xd6 libopencm3/lib/libopencm3_stm32f0.a(gpio_common_f0234.o)
 .debug_macro   0x00000000000043a6      0x10d libopencm3/lib/libopencm3_stm32f0.a(rcc.o)
 .debug_macro   0x00000000000044b3       0xee libopencm3/lib/libopencm3_stm32f0.a(rcc.o)
 .debug_macro   0x00000000000045a1       0xd0 libopencm3/lib/libopencm3_stm32f0.a(rcc.o)
 .debug_macro   0x0000000000004671      0x16d libopencm3/lib/libopencm3_stm32f0.a(rcc.o)
 .debug_macro   0x00000000000047de      0x360 libopencm3/lib/libopencm3_stm32f0.a(rcc.o)
 .debug_macro   0x0000000000004b3e       0xce libopencm3/lib/libopencm3_stm32f0.a(rcc_common_all.o)
 .debug_macro   0x0000000000004c0c       0xd4 libopencm3/lib/libopencm3_stm32f0.a(spi_common_all.o)
 .debug_macro   0x0000000000004ce0       0xd4 libopencm3/lib/libopencm3_stm32f0.a(spi_common_v2.o)
 .debug_macro   0x0000000000004db4       0xce libopencm3/lib/libopencm3_stm32f0.a(timer_common_all.o)
 .debug_macro   0x0000000000004e82       0xd9 libopencm3/lib/libopencm3_stm32f0.a(usart_common_all.o)
 .debug_macro   0x0000000000004f5b       0xc1 libopencm3/lib/libopencm3_stm32f0.a(usart_common_v2.o)
 .debug_macro   0x000000000000501c       0xcf libopencm3/lib/libopencm3_stm32f0.a(vector.o)
 .debug_macro   0x00000000000050eb      0x19f libopencm3/lib/libopencm3_stm32f0.a(vector.o)
 .debug_macro   0x000000000000528a       0xb3 libopencm3/lib/libopencm3_stm32f0.a(nvic.o)
 .debug_macro   0x000000000000533d       0x43 libopencm3/lib/libopencm3_stm32f0.a(nvic.o)
 .debug_macro   0x0000000000005380      0x1a5 libopencm3/lib/libopencm3_stm32f0.a(nvic.o)
 .debug_macro   0x0000000000005525       0xc0 libopencm3/lib/libopencm3_stm32f0.a(flash_common_all.o)

.debug_line     0x0000000000000000     0x6d09
 .debug_line    0x0000000000000000      0x5a2 samp.o
 .debug_line    0x00000000000005a2      0x4b1 uart.o
 .debug_line    0x0000000000000a53      0x54b cerpa.o
 .debug_line    0x0000000000000f9e      0x4d0 libopencm3/lib/libopencm3_stm32f0.a(gpio_common_all.o)
 .debug_line    0x000000000000146e      0x5c6 libopencm3/lib/libopencm3_stm32f0.a(gpio_common_f0234.o)
 .debug_line    0x0000000000001a34      0xd47 libopencm3/lib/libopencm3_stm32f0.a(rcc.o)
 .debug_line    0x000000000000277b      0x520 libopencm3/lib/libopencm3_stm32f0.a(rcc_common_all.o)
 .debug_line    0x0000000000002c9b      0xaed libopencm3/lib/libopencm3_stm32f0.a(spi_common_all.o)
 .debug_line    0x0000000000003788      0x550 libopencm3/lib/libopencm3_stm32f0.a(spi_common_v2.o)
 .debug_line    0x0000000000003cd8     0x14a2 libopencm3/lib/libopencm3_stm32f0.a(timer_common_all.o)
 .debug_line    0x000000000000517a      0x76c libopencm3/lib/libopencm3_stm32f0.a(usart_common_all.o)
 .debug_line    0x00000000000058e6      0x63e libopencm3/lib/libopencm3_stm32f0.a(usart_common_v2.o)
 .debug_line    0x0000000000005f24      0x508 libopencm3/lib/libopencm3_stm32f0.a(vector.o)
 .debug_line    0x000000000000642c      0x48b libopencm3/lib/libopencm3_stm32f0.a(nvic.o)
 .debug_line    0x00000000000068b7      0x452 libopencm3/lib/libopencm3_stm32f0.a(flash_common_all.o)

.debug_str      0x0000000000000000    0x15c41
 .debug_str     0x0000000000000000     0xd08d samp.o
                                       0xd1f1 (size before relaxing)
 .debug_str     0x000000000000d08d     0x1c5b uart.o
                                       0x7e35 (size before relaxing)
 .debug_str     0x000000000000ece8     0x2a34 cerpa.o
                                       0xf4e5 (size before relaxing)
 .debug_str     0x000000000001171c      0x151 libopencm3/lib/libopencm3_stm32f0.a(gpio_common_all.o)
                                       0x5e3e (size before relaxing)
 .debug_str     0x000000000001186d       0x61 libopencm3/lib/libopencm3_stm32f0.a(gpio_common_f0234.o)
                                       0x5e60 (size before relaxing)
 .debug_str     0x00000000000118ce     0x1f3a libopencm3/lib/libopencm3_stm32f0.a(rcc.o)
                                       0x906e (size before relaxing)
 .debug_str     0x0000000000013808      0x2fa libopencm3/lib/libopencm3_stm32f0.a(rcc_common_all.o)
                                       0x75e3 (size before relaxing)
 .debug_str     0x0000000000013b02      0x3d8 libopencm3/lib/libopencm3_stm32f0.a(spi_common_all.o)
                                       0x87e3 (size before relaxing)
 .debug_str     0x0000000000013eda       0xb2 libopencm3/lib/libopencm3_stm32f0.a(spi_common_v2.o)
                                       0x82fc (size before relaxing)
 .debug_str     0x0000000000013f8c      0x99f libopencm3/lib/libopencm3_stm32f0.a(timer_common_all.o)
                                       0xbd7e (size before relaxing)
 .debug_str     0x000000000001492b      0x217 libopencm3/lib/libopencm3_stm32f0.a(usart_common_all.o)
                                       0x8f12 (size before relaxing)
 .debug_str     0x0000000000014b42      0x190 libopencm3/lib/libopencm3_stm32f0.a(usart_common_v2.o)
                                       0x66cc (size before relaxing)
 .debug_str     0x0000000000014cd2      0xe92 libopencm3/lib/libopencm3_stm32f0.a(vector.o)
                                       0x526f (size before relaxing)
 .debug_str     0x0000000000015b64       0x8f libopencm3/lib/libopencm3_stm32f0.a(nvic.o)
                                       0x4cfc (size before relaxing)
 .debug_str     0x0000000000015bf3       0x4e libopencm3/lib/libopencm3_stm32f0.a(flash_common_all.o)
                                       0x5303 (size before relaxing)

.comment        0x0000000000000000       0x42
 .comment       0x0000000000000000       0x42 samp.o
                                         0x43 (size before relaxing)
 .comment       0x0000000000000042       0x43 uart.o
 .comment       0x0000000000000042       0x43 cerpa.o
 .comment       0x0000000000000042       0x43 libopencm3/lib/libopencm3_stm32f0.a(gpio_common_all.o)
 .comment       0x0000000000000042       0x43 libopencm3/lib/libopencm3_stm32f0.a(gpio_common_f0234.o)
 .comment       0x0000000000000042       0x43 libopencm3/lib/libopencm3_stm32f0.a(rcc.o)
 .comment       0x0000000000000042       0x43 libopencm3/lib/libopencm3_stm32f0.a(rcc_common_all.o)
 .comment       0x0000000000000042       0x43 libopencm3/lib/libopencm3_stm32f0.a(spi_common_all.o)
 .comment       0x0000000000000042       0x43 libopencm3/lib/libopencm3_stm32f0.a(spi_common_v2.o)
 .comment       0x0000000000000042       0x43 libopencm3/lib/libopencm3_stm32f0.a(timer_common_all.o)
 .comment       0x0000000000000042       0x43 libopencm3/lib/libopencm3_stm32f0.a(usart_common_all.o)
 .comment       0x0000000000000042       0x43 libopencm3/lib/libopencm3_stm32f0.a(usart_common_v2.o)
 .comment       0x0000000000000042       0x43 libopencm3/lib/libopencm3_stm32f0.a(vector.o)
 .comment       0x0000000000000042       0x43 libopencm3/lib/libopencm3_stm32f0.a(nvic.o)
 .comment       0x0000000000000042       0x43 libopencm3/lib/libopencm3_stm32f0.a(flash_common_all.o)

.ARM.attributes
                0x0000000000000000       0x2c
 .ARM.attributes
                0x0000000000000000       0x2c samp.o
 .ARM.attributes
                0x000000000000002c       0x2c uart.o
 .ARM.attributes
                0x0000000000000058       0x2c cerpa.o
 .ARM.attributes
                0x0000000000000084       0x2c libopencm3/lib/libopencm3_stm32f0.a(gpio_common_all.o)
 .ARM.attributes
                0x00000000000000b0       0x2c libopencm3/lib/libopencm3_stm32f0.a(gpio_common_f0234.o)
 .ARM.attributes
                0x00000000000000dc       0x2c libopencm3/lib/libopencm3_stm32f0.a(rcc.o)
 .ARM.attributes
                0x0000000000000108       0x2c libopencm3/lib/libopencm3_stm32f0.a(rcc_common_all.o)
 .ARM.attributes
                0x0000000000000134       0x2c libopencm3/lib/libopencm3_stm32f0.a(spi_common_all.o)
 .ARM.attributes
                0x0000000000000160       0x2c libopencm3/lib/libopencm3_stm32f0.a(spi_common_v2.o)
 .ARM.attributes
                0x000000000000018c       0x2c libopencm3/lib/libopencm3_stm32f0.a(timer_common_all.o)
 .ARM.attributes
                0x00000000000001b8       0x2c libopencm3/lib/libopencm3_stm32f0.a(usart_common_all.o)
 .ARM.attributes
                0x00000000000001e4       0x2c libopencm3/lib/libopencm3_stm32f0.a(usart_common_v2.o)
 .ARM.attributes
                0x0000000000000210       0x2c libopencm3/lib/libopencm3_stm32f0.a(vector.o)
 .ARM.attributes
                0x000000000000023c       0x2c libopencm3/lib/libopencm3_stm32f0.a(nvic.o)
 .ARM.attributes
                0x0000000000000268       0x2c libopencm3/lib/libopencm3_stm32f0.a(flash_common_all.o)
 .ARM.attributes
                0x0000000000000294       0x1e /Users/shanewoods/Library/xPacks/@xpack-dev-tools/arm-none-eabi-gcc/10.3.1-2.3.1/.content/bin/../lib/gcc/arm-none-eabi/10.3.1/thumb/v6-m/nofp/libgcc.a(_thumb1_case_uqi.o)

.debug_frame    0x0000000000000000     0x1270
 .debug_frame   0x0000000000000000       0x48 samp.o
 .debug_frame   0x0000000000000048       0x5c uart.o
 .debug_frame   0x00000000000000a4       0x28 cerpa.o
 .debug_frame   0x00000000000000cc       0x80 libopencm3/lib/libopencm3_stm32f0.a(gpio_common_all.o)
 .debug_frame   0x000000000000014c       0x78 libopencm3/lib/libopencm3_stm32f0.a(gpio_common_f0234.o)
 .debug_frame   0x00000000000001c4      0x2d4 libopencm3/lib/libopencm3_stm32f0.a(rcc.o)
 .debug_frame   0x0000000000000498       0xf0 libopencm3/lib/libopencm3_stm32f0.a(rcc_common_all.o)
 .debug_frame   0x0000000000000588      0x2e0 libopencm3/lib/libopencm3_stm32f0.a(spi_common_all.o)
 .debug_frame   0x0000000000000868       0x9c libopencm3/lib/libopencm3_stm32f0.a(spi_common_v2.o)
 .debug_frame   0x0000000000000904      0x570 libopencm3/lib/libopencm3_stm32f0.a(timer_common_all.o)
 .debug_frame   0x0000000000000e74      0x1ac libopencm3/lib/libopencm3_stm32f0.a(usart_common_all.o)
 .debug_frame   0x0000000000001020      0x130 libopencm3/lib/libopencm3_stm32f0.a(usart_common_v2.o)
 .debug_frame   0x0000000000001150       0x48 libopencm3/lib/libopencm3_stm32f0.a(vector.o)
 .debug_frame   0x0000000000001198       0x88 libopencm3/lib/libopencm3_stm32f0.a(nvic.o)
 .debug_frame   0x0000000000001220       0x50 libopencm3/lib/libopencm3_stm32f0.a(flash_common_all.o)

.debug_loc      0x0000000000000000     0x21bc
 .debug_loc     0x0000000000000000       0x64 uart.o
 .debug_loc     0x0000000000000064       0x73 cerpa.o
 .debug_loc     0x00000000000000d7       0xbe libopencm3/lib/libopencm3_stm32f0.a(gpio_common_all.o)
 .debug_loc     0x0000000000000195      0x257 libopencm3/lib/libopencm3_stm32f0.a(gpio_common_f0234.o)
 .debug_loc     0x00000000000003ec      0x442 libopencm3/lib/libopencm3_stm32f0.a(rcc.o)
 .debug_loc     0x000000000000082e       0xb9 libopencm3/lib/libopencm3_stm32f0.a(rcc_common_all.o)
 .debug_loc     0x00000000000008e7      0x188 libopencm3/lib/libopencm3_stm32f0.a(spi_common_all.o)
 .debug_loc     0x0000000000000a6f      0x145 libopencm3/lib/libopencm3_stm32f0.a(spi_common_v2.o)
 .debug_loc     0x0000000000000bb4     0x10e0 libopencm3/lib/libopencm3_stm32f0.a(timer_common_all.o)
 .debug_loc     0x0000000000001c94      0x18b libopencm3/lib/libopencm3_stm32f0.a(usart_common_all.o)
 .debug_loc     0x0000000000001e1f       0xb6 libopencm3/lib/libopencm3_stm32f0.a(usart_common_v2.o)
 .debug_loc     0x0000000000001ed5      0x11b libopencm3/lib/libopencm3_stm32f0.a(vector.o)
 .debug_loc     0x0000000000001ff0      0x1b7 libopencm3/lib/libopencm3_stm32f0.a(nvic.o)
 .debug_loc     0x00000000000021a7       0x15 libopencm3/lib/libopencm3_stm32f0.a(flash_common_all.o)

Cross Reference Table

Symbol                                            File
HK_samp                                           HK.o
SWP_convert                                       HK.o
SWP_read                                          HK.o
SetupHK                                           HK.o
SetupUART                                         uart.o
StartSAMP                                         samp.o
                                                  cerpa.o
__aeabi_idiv0                                     /Users/shanewoods/Library/xPacks/@xpack-dev-tools/arm-none-eabi-gcc/10.3.1-2.3.1/.content/bin/../lib/gcc/arm-none-eabi/10.3.1/thumb/v6-m/nofp/libgcc.a(_dvmd_tls.o)
                                                  /Users/shanewoods/Library/xPacks/@xpack-dev-tools/arm-none-eabi-gcc/10.3.1-2.3.1/.content/bin/../lib/gcc/arm-none-eabi/10.3.1/thumb/v6-m/nofp/libgcc.a(_udivsi3.o)
__aeabi_ldiv0                                     /Users/shanewoods/Library/xPacks/@xpack-dev-tools/arm-none-eabi-gcc/10.3.1-2.3.1/.content/bin/../lib/gcc/arm-none-eabi/10.3.1/thumb/v6-m/nofp/libgcc.a(_dvmd_tls.o)
__aeabi_uidiv                                     /Users/shanewoods/Library/xPacks/@xpack-dev-tools/arm-none-eabi-gcc/10.3.1-2.3.1/.content/bin/../lib/gcc/arm-none-eabi/10.3.1/thumb/v6-m/nofp/libgcc.a(_udivsi3.o)
                                                  libopencm3/lib/libopencm3_stm32f0.a(usart_common_all.o)
__aeabi_uidivmod                                  /Users/shanewoods/Library/xPacks/@xpack-dev-tools/arm-none-eabi-gcc/10.3.1-2.3.1/.content/bin/../lib/gcc/arm-none-eabi/10.3.1/thumb/v6-m/nofp/libgcc.a(_udivsi3.o)
__fini_array_end                                  libopencm3/lib/libopencm3_stm32f0.a(vector.o)
__fini_array_start                                libopencm3/lib/libopencm3_stm32f0.a(vector.o)
__gnu_thumb1_case_uqi                             /Users/shanewoods/Library/xPacks/@xpack-dev-tools/arm-none-eabi-gcc/10.3.1-2.3.1/.content/bin/../lib/gcc/arm-none-eabi/10.3.1/thumb/v6-m/nofp/libgcc.a(_thumb1_case_uqi.o)
                                                  libopencm3/lib/libopencm3_stm32f0.a(timer_common_all.o)
                                                  libopencm3/lib/libopencm3_stm32f0.a(rcc.o)
__init_array_end                                  libopencm3/lib/libopencm3_stm32f0.a(vector.o)
__init_array_start                                libopencm3/lib/libopencm3_stm32f0.a(vector.o)
__preinit_array_end                               libopencm3/lib/libopencm3_stm32f0.a(vector.o)
__preinit_array_start                             libopencm3/lib/libopencm3_stm32f0.a(vector.o)
__udivsi3                                         /Users/shanewoods/Library/xPacks/@xpack-dev-tools/arm-none-eabi-gcc/10.3.1-2.3.1/.content/bin/../lib/gcc/arm-none-eabi/10.3.1/thumb/v6-m/nofp/libgcc.a(_udivsi3.o)
_data                                             libopencm3/lib/libopencm3_stm32f0.a(vector.o)
_data_loadaddr                                    libopencm3/lib/libopencm3_stm32f0.a(vector.o)
_ebss                                             libopencm3/lib/libopencm3_stm32f0.a(vector.o)
_edata                                            libopencm3/lib/libopencm3_stm32f0.a(vector.o)
_stack                                            libopencm3/lib/libopencm3_stm32f0.a(vector.o)
adc_calibrate                                     libopencm3/lib/libopencm3_stm32f0.a(adc_common_v2.o)
                                                  HK.o
adc_calibrate_async                               libopencm3/lib/libopencm3_stm32f0.a(adc_common_v2.o)
adc_calibrate_start                               libopencm3/lib/libopencm3_stm32f0.a(adc.o)
adc_calibrate_wait_finish                         libopencm3/lib/libopencm3_stm32f0.a(adc.o)
adc_clear_eoc_sequence_flag                       libopencm3/lib/libopencm3_stm32f0.a(adc.o)
adc_clear_overrun_flag                            libopencm3/lib/libopencm3_stm32f0.a(adc_common_v2.o)
adc_clear_watchdog_flag                           libopencm3/lib/libopencm3_stm32f0.a(adc.o)
adc_comp_isr                                      libopencm3/lib/libopencm3_stm32f0.a(vector.o)
adc_disable_analog_watchdog                       libopencm3/lib/libopencm3_stm32f0.a(adc.o)
adc_disable_delayed_conversion_mode               libopencm3/lib/libopencm3_stm32f0.a(adc_common_v2.o)
adc_disable_discontinuous_mode                    libopencm3/lib/libopencm3_stm32f0.a(adc.o)
adc_disable_dma                                   libopencm3/lib/libopencm3_stm32f0.a(adc_common_v2.o)
adc_disable_dma_circular_mode                     libopencm3/lib/libopencm3_stm32f0.a(adc_common_v2.o)
adc_disable_eoc_interrupt                         libopencm3/lib/libopencm3_stm32f0.a(adc_common_v2.o)
adc_disable_eoc_sequence_interrupt                libopencm3/lib/libopencm3_stm32f0.a(adc.o)
adc_disable_external_trigger_regular              libopencm3/lib/libopencm3_stm32f0.a(adc.o)
                                                  HK.o
adc_disable_overrun_interrupt                     libopencm3/lib/libopencm3_stm32f0.a(adc_common_v2.o)
adc_disable_temperature_sensor                    libopencm3/lib/libopencm3_stm32f0.a(adc_common_v2.o)
adc_disable_vbat_sensor                           libopencm3/lib/libopencm3_stm32f0.a(adc.o)
adc_disable_vrefint                               libopencm3/lib/libopencm3_stm32f0.a(adc_common_v2.o)
adc_disable_watchdog_interrupt                    libopencm3/lib/libopencm3_stm32f0.a(adc.o)
adc_enable_analog_watchdog_on_all_channels        libopencm3/lib/libopencm3_stm32f0.a(adc.o)
adc_enable_analog_watchdog_on_selected_channel    libopencm3/lib/libopencm3_stm32f0.a(adc.o)
adc_enable_delayed_conversion_mode                libopencm3/lib/libopencm3_stm32f0.a(adc_common_v2.o)
adc_enable_discontinuous_mode                     libopencm3/lib/libopencm3_stm32f0.a(adc.o)
adc_enable_dma                                    libopencm3/lib/libopencm3_stm32f0.a(adc_common_v2.o)
adc_enable_dma_circular_mode                      libopencm3/lib/libopencm3_stm32f0.a(adc_common_v2.o)
adc_enable_eoc_interrupt                          libopencm3/lib/libopencm3_stm32f0.a(adc_common_v2.o)
adc_enable_eoc_sequence_interrupt                 libopencm3/lib/libopencm3_stm32f0.a(adc.o)
adc_enable_external_trigger_regular               libopencm3/lib/libopencm3_stm32f0.a(adc.o)
adc_enable_overrun_interrupt                      libopencm3/lib/libopencm3_stm32f0.a(adc_common_v2.o)
adc_enable_temperature_sensor                     libopencm3/lib/libopencm3_stm32f0.a(adc_common_v2.o)
                                                  HK.o
adc_enable_vbat_sensor                            libopencm3/lib/libopencm3_stm32f0.a(adc.o)
adc_enable_vrefint                                libopencm3/lib/libopencm3_stm32f0.a(adc_common_v2.o)
                                                  HK.o
adc_enable_watchdog_interrupt                     libopencm3/lib/libopencm3_stm32f0.a(adc.o)
adc_eoc                                           libopencm3/lib/libopencm3_stm32f0.a(adc_common_v2.o)
adc_eos                                           libopencm3/lib/libopencm3_stm32f0.a(adc_common_v2.o)
adc_get_eoc_sequence_flag                         libopencm3/lib/libopencm3_stm32f0.a(adc.o)
adc_get_overrun_flag                              libopencm3/lib/libopencm3_stm32f0.a(adc_common_v2.o)
adc_get_watchdog_flag                             libopencm3/lib/libopencm3_stm32f0.a(adc.o)
adc_is_calibrating                                libopencm3/lib/libopencm3_stm32f0.a(adc_common_v2.o)
                                                  HK.o
adc_is_power_off                                  libopencm3/lib/libopencm3_stm32f0.a(adc_common_v2.o)
adc_is_power_on                                   libopencm3/lib/libopencm3_stm32f0.a(adc_common_v2.o)
adc_power_off                                     libopencm3/lib/libopencm3_stm32f0.a(adc_common_v2.o)
                                                  HK.o
adc_power_off_async                               libopencm3/lib/libopencm3_stm32f0.a(adc_common_v2.o)
adc_power_on                                      libopencm3/lib/libopencm3_stm32f0.a(adc_common_v2.o)
                                                  HK.o
adc_power_on_async                                libopencm3/lib/libopencm3_stm32f0.a(adc_common_v2.o)
adc_read_regular                                  libopencm3/lib/libopencm3_stm32f0.a(adc_common_v2.o)
adc_set_clk_source                                libopencm3/lib/libopencm3_stm32f0.a(adc.o)
                                                  HK.o
adc_set_continuous_conversion_mode                libopencm3/lib/libopencm3_stm32f0.a(adc_common_v2.o)
adc_set_left_aligned                              libopencm3/lib/libopencm3_stm32f0.a(adc_common_v2.o)
adc_set_operation_mode                            libopencm3/lib/libopencm3_stm32f0.a(adc.o)
adc_set_regular_sequence                          libopencm3/lib/libopencm3_stm32f0.a(adc.o)
adc_set_resolution                                libopencm3/lib/libopencm3_stm32f0.a(adc_common_v2.o)
                                                  HK.o
adc_set_right_aligned                             libopencm3/lib/libopencm3_stm32f0.a(adc_common_v2.o)
                                                  HK.o
adc_set_sample_time_on_all_channels               libopencm3/lib/libopencm3_stm32f0.a(adc.o)
                                                  HK.o
adc_set_single_conversion_mode                    libopencm3/lib/libopencm3_stm32f0.a(adc_common_v2.o)
                                                  HK.o
adc_set_watchdog_high_threshold                   libopencm3/lib/libopencm3_stm32f0.a(adc.o)
adc_set_watchdog_low_threshold                    libopencm3/lib/libopencm3_stm32f0.a(adc.o)
adc_start_conversion_regular                      libopencm3/lib/libopencm3_stm32f0.a(adc_common_v2.o)
blocking_handler                                  libopencm3/lib/libopencm3_stm32f0.a(vector.o)
cec_can_isr                                       libopencm3/lib/libopencm3_stm32f0.a(vector.o)
cm3_assert_failed                                 libopencm3/lib/libopencm3_stm32f0.a(assert.o)
                                                  libopencm3/lib/libopencm3_stm32f0.a(rcc.o)
                                                  libopencm3/lib/libopencm3_stm32f0.a(adc.o)
cm3_assert_failed_verbose                         libopencm3/lib/libopencm3_stm32f0.a(assert.o)
dma1_channel1_isr                                 libopencm3/lib/libopencm3_stm32f0.a(vector.o)
dma1_channel2_3_dma2_channel1_2_isr               libopencm3/lib/libopencm3_stm32f0.a(vector.o)
dma1_channel4_7_dma2_channel3_5_isr               libopencm3/lib/libopencm3_stm32f0.a(vector.o)
exti0_1_isr                                       libopencm3/lib/libopencm3_stm32f0.a(vector.o)
exti2_3_isr                                       libopencm3/lib/libopencm3_stm32f0.a(vector.o)
exti4_15_isr                                      libopencm3/lib/libopencm3_stm32f0.a(vector.o)
flash_isr                                         libopencm3/lib/libopencm3_stm32f0.a(vector.o)
flash_prefetch_disable                            libopencm3/lib/libopencm3_stm32f0.a(flash_common_all.o)
flash_prefetch_enable                             libopencm3/lib/libopencm3_stm32f0.a(flash_common_all.o)
                                                  libopencm3/lib/libopencm3_stm32f0.a(rcc.o)
flash_set_ws                                      libopencm3/lib/libopencm3_stm32f0.a(flash_common_all.o)
                                                  libopencm3/lib/libopencm3_stm32f0.a(rcc.o)
flash_unlock_option_bytes                         libopencm3/lib/libopencm3_stm32f0.a(flash_common_all.o)
flip                                              cerpa.o
gpio_clear                                        libopencm3/lib/libopencm3_stm32f0.a(gpio_common_all.o)
gpio_get                                          libopencm3/lib/libopencm3_stm32f0.a(gpio_common_all.o)
gpio_mode_setup                                   libopencm3/lib/libopencm3_stm32f0.a(gpio_common_f0234.o)
                                                  cerpa.o
gpio_port_config_lock                             libopencm3/lib/libopencm3_stm32f0.a(gpio_common_all.o)
gpio_port_read                                    libopencm3/lib/libopencm3_stm32f0.a(gpio_common_all.o)
gpio_port_write                                   libopencm3/lib/libopencm3_stm32f0.a(gpio_common_all.o)
gpio_set                                          libopencm3/lib/libopencm3_stm32f0.a(gpio_common_all.o)
gpio_set_af                                       libopencm3/lib/libopencm3_stm32f0.a(gpio_common_f0234.o)
                                                  cerpa.o
gpio_set_output_options                           libopencm3/lib/libopencm3_stm32f0.a(gpio_common_f0234.o)
                                                  cerpa.o
gpio_toggle                                       libopencm3/lib/libopencm3_stm32f0.a(gpio_common_all.o)
                                                  uart.o
                                                  samp.o
hard_fault_handler                                libopencm3/lib/libopencm3_stm32f0.a(vector.o)
i2c1_isr                                          libopencm3/lib/libopencm3_stm32f0.a(vector.o)
i2c2_isr                                          libopencm3/lib/libopencm3_stm32f0.a(vector.o)
main                                              cerpa.o
                                                  libopencm3/lib/libopencm3_stm32f0.a(vector.o)
nmi_handler                                       libopencm3/lib/libopencm3_stm32f0.a(vector.o)
nsteps                                            cerpa.o
nsteps1                                           cerpa.o
null_handler                                      libopencm3/lib/libopencm3_stm32f0.a(vector.o)
nvic_clear_pending_irq                            libopencm3/lib/libopencm3_stm32f0.a(nvic.o)
nvic_disable_irq                                  libopencm3/lib/libopencm3_stm32f0.a(nvic.o)
nvic_enable_irq                                   libopencm3/lib/libopencm3_stm32f0.a(nvic.o)
                                                  samp.o
nvic_get_irq_enabled                              libopencm3/lib/libopencm3_stm32f0.a(nvic.o)
nvic_get_pending_irq                              libopencm3/lib/libopencm3_stm32f0.a(nvic.o)
nvic_set_pending_irq                              libopencm3/lib/libopencm3_stm32f0.a(nvic.o)
nvic_set_priority                                 libopencm3/lib/libopencm3_stm32f0.a(nvic.o)
pakcount                                          cerpa.o
                                                  HK.o
pend_sv_handler                                   libopencm3/lib/libopencm3_stm32f0.a(vector.o)
period                                            cerpa.o
putch                                             uart.o
putswab                                           uart.o
                                                  samp.o
pvd_isr                                           libopencm3/lib/libopencm3_stm32f0.a(vector.o)
rampbump1                                         cerpa.o
rampbump2                                         cerpa.o
rampstart                                         cerpa.o
rcc_ahb_frequency                                 libopencm3/lib/libopencm3_stm32f0.a(rcc.o)
rcc_apb1_frequency                                libopencm3/lib/libopencm3_stm32f0.a(rcc.o)
                                                  libopencm3/lib/libopencm3_stm32f0.a(usart_common_all.o)
rcc_clock_setup_in_hse_8mhz_out_48mhz             libopencm3/lib/libopencm3_stm32f0.a(rcc.o)
rcc_clock_setup_in_hsi48_out_48mhz                libopencm3/lib/libopencm3_stm32f0.a(rcc.o)
rcc_clock_setup_in_hsi_out_48mhz                  libopencm3/lib/libopencm3_stm32f0.a(rcc.o)
                                                  cerpa.o
rcc_css_disable                                   libopencm3/lib/libopencm3_stm32f0.a(rcc.o)
rcc_css_enable                                    libopencm3/lib/libopencm3_stm32f0.a(rcc.o)
rcc_css_int_clear                                 libopencm3/lib/libopencm3_stm32f0.a(rcc.o)
rcc_css_int_flag                                  libopencm3/lib/libopencm3_stm32f0.a(rcc.o)
rcc_disable_rtc_clock                             libopencm3/lib/libopencm3_stm32f0.a(rcc.o)
rcc_enable_rtc_clock                              libopencm3/lib/libopencm3_stm32f0.a(rcc.o)
rcc_get_div_from_hpre                             libopencm3/lib/libopencm3_stm32f0.a(rcc_common_all.o)
                                                  libopencm3/lib/libopencm3_stm32f0.a(rcc.o)
rcc_get_i2c_clk_freq                              libopencm3/lib/libopencm3_stm32f0.a(rcc.o)
rcc_get_i2c_clocks                                libopencm3/lib/libopencm3_stm32f0.a(rcc.o)
rcc_get_spi_clk_freq                              libopencm3/lib/libopencm3_stm32f0.a(rcc.o)
rcc_get_timer_clk_freq                            libopencm3/lib/libopencm3_stm32f0.a(rcc.o)
rcc_get_usart_clk_freq                            libopencm3/lib/libopencm3_stm32f0.a(rcc.o)
rcc_is_osc_ready                                  libopencm3/lib/libopencm3_stm32f0.a(rcc.o)
rcc_isr                                           libopencm3/lib/libopencm3_stm32f0.a(vector.o)
rcc_osc_bypass_disable                            libopencm3/lib/libopencm3_stm32f0.a(rcc_common_all.o)
rcc_osc_bypass_enable                             libopencm3/lib/libopencm3_stm32f0.a(rcc_common_all.o)
rcc_osc_off                                       libopencm3/lib/libopencm3_stm32f0.a(rcc.o)
rcc_osc_on                                        libopencm3/lib/libopencm3_stm32f0.a(rcc.o)
rcc_osc_ready_int_clear                           libopencm3/lib/libopencm3_stm32f0.a(rcc.o)
rcc_osc_ready_int_disable                         libopencm3/lib/libopencm3_stm32f0.a(rcc.o)
rcc_osc_ready_int_enable                          libopencm3/lib/libopencm3_stm32f0.a(rcc.o)
rcc_osc_ready_int_flag                            libopencm3/lib/libopencm3_stm32f0.a(rcc.o)
rcc_periph_clock_disable                          libopencm3/lib/libopencm3_stm32f0.a(rcc_common_all.o)
rcc_periph_clock_enable                           libopencm3/lib/libopencm3_stm32f0.a(rcc_common_all.o)
                                                  cerpa.o
rcc_periph_reset_hold                             libopencm3/lib/libopencm3_stm32f0.a(rcc_common_all.o)
rcc_periph_reset_pulse                            libopencm3/lib/libopencm3_stm32f0.a(rcc_common_all.o)
                                                  libopencm3/lib/libopencm3_stm32f0.a(spi_common_all.o)
rcc_periph_reset_release                          libopencm3/lib/libopencm3_stm32f0.a(rcc_common_all.o)
rcc_peripheral_clear_reset                        libopencm3/lib/libopencm3_stm32f0.a(rcc_common_all.o)
rcc_peripheral_disable_clock                      libopencm3/lib/libopencm3_stm32f0.a(rcc_common_all.o)
rcc_peripheral_enable_clock                       libopencm3/lib/libopencm3_stm32f0.a(rcc_common_all.o)
rcc_peripheral_reset                              libopencm3/lib/libopencm3_stm32f0.a(rcc_common_all.o)
rcc_set_hpre                                      libopencm3/lib/libopencm3_stm32f0.a(rcc.o)
rcc_set_i2c_clock_hsi                             libopencm3/lib/libopencm3_stm32f0.a(rcc.o)
rcc_set_i2c_clock_sysclk                          libopencm3/lib/libopencm3_stm32f0.a(rcc.o)
rcc_set_mco                                       libopencm3/lib/libopencm3_stm32f0.a(rcc_common_all.o)
rcc_set_pll_multiplication_factor                 libopencm3/lib/libopencm3_stm32f0.a(rcc.o)
rcc_set_pll_source                                libopencm3/lib/libopencm3_stm32f0.a(rcc.o)
rcc_set_pllxtpre                                  libopencm3/lib/libopencm3_stm32f0.a(rcc.o)
rcc_set_ppre                                      libopencm3/lib/libopencm3_stm32f0.a(rcc.o)
rcc_set_prediv                                    libopencm3/lib/libopencm3_stm32f0.a(rcc.o)
rcc_set_rtc_clock_source                          libopencm3/lib/libopencm3_stm32f0.a(rcc.o)
rcc_set_sysclk_source                             libopencm3/lib/libopencm3_stm32f0.a(rcc.o)
rcc_set_usbclk_source                             libopencm3/lib/libopencm3_stm32f0.a(rcc.o)
rcc_system_clock_source                           libopencm3/lib/libopencm3_stm32f0.a(rcc.o)
rcc_usb_clock_source                              libopencm3/lib/libopencm3_stm32f0.a(rcc.o)
rcc_wait_for_osc_ready                            libopencm3/lib/libopencm3_stm32f0.a(rcc.o)
reset_handler                                     libopencm3/lib/libopencm3_stm32f0.a(vector.o)
ropt                                              cerpa.o
                                                  HK.o
rtc_isr                                           libopencm3/lib/libopencm3_stm32f0.a(vector.o)
spi1_isr                                          libopencm3/lib/libopencm3_stm32f0.a(vector.o)
spi2_isr                                          libopencm3/lib/libopencm3_stm32f0.a(vector.o)
spi_clean_disable                                 libopencm3/lib/libopencm3_stm32f0.a(spi_common_all.o)
spi_disable                                       libopencm3/lib/libopencm3_stm32f0.a(spi_common_all.o)
spi_disable_crc                                   libopencm3/lib/libopencm3_stm32f0.a(spi_common_all.o)
spi_disable_error_interrupt                       libopencm3/lib/libopencm3_stm32f0.a(spi_common_all.o)
spi_disable_rx_buffer_not_empty_interrupt         libopencm3/lib/libopencm3_stm32f0.a(spi_common_all.o)
spi_disable_rx_dma                                libopencm3/lib/libopencm3_stm32f0.a(spi_common_all.o)
spi_disable_software_slave_management             libopencm3/lib/libopencm3_stm32f0.a(spi_common_all.o)
spi_disable_ss_output                             libopencm3/lib/libopencm3_stm32f0.a(spi_common_all.o)
spi_disable_tx_buffer_empty_interrupt             libopencm3/lib/libopencm3_stm32f0.a(spi_common_all.o)
spi_disable_tx_dma                                libopencm3/lib/libopencm3_stm32f0.a(spi_common_all.o)
spi_enable                                        libopencm3/lib/libopencm3_stm32f0.a(spi_common_all.o)
                                                  samp.o
spi_enable_crc                                    libopencm3/lib/libopencm3_stm32f0.a(spi_common_all.o)
spi_enable_error_interrupt                        libopencm3/lib/libopencm3_stm32f0.a(spi_common_all.o)
spi_enable_rx_buffer_not_empty_interrupt          libopencm3/lib/libopencm3_stm32f0.a(spi_common_all.o)
spi_enable_rx_dma                                 libopencm3/lib/libopencm3_stm32f0.a(spi_common_all.o)
spi_enable_software_slave_management              libopencm3/lib/libopencm3_stm32f0.a(spi_common_all.o)
                                                  samp.o
spi_enable_ss_output                              libopencm3/lib/libopencm3_stm32f0.a(spi_common_all.o)
spi_enable_tx_buffer_empty_interrupt              libopencm3/lib/libopencm3_stm32f0.a(spi_common_all.o)
spi_enable_tx_dma                                 libopencm3/lib/libopencm3_stm32f0.a(spi_common_all.o)
spi_fifo_reception_threshold_16bit                libopencm3/lib/libopencm3_stm32f0.a(spi_common_v2.o)
spi_fifo_reception_threshold_8bit                 libopencm3/lib/libopencm3_stm32f0.a(spi_common_v2.o)
spi_init_master                                   libopencm3/lib/libopencm3_stm32f0.a(spi_common_v2.o)
                                                  samp.o
spi_read                                          libopencm3/lib/libopencm3_stm32f0.a(spi_common_all.o)
spi_read8                                         libopencm3/lib/libopencm3_stm32f0.a(spi_common_v2.o)
spi_reset                                         libopencm3/lib/libopencm3_stm32f0.a(spi_common_all.o)
                                                  samp.o
spi_send                                          libopencm3/lib/libopencm3_stm32f0.a(spi_common_all.o)
spi_send8                                         libopencm3/lib/libopencm3_stm32f0.a(spi_common_v2.o)
spi_send_lsb_first                                libopencm3/lib/libopencm3_stm32f0.a(spi_common_all.o)
spi_send_msb_first                                libopencm3/lib/libopencm3_stm32f0.a(spi_common_all.o)
spi_set_baudrate_prescaler                        libopencm3/lib/libopencm3_stm32f0.a(spi_common_all.o)
spi_set_bidirectional_mode                        libopencm3/lib/libopencm3_stm32f0.a(spi_common_all.o)
spi_set_bidirectional_receive_only_mode           libopencm3/lib/libopencm3_stm32f0.a(spi_common_all.o)
spi_set_bidirectional_transmit_only_mode          libopencm3/lib/libopencm3_stm32f0.a(spi_common_all.o)
spi_set_clock_phase_0                             libopencm3/lib/libopencm3_stm32f0.a(spi_common_all.o)
spi_set_clock_phase_1                             libopencm3/lib/libopencm3_stm32f0.a(spi_common_all.o)
spi_set_clock_polarity_0                          libopencm3/lib/libopencm3_stm32f0.a(spi_common_all.o)
spi_set_clock_polarity_1                          libopencm3/lib/libopencm3_stm32f0.a(spi_common_all.o)
spi_set_crcl_16bit                                libopencm3/lib/libopencm3_stm32f0.a(spi_common_v2.o)
spi_set_crcl_8bit                                 libopencm3/lib/libopencm3_stm32f0.a(spi_common_v2.o)
spi_set_data_size                                 libopencm3/lib/libopencm3_stm32f0.a(spi_common_v2.o)
                                                  samp.o
spi_set_full_duplex_mode                          libopencm3/lib/libopencm3_stm32f0.a(spi_common_all.o)
spi_set_master_mode                               libopencm3/lib/libopencm3_stm32f0.a(spi_common_all.o)
spi_set_next_tx_from_buffer                       libopencm3/lib/libopencm3_stm32f0.a(spi_common_all.o)
spi_set_next_tx_from_crc                          libopencm3/lib/libopencm3_stm32f0.a(spi_common_all.o)
spi_set_nss_high                                  libopencm3/lib/libopencm3_stm32f0.a(spi_common_all.o)
                                                  samp.o
spi_set_nss_low                                   libopencm3/lib/libopencm3_stm32f0.a(spi_common_all.o)
spi_set_receive_only_mode                         libopencm3/lib/libopencm3_stm32f0.a(spi_common_all.o)
spi_set_slave_mode                                libopencm3/lib/libopencm3_stm32f0.a(spi_common_all.o)
spi_set_standard_mode                             libopencm3/lib/libopencm3_stm32f0.a(spi_common_all.o)
spi_set_unidirectional_mode                       libopencm3/lib/libopencm3_stm32f0.a(spi_common_all.o)
spi_write                                         libopencm3/lib/libopencm3_stm32f0.a(spi_common_all.o)
spi_xfer                                          libopencm3/lib/libopencm3_stm32f0.a(spi_common_all.o)
step                                              cerpa.o
                                                  HK.o
sv_call_handler                                   libopencm3/lib/libopencm3_stm32f0.a(vector.o)
sweeptable                                        cerpa.o
                                                  HK.o
sys_tick_handler                                  libopencm3/lib/libopencm3_stm32f0.a(vector.o)
tim14_isr                                         libopencm3/lib/libopencm3_stm32f0.a(vector.o)
tim15_isr                                         libopencm3/lib/libopencm3_stm32f0.a(vector.o)
tim16_isr                                         libopencm3/lib/libopencm3_stm32f0.a(vector.o)
tim17_isr                                         libopencm3/lib/libopencm3_stm32f0.a(vector.o)
tim1_brk_up_trg_com_isr                           libopencm3/lib/libopencm3_stm32f0.a(vector.o)
tim1_cc_isr                                       samp.o
tim2_isr                                          libopencm3/lib/libopencm3_stm32f0.a(vector.o)
tim3_isr                                          libopencm3/lib/libopencm3_stm32f0.a(vector.o)
tim6_dac_isr                                      libopencm3/lib/libopencm3_stm32f0.a(vector.o)
tim7_isr                                          libopencm3/lib/libopencm3_stm32f0.a(vector.o)
timer_clear_flag                                  libopencm3/lib/libopencm3_stm32f0.a(timer_common_all.o)
timer_continuous_mode                             libopencm3/lib/libopencm3_stm32f0.a(timer_common_all.o)
timer_direction_down                              libopencm3/lib/libopencm3_stm32f0.a(timer_common_all.o)
timer_direction_up                                libopencm3/lib/libopencm3_stm32f0.a(timer_common_all.o)
timer_disable_break                               libopencm3/lib/libopencm3_stm32f0.a(timer_common_all.o)
timer_disable_break_automatic_output              libopencm3/lib/libopencm3_stm32f0.a(timer_common_all.o)
timer_disable_break_main_output                   libopencm3/lib/libopencm3_stm32f0.a(timer_common_all.o)
timer_disable_compare_control_update_on_trigger   libopencm3/lib/libopencm3_stm32f0.a(timer_common_all.o)
timer_disable_counter                             libopencm3/lib/libopencm3_stm32f0.a(timer_common_all.o)
timer_disable_irq                                 libopencm3/lib/libopencm3_stm32f0.a(timer_common_all.o)
timer_disable_oc_clear                            libopencm3/lib/libopencm3_stm32f0.a(timer_common_all.o)
timer_disable_oc_output                           libopencm3/lib/libopencm3_stm32f0.a(timer_common_all.o)
timer_disable_oc_preload                          libopencm3/lib/libopencm3_stm32f0.a(timer_common_all.o)
timer_disable_preload                             libopencm3/lib/libopencm3_stm32f0.a(timer_common_all.o)
timer_disable_preload_complementry_enable_bits    libopencm3/lib/libopencm3_stm32f0.a(timer_common_all.o)
timer_disable_update_event                        libopencm3/lib/libopencm3_stm32f0.a(timer_common_all.o)
timer_enable_break                                libopencm3/lib/libopencm3_stm32f0.a(timer_common_all.o)
timer_enable_break_automatic_output               libopencm3/lib/libopencm3_stm32f0.a(timer_common_all.o)
timer_enable_break_main_output                    libopencm3/lib/libopencm3_stm32f0.a(timer_common_all.o)
                                                  samp.o
timer_enable_compare_control_update_on_trigger    libopencm3/lib/libopencm3_stm32f0.a(timer_common_all.o)
timer_enable_counter                              libopencm3/lib/libopencm3_stm32f0.a(timer_common_all.o)
timer_enable_irq                                  libopencm3/lib/libopencm3_stm32f0.a(timer_common_all.o)
                                                  samp.o
timer_enable_oc_clear                             libopencm3/lib/libopencm3_stm32f0.a(timer_common_all.o)
timer_enable_oc_output                            libopencm3/lib/libopencm3_stm32f0.a(timer_common_all.o)
                                                  samp.o
timer_enable_oc_preload                           libopencm3/lib/libopencm3_stm32f0.a(timer_common_all.o)
timer_enable_preload                              libopencm3/lib/libopencm3_stm32f0.a(timer_common_all.o)
timer_enable_preload_complementry_enable_bits     libopencm3/lib/libopencm3_stm32f0.a(timer_common_all.o)
timer_enable_update_event                         libopencm3/lib/libopencm3_stm32f0.a(timer_common_all.o)
timer_generate_event                              libopencm3/lib/libopencm3_stm32f0.a(timer_common_all.o)
                                                  samp.o
timer_get_counter                                 libopencm3/lib/libopencm3_stm32f0.a(timer_common_all.o)
timer_get_flag                                    libopencm3/lib/libopencm3_stm32f0.a(timer_common_all.o)
timer_ic_disable                                  libopencm3/lib/libopencm3_stm32f0.a(timer_common_all.o)
timer_ic_enable                                   libopencm3/lib/libopencm3_stm32f0.a(timer_common_all.o)
timer_ic_set_filter                               libopencm3/lib/libopencm3_stm32f0.a(timer_common_all.o)
timer_ic_set_input                                libopencm3/lib/libopencm3_stm32f0.a(timer_common_all.o)
timer_ic_set_prescaler                            libopencm3/lib/libopencm3_stm32f0.a(timer_common_all.o)
timer_interrupt_source                            libopencm3/lib/libopencm3_stm32f0.a(timer_common_all.o)
timer_one_shot_mode                               libopencm3/lib/libopencm3_stm32f0.a(timer_common_all.o)
timer_reset_output_idle_state                     libopencm3/lib/libopencm3_stm32f0.a(timer_common_all.o)
timer_set_alignment                               libopencm3/lib/libopencm3_stm32f0.a(timer_common_all.o)
timer_set_break_lock                              libopencm3/lib/libopencm3_stm32f0.a(timer_common_all.o)
timer_set_break_polarity_high                     libopencm3/lib/libopencm3_stm32f0.a(timer_common_all.o)
timer_set_break_polarity_low                      libopencm3/lib/libopencm3_stm32f0.a(timer_common_all.o)
timer_set_clock_division                          libopencm3/lib/libopencm3_stm32f0.a(timer_common_all.o)
timer_set_counter                                 libopencm3/lib/libopencm3_stm32f0.a(timer_common_all.o)
timer_set_deadtime                                libopencm3/lib/libopencm3_stm32f0.a(timer_common_all.o)
timer_set_disabled_off_state_in_idle_mode         libopencm3/lib/libopencm3_stm32f0.a(timer_common_all.o)
timer_set_disabled_off_state_in_run_mode          libopencm3/lib/libopencm3_stm32f0.a(timer_common_all.o)
timer_set_dma_on_compare_event                    libopencm3/lib/libopencm3_stm32f0.a(timer_common_all.o)
timer_set_dma_on_update_event                     libopencm3/lib/libopencm3_stm32f0.a(timer_common_all.o)
timer_set_enabled_off_state_in_idle_mode          libopencm3/lib/libopencm3_stm32f0.a(timer_common_all.o)
timer_set_enabled_off_state_in_run_mode           libopencm3/lib/libopencm3_stm32f0.a(timer_common_all.o)
timer_set_master_mode                             libopencm3/lib/libopencm3_stm32f0.a(timer_common_all.o)
timer_set_mode                                    libopencm3/lib/libopencm3_stm32f0.a(timer_common_all.o)
timer_set_oc_fast_mode                            libopencm3/lib/libopencm3_stm32f0.a(timer_common_all.o)
timer_set_oc_idle_state_set                       libopencm3/lib/libopencm3_stm32f0.a(timer_common_all.o)
timer_set_oc_idle_state_unset                     libopencm3/lib/libopencm3_stm32f0.a(timer_common_all.o)
timer_set_oc_mode                                 libopencm3/lib/libopencm3_stm32f0.a(timer_common_all.o)
                                                  samp.o
timer_set_oc_polarity_high                        libopencm3/lib/libopencm3_stm32f0.a(timer_common_all.o)
timer_set_oc_polarity_low                         libopencm3/lib/libopencm3_stm32f0.a(timer_common_all.o)
timer_set_oc_slow_mode                            libopencm3/lib/libopencm3_stm32f0.a(timer_common_all.o)
timer_set_oc_value                                libopencm3/lib/libopencm3_stm32f0.a(timer_common_all.o)
                                                  samp.o
timer_set_output_idle_state                       libopencm3/lib/libopencm3_stm32f0.a(timer_common_all.o)
timer_set_period                                  libopencm3/lib/libopencm3_stm32f0.a(timer_common_all.o)
                                                  samp.o
timer_set_prescaler                               libopencm3/lib/libopencm3_stm32f0.a(timer_common_all.o)
                                                  samp.o
timer_set_repetition_counter                      libopencm3/lib/libopencm3_stm32f0.a(timer_common_all.o)
timer_set_ti1_ch1                                 libopencm3/lib/libopencm3_stm32f0.a(timer_common_all.o)
timer_set_ti1_ch123_xor                           libopencm3/lib/libopencm3_stm32f0.a(timer_common_all.o)
timer_slave_set_extclockmode2                     libopencm3/lib/libopencm3_stm32f0.a(timer_common_all.o)
timer_slave_set_filter                            libopencm3/lib/libopencm3_stm32f0.a(timer_common_all.o)
timer_slave_set_mode                              libopencm3/lib/libopencm3_stm32f0.a(timer_common_all.o)
timer_slave_set_polarity                          libopencm3/lib/libopencm3_stm32f0.a(timer_common_all.o)
timer_slave_set_prescaler                         libopencm3/lib/libopencm3_stm32f0.a(timer_common_all.o)
timer_slave_set_trigger                           libopencm3/lib/libopencm3_stm32f0.a(timer_common_all.o)
timer_update_on_any                               libopencm3/lib/libopencm3_stm32f0.a(timer_common_all.o)
timer_update_on_overflow                          libopencm3/lib/libopencm3_stm32f0.a(timer_common_all.o)
tsc_isr                                           libopencm3/lib/libopencm3_stm32f0.a(vector.o)
usart1_isr                                        libopencm3/lib/libopencm3_stm32f0.a(vector.o)
usart2_isr                                        libopencm3/lib/libopencm3_stm32f0.a(vector.o)
usart3_4_isr                                      libopencm3/lib/libopencm3_stm32f0.a(vector.o)
usart_disable                                     libopencm3/lib/libopencm3_stm32f0.a(usart_common_all.o)
usart_disable_data_inversion                      libopencm3/lib/libopencm3_stm32f0.a(usart_common_v2.o)
usart_disable_error_interrupt                     libopencm3/lib/libopencm3_stm32f0.a(usart_common_all.o)
usart_disable_halfduplex                          libopencm3/lib/libopencm3_stm32f0.a(usart_common_v2.o)
usart_disable_idle_interrupt                      libopencm3/lib/libopencm3_stm32f0.a(usart_common_all.o)
usart_disable_rx_dma                              libopencm3/lib/libopencm3_stm32f0.a(usart_common_all.o)
usart_disable_rx_interrupt                        libopencm3/lib/libopencm3_stm32f0.a(usart_common_all.o)
usart_disable_rx_inversion                        libopencm3/lib/libopencm3_stm32f0.a(usart_common_v2.o)
usart_disable_rx_timeout                          libopencm3/lib/libopencm3_stm32f0.a(usart_common_v2.o)
usart_disable_rx_timeout_interrupt                libopencm3/lib/libopencm3_stm32f0.a(usart_common_v2.o)
usart_disable_tx_complete_interrupt               libopencm3/lib/libopencm3_stm32f0.a(usart_common_all.o)
usart_disable_tx_dma                              libopencm3/lib/libopencm3_stm32f0.a(usart_common_all.o)
usart_disable_tx_interrupt                        libopencm3/lib/libopencm3_stm32f0.a(usart_common_all.o)
usart_disable_tx_inversion                        libopencm3/lib/libopencm3_stm32f0.a(usart_common_v2.o)
usart_enable                                      libopencm3/lib/libopencm3_stm32f0.a(usart_common_all.o)
                                                  uart.o
usart_enable_data_inversion                       libopencm3/lib/libopencm3_stm32f0.a(usart_common_v2.o)
usart_enable_error_interrupt                      libopencm3/lib/libopencm3_stm32f0.a(usart_common_all.o)
usart_enable_halfduplex                           libopencm3/lib/libopencm3_stm32f0.a(usart_common_v2.o)
usart_enable_idle_interrupt                       libopencm3/lib/libopencm3_stm32f0.a(usart_common_all.o)
usart_enable_rx_dma                               libopencm3/lib/libopencm3_stm32f0.a(usart_common_all.o)
usart_enable_rx_interrupt                         libopencm3/lib/libopencm3_stm32f0.a(usart_common_all.o)
usart_enable_rx_inversion                         libopencm3/lib/libopencm3_stm32f0.a(usart_common_v2.o)
usart_enable_rx_timeout                           libopencm3/lib/libopencm3_stm32f0.a(usart_common_v2.o)
usart_enable_rx_timeout_interrupt                 libopencm3/lib/libopencm3_stm32f0.a(usart_common_v2.o)
usart_enable_tx_complete_interrupt                libopencm3/lib/libopencm3_stm32f0.a(usart_common_all.o)
usart_enable_tx_dma                               libopencm3/lib/libopencm3_stm32f0.a(usart_common_all.o)
usart_enable_tx_interrupt                         libopencm3/lib/libopencm3_stm32f0.a(usart_common_all.o)
usart_enable_tx_inversion                         libopencm3/lib/libopencm3_stm32f0.a(usart_common_v2.o)
usart_get_flag                                    libopencm3/lib/libopencm3_stm32f0.a(usart_common_v2.o)
usart_recv                                        libopencm3/lib/libopencm3_stm32f0.a(usart_common_v2.o)
                                                  libopencm3/lib/libopencm3_stm32f0.a(usart_common_all.o)
usart_recv_blocking                               libopencm3/lib/libopencm3_stm32f0.a(usart_common_all.o)
usart_send                                        libopencm3/lib/libopencm3_stm32f0.a(usart_common_v2.o)
                                                  libopencm3/lib/libopencm3_stm32f0.a(usart_common_all.o)
usart_send_blocking                               libopencm3/lib/libopencm3_stm32f0.a(usart_common_all.o)
                                                  uart.o
usart_set_baudrate                                libopencm3/lib/libopencm3_stm32f0.a(usart_common_all.o)
                                                  uart.o
usart_set_databits                                libopencm3/lib/libopencm3_stm32f0.a(usart_common_all.o)
                                                  uart.o
usart_set_flow_control                            libopencm3/lib/libopencm3_stm32f0.a(usart_common_all.o)
                                                  uart.o
usart_set_mode                                    libopencm3/lib/libopencm3_stm32f0.a(usart_common_all.o)
                                                  uart.o
usart_set_parity                                  libopencm3/lib/libopencm3_stm32f0.a(usart_common_all.o)
                                                  uart.o
usart_set_rx_timeout_value                        libopencm3/lib/libopencm3_stm32f0.a(usart_common_v2.o)
usart_set_stopbits                                libopencm3/lib/libopencm3_stm32f0.a(usart_common_all.o)
                                                  uart.o
usart_wait_recv_ready                             libopencm3/lib/libopencm3_stm32f0.a(usart_common_v2.o)
                                                  libopencm3/lib/libopencm3_stm32f0.a(usart_common_all.o)
usart_wait_send_ready                             libopencm3/lib/libopencm3_stm32f0.a(usart_common_v2.o)
                                                  libopencm3/lib/libopencm3_stm32f0.a(usart_common_all.o)
usb_isr                                           libopencm3/lib/libopencm3_stm32f0.a(vector.o)
vector_table                                      libopencm3/lib/libopencm3_stm32f0.a(vector.o)
wwdg_isr                                          libopencm3/lib/libopencm3_stm32f0.a(vector.o)
