Archive member included to satisfy reference by file (symbol)

./libopencm3//lib/libopencm3_stm32f0.a(adc.o)
                              cerpa.o (adc_disable_external_trigger_regular)
./libopencm3//lib/libopencm3_stm32f0.a(adc_common_v2.o)
                              cerpa.o (adc_power_on)
./libopencm3//lib/libopencm3_stm32f0.a(dac_common_all.o)
                              cerpa.o (dac_enable)
./libopencm3//lib/libopencm3_stm32f0.a(dac_common_v1.o)
                              cerpa.o (dac_buffer_enable)
./libopencm3//lib/libopencm3_stm32f0.a(gpio_common_all.o)
                              cerpa.o (gpio_toggle)
./libopencm3//lib/libopencm3_stm32f0.a(gpio_common_f0234.o)
                              cerpa.o (gpio_mode_setup)
./libopencm3//lib/libopencm3_stm32f0.a(rcc.o)
                              cerpa.o (rcc_clock_setup_in_hsi_out_48mhz)
./libopencm3//lib/libopencm3_stm32f0.a(rcc_common_all.o)
                              cerpa.o (rcc_periph_clock_enable)
./libopencm3//lib/libopencm3_stm32f0.a(spi_common_all.o)
                              cerpa.o (spi_reset)
./libopencm3//lib/libopencm3_stm32f0.a(spi_common_v2.o)
                              cerpa.o (spi_init_master)
./libopencm3//lib/libopencm3_stm32f0.a(timer_common_all.o)
                              cerpa.o (timer_enable_irq)
./libopencm3//lib/libopencm3_stm32f0.a(usart_common_all.o)
                              cerpa.o (usart_set_baudrate)
./libopencm3//lib/libopencm3_stm32f0.a(usart_common_v2.o)
                              ./libopencm3//lib/libopencm3_stm32f0.a(usart_common_all.o) (usart_send)
./libopencm3//lib/libopencm3_stm32f0.a(vector.o)
                              (reset_handler)
./libopencm3//lib/libopencm3_stm32f0.a(nvic.o)
                              cerpa.o (nvic_enable_irq)
./libopencm3//lib/libopencm3_stm32f0.a(assert.o)
                              ./libopencm3//lib/libopencm3_stm32f0.a(adc.o) (cm3_assert_failed)
./libopencm3//lib/libopencm3_stm32f0.a(flash_common_all.o)
                              ./libopencm3//lib/libopencm3_stm32f0.a(rcc.o) (flash_prefetch_enable)
/usr/local/Cellar/arm-gcc-bin@10/10.3-2021.10/bin/../lib/gcc/arm-none-eabi/10.3.1/../../../../arm-none-eabi/lib/thumb/v6-m/nofp/libc.a(lib_a-snprintf.o)
                              cerpa.o (snprintf)
/usr/local/Cellar/arm-gcc-bin@10/10.3-2021.10/bin/../lib/gcc/arm-none-eabi/10.3.1/../../../../arm-none-eabi/lib/thumb/v6-m/nofp/libc.a(lib_a-strcpy.o)
                              cerpa.o (strcpy)
/usr/local/Cellar/arm-gcc-bin@10/10.3-2021.10/bin/../lib/gcc/arm-none-eabi/10.3.1/../../../../arm-none-eabi/lib/thumb/v6-m/nofp/libc.a(lib_a-strlen-stub.o)
                              cerpa.o (strlen)
/usr/local/Cellar/arm-gcc-bin@10/10.3-2021.10/bin/../lib/gcc/arm-none-eabi/10.3.1/../../../../arm-none-eabi/lib/thumb/v6-m/nofp/libc.a(lib_a-svfprintf.o)
                              /usr/local/Cellar/arm-gcc-bin@10/10.3-2021.10/bin/../lib/gcc/arm-none-eabi/10.3.1/../../../../arm-none-eabi/lib/thumb/v6-m/nofp/libc.a(lib_a-snprintf.o) (_svfprintf_r)
/usr/local/Cellar/arm-gcc-bin@10/10.3-2021.10/bin/../lib/gcc/arm-none-eabi/10.3.1/../../../../arm-none-eabi/lib/thumb/v6-m/nofp/libc.a(lib_a-dtoa.o)
                              /usr/local/Cellar/arm-gcc-bin@10/10.3-2021.10/bin/../lib/gcc/arm-none-eabi/10.3.1/../../../../arm-none-eabi/lib/thumb/v6-m/nofp/libc.a(lib_a-svfprintf.o) (_dtoa_r)
/usr/local/Cellar/arm-gcc-bin@10/10.3-2021.10/bin/../lib/gcc/arm-none-eabi/10.3.1/../../../../arm-none-eabi/lib/thumb/v6-m/nofp/libc.a(lib_a-freer.o)
                              /usr/local/Cellar/arm-gcc-bin@10/10.3-2021.10/bin/../lib/gcc/arm-none-eabi/10.3.1/../../../../arm-none-eabi/lib/thumb/v6-m/nofp/libc.a(lib_a-svfprintf.o) (_free_r)
/usr/local/Cellar/arm-gcc-bin@10/10.3-2021.10/bin/../lib/gcc/arm-none-eabi/10.3.1/../../../../arm-none-eabi/lib/thumb/v6-m/nofp/libc.a(lib_a-impure.o)
                              /usr/local/Cellar/arm-gcc-bin@10/10.3-2021.10/bin/../lib/gcc/arm-none-eabi/10.3.1/../../../../arm-none-eabi/lib/thumb/v6-m/nofp/libc.a(lib_a-snprintf.o) (_impure_ptr)
/usr/local/Cellar/arm-gcc-bin@10/10.3-2021.10/bin/../lib/gcc/arm-none-eabi/10.3.1/../../../../arm-none-eabi/lib/thumb/v6-m/nofp/libc.a(lib_a-localeconv.o)
                              /usr/local/Cellar/arm-gcc-bin@10/10.3-2021.10/bin/../lib/gcc/arm-none-eabi/10.3.1/../../../../arm-none-eabi/lib/thumb/v6-m/nofp/libc.a(lib_a-svfprintf.o) (_localeconv_r)
/usr/local/Cellar/arm-gcc-bin@10/10.3-2021.10/bin/../lib/gcc/arm-none-eabi/10.3.1/../../../../arm-none-eabi/lib/thumb/v6-m/nofp/libc.a(lib_a-mallocr.o)
                              /usr/local/Cellar/arm-gcc-bin@10/10.3-2021.10/bin/../lib/gcc/arm-none-eabi/10.3.1/../../../../arm-none-eabi/lib/thumb/v6-m/nofp/libc.a(lib_a-svfprintf.o) (_malloc_r)
/usr/local/Cellar/arm-gcc-bin@10/10.3-2021.10/bin/../lib/gcc/arm-none-eabi/10.3.1/../../../../arm-none-eabi/lib/thumb/v6-m/nofp/libc.a(lib_a-memchr-stub.o)
[...]
Memory Configuration

Name             Origin             Length             Attributes
rom              0x0000000008000000 0x0000000000010000 xr
ram              0x0000000020000000 0x0000000000002000 xrw
*default*        0x0000000000000000 0xffffffffffffffff

Linker script and memory map

LOAD cerpa.o
LOAD ./libopencm3//lib/libopencm3_stm32f0.a
START GROUP
LOAD /usr/local/Cellar/arm-gcc-bin@10/10.3-2021.10/bin/../lib/gcc/arm-none-eabi/10.3.1/../../../../arm-none-eabi/lib/thumb/v6-m/nofp/libc.a
LOAD /usr/local/Cellar/arm-gcc-bin@10/10.3-2021.10/bin/../lib/gcc/arm-none-eabi/10.3.1/thumb/v6-m/nofp/libgcc.a
LOAD /usr/local/Cellar/arm-gcc-bin@10/10.3-2021.10/bin/../lib/gcc/arm-none-eabi/10.3.1/../../../../arm-none-eabi/lib/thumb/v6-m/nofp/libnosys.a
END GROUP
START GROUP
LOAD /usr/local/Cellar/arm-gcc-bin@10/10.3-2021.10/bin/../lib/gcc/arm-none-eabi/10.3.1/thumb/v6-m/nofp/libgcc.a
LOAD /usr/local/Cellar/arm-gcc-bin@10/10.3-2021.10/bin/../lib/gcc/arm-none-eabi/10.3.1/../../../../arm-none-eabi/lib/thumb/v6-m/nofp/libg.a
LOAD /usr/local/Cellar/arm-gcc-bin@10/10.3-2021.10/bin/../lib/gcc/arm-none-eabi/10.3.1/../../../../arm-none-eabi/lib/thumb/v6-m/nofp/libc.a
END GROUP

.text           0x0000000008000000     0xa18c
 *(.vectors)
 .vectors       0x0000000008000000       0xc0 ./libopencm3//lib/libopencm3_stm32f0.a(vector.o)
                0x0000000008000000                vector_table
 *(.text*)
 .text.adc_samp
                0x00000000080000c0       0x30 cerpa.o
 .text.SetupSweep
                0x00000000080000f0       0xc8 cerpa.o
 .text.SWP_convert
                0x00000000080001b8       0x24 cerpa.o
                0x00000000080001b8                SWP_convert
 .text.SWP_read
                0x00000000080001dc       0x5c cerpa.o
                0x00000000080001dc                SWP_read
 .text.HK_samp  0x0000000008000238       0x2c cerpa.o
                0x0000000008000238                HK_samp
 .text.putch    0x0000000008000264       0x30 cerpa.o
                0x0000000008000264                putch
 .text.putwd    0x0000000008000294       0x18 cerpa.o
                0x0000000008000294                putwd
 .text.putswab  0x00000000080002ac       0x16 cerpa.o
                0x00000000080002ac                putswab
 *fill*         0x00000000080002c2        0x2 
 .text.tim1_cc_isr
                0x00000000080002c4      0x300 cerpa.o
                0x00000000080002c4                tim1_cc_isr
 .text.StartSAMP
                0x00000000080005c4       0xd8 cerpa.o
                0x00000000080005c4                StartSAMP
 .text.SetupUART
                0x000000000800069c       0x9c cerpa.o
                0x000000000800069c                SetupUART
 .text.SetupHK  0x0000000008000738       0x98 cerpa.o
                0x0000000008000738                SetupHK
 .text.startup.main
                0x00000000080007d0      0x360 cerpa.o
                0x00000000080007d0                main
 .text.adc_disable_external_trigger_regular
                0x0000000008000b30       0x10 ./libopencm3//lib/libopencm3_stm32f0.a(adc.o)
                0x0000000008000b30                adc_disable_external_trigger_regular
 .text.adc_set_clk_source
                0x0000000008000b40        0xc ./libopencm3//lib/libopencm3_stm32f0.a(adc.o)
                0x0000000008000b40                adc_set_clk_source
 .text.adc_set_sample_time_on_all_channels
                0x0000000008000b4c        0x8 ./libopencm3//lib/libopencm3_stm32f0.a(adc.o)
                0x0000000008000b4c                adc_set_sample_time_on_all_channels
 .text.adc_power_on_async
                0x0000000008000b54        0xa ./libopencm3//lib/libopencm3_stm32f0.a(adc_common_v2.o)
                0x0000000008000b54                adc_power_on_async
 .text.adc_power_on
                0x0000000008000b5e       0x12 ./libopencm3//lib/libopencm3_stm32f0.a(adc_common_v2.o)
                0x0000000008000b5e                adc_power_on
 .text.adc_is_power_off
                0x0000000008000b70        0x8 ./libopencm3//lib/libopencm3_stm32f0.a(adc_common_v2.o)
                0x0000000008000b70                adc_is_power_off
 .text.adc_power_off_async
                0x0000000008000b78       0x30 ./libopencm3//lib/libopencm3_stm32f0.a(adc_common_v2.o)
                0x0000000008000b78                adc_power_off_async
 .text.adc_power_off
                0x0000000008000ba8       0x14 ./libopencm3//lib/libopencm3_stm32f0.a(adc_common_v2.o)
                0x0000000008000ba8                adc_power_off
 .text.adc_calibrate_async
                0x0000000008000bbc        0xc ./libopencm3//lib/libopencm3_stm32f0.a(adc_common_v2.o)
                0x0000000008000bbc                adc_calibrate_async
 .text.adc_is_calibrating
                0x0000000008000bc8        0x6 ./libopencm3//lib/libopencm3_stm32f0.a(adc_common_v2.o)
                0x0000000008000bc8                adc_is_calibrating
 .text.adc_calibrate
                0x0000000008000bce       0x10 ./libopencm3//lib/libopencm3_stm32f0.a(adc_common_v2.o)
                0x0000000008000bce                adc_calibrate
 *fill*         0x0000000008000bde        0x2 
 .text.adc_set_single_conversion_mode
                0x0000000008000be0       0x10 ./libopencm3//lib/libopencm3_stm32f0.a(adc_common_v2.o)
                0x0000000008000be0                adc_set_single_conversion_mode
 .text.adc_set_resolution
                0x0000000008000bf0        0xc ./libopencm3//lib/libopencm3_stm32f0.a(adc_common_v2.o)
                0x0000000008000bf0                adc_set_resolution
 .text.adc_set_right_aligned
                0x0000000008000bfc        0xa ./libopencm3//lib/libopencm3_stm32f0.a(adc_common_v2.o)
                0x0000000008000bfc                adc_set_right_aligned
 *fill*         0x0000000008000c06        0x2 
 .text.adc_enable_temperature_sensor
                0x0000000008000c08       0x14 ./libopencm3//lib/libopencm3_stm32f0.a(adc_common_v2.o)
                0x0000000008000c08                adc_enable_temperature_sensor
 .text.adc_enable_vrefint
                0x0000000008000c1c       0x14 ./libopencm3//lib/libopencm3_stm32f0.a(adc_common_v2.o)
                0x0000000008000c1c                adc_enable_vrefint
 .text.dac_enable
                0x0000000008000c30       0x2c ./libopencm3//lib/libopencm3_stm32f0.a(dac_common_all.o)
                0x0000000008000c30                dac_enable
 .text.dac_disable
                0x0000000008000c5c       0x2c ./libopencm3//lib/libopencm3_stm32f0.a(dac_common_all.o)
                0x0000000008000c5c                dac_disable
 .text.dac_trigger_disable
                0x0000000008000c88       0x2c ./libopencm3//lib/libopencm3_stm32f0.a(dac_common_all.o)
                0x0000000008000c88                dac_trigger_disable
 .text.dac_set_waveform_generation
                0x0000000008000cb4       0x34 ./libopencm3//lib/libopencm3_stm32f0.a(dac_common_all.o)
                0x0000000008000cb4                dac_set_waveform_generation
 .text.dac_disable_waveform_generation
                0x0000000008000ce8        0xa ./libopencm3//lib/libopencm3_stm32f0.a(dac_common_all.o)
                0x0000000008000ce8                dac_disable_waveform_generation
 .text.dac_load_data_buffer_single
                0x0000000008000cf2       0x38 ./libopencm3//lib/libopencm3_stm32f0.a(dac_common_all.o)
                0x0000000008000cf2                dac_load_data_buffer_single
 *fill*         0x0000000008000d2a        0x2 
 .text.dac_buffer_enable
                0x0000000008000d2c       0x2c ./libopencm3//lib/libopencm3_stm32f0.a(dac_common_v1.o)
                0x0000000008000d2c                dac_buffer_enable
 .text.gpio_toggle
                0x0000000008000d58       0x10 ./libopencm3//lib/libopencm3_stm32f0.a(gpio_common_all.o)
                0x0000000008000d58                gpio_toggle
 .text.gpio_mode_setup
                0x0000000008000d68       0x40 ./libopencm3//lib/libopencm3_stm32f0.a(gpio_common_f0234.o)
                0x0000000008000d68                gpio_mode_setup
 .text.gpio_set_output_options
                0x0000000008000da8       0x3c ./libopencm3//lib/libopencm3_stm32f0.a(gpio_common_f0234.o)
                0x0000000008000da8                gpio_set_output_options
 .text.gpio_set_af
                0x0000000008000de4       0x58 ./libopencm3//lib/libopencm3_stm32f0.a(gpio_common_f0234.o)
                0x0000000008000de4                gpio_set_af
 .text.rcc_is_osc_ready
                0x0000000008000e3c       0x54 ./libopencm3//lib/libopencm3_stm32f0.a(rcc.o)
                0x0000000008000e3c                rcc_is_osc_ready
 .text.rcc_wait_for_osc_ready
                0x0000000008000e90       0x10 ./libopencm3//lib/libopencm3_stm32f0.a(rcc.o)
                0x0000000008000e90                rcc_wait_for_osc_ready
 .text.rcc_osc_on
                0x0000000008000ea0       0x54 ./libopencm3//lib/libopencm3_stm32f0.a(rcc.o)
                0x0000000008000ea0                rcc_osc_on
 .text.rcc_set_sysclk_source
                0x0000000008000ef4       0x4c ./libopencm3//lib/libopencm3_stm32f0.a(rcc.o)
                0x0000000008000ef4                rcc_set_sysclk_source
 .text.rcc_set_pll_multiplication_factor
                0x0000000008000f40       0x18 ./libopencm3//lib/libopencm3_stm32f0.a(rcc.o)
                0x0000000008000f40                rcc_set_pll_multiplication_factor
 .text.rcc_set_pll_source
                0x0000000008000f58       0x18 ./libopencm3//lib/libopencm3_stm32f0.a(rcc.o)
                0x0000000008000f58                rcc_set_pll_source
 .text.rcc_set_ppre
                0x0000000008000f70       0x18 ./libopencm3//lib/libopencm3_stm32f0.a(rcc.o)
                0x0000000008000f70                rcc_set_ppre
 .text.rcc_set_hpre
                0x0000000008000f88       0x14 ./libopencm3//lib/libopencm3_stm32f0.a(rcc.o)
                0x0000000008000f88                rcc_set_hpre
 .text.rcc_clock_setup_in_hsi_out_48mhz
                0x0000000008000f9c       0x64 ./libopencm3//lib/libopencm3_stm32f0.a(rcc.o)
                0x0000000008000f9c                rcc_clock_setup_in_hsi_out_48mhz
 .text.rcc_periph_clock_enable
                0x0000000008001000       0x1c ./libopencm3//lib/libopencm3_stm32f0.a(rcc_common_all.o)
                0x0000000008001000                rcc_periph_clock_enable
 .text.rcc_periph_reset_pulse
                0x000000000800101c       0x20 ./libopencm3//lib/libopencm3_stm32f0.a(rcc_common_all.o)
                0x000000000800101c                rcc_periph_reset_pulse
 .text.spi_reset
                0x000000000800103c       0x28 ./libopencm3//lib/libopencm3_stm32f0.a(spi_common_all.o)
                0x000000000800103c                spi_reset
 .text.spi_enable
                0x0000000008001064        0xa ./libopencm3//lib/libopencm3_stm32f0.a(spi_common_all.o)
                0x0000000008001064                spi_enable
 .text.spi_send
                0x000000000800106e        0xc ./libopencm3//lib/libopencm3_stm32f0.a(spi_common_all.o)
                0x000000000800106e                spi_send
 .text.spi_enable_software_slave_management
                0x000000000800107a       0x14 ./libopencm3//lib/libopencm3_stm32f0.a(spi_common_all.o)
                0x000000000800107a                spi_enable_software_slave_management
 .text.spi_set_nss_high
                0x000000000800108e        0xc ./libopencm3//lib/libopencm3_stm32f0.a(spi_common_all.o)
                0x000000000800108e                spi_set_nss_high
 .text.spi_init_master
                0x000000000800109a       0x24 ./libopencm3//lib/libopencm3_stm32f0.a(spi_common_v2.o)
                0x000000000800109a                spi_init_master
 *fill*         0x00000000080010be        0x2 
 .text.spi_set_data_size
                0x00000000080010c0       0x18 ./libopencm3//lib/libopencm3_stm32f0.a(spi_common_v2.o)
                0x00000000080010c0                spi_set_data_size
 .text.timer_enable_irq
                0x00000000080010d8        0x8 ./libopencm3//lib/libopencm3_stm32f0.a(timer_common_all.o)
                0x00000000080010d8                timer_enable_irq
 .text.timer_set_prescaler
                0x00000000080010e0        0x4 ./libopencm3//lib/libopencm3_stm32f0.a(timer_common_all.o)
                0x00000000080010e0                timer_set_prescaler
 .text.timer_set_period
                0x00000000080010e4        0x4 ./libopencm3//lib/libopencm3_stm32f0.a(timer_common_all.o)
                0x00000000080010e4                timer_set_period
 .text.timer_set_oc_mode
                0x00000000080010e8      0x180 ./libopencm3//lib/libopencm3_stm32f0.a(timer_common_all.o)
                0x00000000080010e8                timer_set_oc_mode
 .text.timer_enable_oc_output
                0x0000000008001268       0x3e ./libopencm3//lib/libopencm3_stm32f0.a(timer_common_all.o)
                0x0000000008001268                timer_enable_oc_output
 .text.timer_set_oc_value
                0x00000000080012a6       0x26 ./libopencm3//lib/libopencm3_stm32f0.a(timer_common_all.o)
                0x00000000080012a6                timer_set_oc_value
 .text.timer_enable_break_main_output
                0x00000000080012cc        0xc ./libopencm3//lib/libopencm3_stm32f0.a(timer_common_all.o)
                0x00000000080012cc                timer_enable_break_main_output
 .text.timer_generate_event
                0x00000000080012d8        0x8 ./libopencm3//lib/libopencm3_stm32f0.a(timer_common_all.o)
                0x00000000080012d8                timer_generate_event
 .text.usart_set_baudrate
                0x00000000080012e0       0x18 ./libopencm3//lib/libopencm3_stm32f0.a(usart_common_all.o)
                0x00000000080012e0                usart_set_baudrate
 .text.usart_set_databits
                0x00000000080012f8       0x1c ./libopencm3//lib/libopencm3_stm32f0.a(usart_common_all.o)
                0x00000000080012f8                usart_set_databits
 .text.usart_set_stopbits
                0x0000000008001314       0x10 ./libopencm3//lib/libopencm3_stm32f0.a(usart_common_all.o)
                0x0000000008001314                usart_set_stopbits
 .text.usart_set_parity
                0x0000000008001324       0x10 ./libopencm3//lib/libopencm3_stm32f0.a(usart_common_all.o)
                0x0000000008001324                usart_set_parity
 .text.usart_set_mode
                0x0000000008001334        0xc ./libopencm3//lib/libopencm3_stm32f0.a(usart_common_all.o)
                0x0000000008001334                usart_set_mode
 .text.usart_set_flow_control
                0x0000000008001340       0x10 ./libopencm3//lib/libopencm3_stm32f0.a(usart_common_all.o)
                0x0000000008001340                usart_set_flow_control
 .text.usart_enable
                0x0000000008001350        0xa ./libopencm3//lib/libopencm3_stm32f0.a(usart_common_all.o)
                0x0000000008001350                usart_enable
 .text.usart_send_blocking
                0x000000000800135a       0x14 ./libopencm3//lib/libopencm3_stm32f0.a(usart_common_all.o)
                0x000000000800135a                usart_send_blocking
 .text.usart_enable_tx_interrupt
                0x000000000800136e        0xa ./libopencm3//lib/libopencm3_stm32f0.a(usart_common_all.o)
                0x000000000800136e                usart_enable_tx_interrupt
 .text.usart_disable_tx_interrupt
                0x0000000008001378        0xa ./libopencm3//lib/libopencm3_stm32f0.a(usart_common_all.o)
                0x0000000008001378                usart_disable_tx_interrupt
 .text.usart_send
                0x0000000008001382        0x8 ./libopencm3//lib/libopencm3_stm32f0.a(usart_common_v2.o)
                0x0000000008001382                usart_send
 .text.usart_wait_send_ready
                0x000000000800138a        0xa ./libopencm3//lib/libopencm3_stm32f0.a(usart_common_v2.o)
                0x000000000800138a                usart_wait_send_ready
 .text.blocking_handler
                0x0000000008001394        0x2 ./libopencm3//lib/libopencm3_stm32f0.a(vector.o)
                0x0000000008001394                exti0_1_isr
                0x0000000008001394                rtc_isr
                0x0000000008001394                tim7_isr
                0x0000000008001394                dma1_channel4_7_dma2_channel3_5_isr
                0x0000000008001394                blocking_handler
                0x0000000008001394                tsc_isr
                0x0000000008001394                spi1_isr
                0x0000000008001394                i2c1_isr
                0x0000000008001394                tim17_isr
                0x0000000008001394                i2c2_isr
                0x0000000008001394                usart1_isr
                0x0000000008001394                usart3_4_isr
                0x0000000008001394                exti2_3_isr
                0x0000000008001394                tim16_isr
                0x0000000008001394                pvd_isr
                0x0000000008001394                rcc_isr
                0x0000000008001394                flash_isr
                0x0000000008001394                hard_fault_handler
                0x0000000008001394                tim14_isr
                0x0000000008001394                spi2_isr
                0x0000000008001394                usb_isr
                0x0000000008001394                tim15_isr
                0x0000000008001394                tim3_isr
                0x0000000008001394                usart2_isr
                0x0000000008001394                adc_comp_isr
                0x0000000008001394                dma1_channel1_isr
                0x0000000008001394                tim6_dac_isr
                0x0000000008001394                tim1_brk_up_trg_com_isr
                0x0000000008001394                exti4_15_isr
                0x0000000008001394                cec_can_isr
                0x0000000008001394                wwdg_isr
                0x0000000008001394                tim2_isr
                0x0000000008001394                dma1_channel2_3_dma2_channel1_2_isr
 .text.null_handler
                0x0000000008001396        0x2 ./libopencm3//lib/libopencm3_stm32f0.a(vector.o)
                0x0000000008001396                null_handler
                0x0000000008001396                sv_call_handler
                0x0000000008001396                pend_sv_handler
                0x0000000008001396                sys_tick_handler
                0x0000000008001396                nmi_handler
 .text.reset_handler
                0x0000000008001398       0x88 ./libopencm3//lib/libopencm3_stm32f0.a(vector.o)
                0x0000000008001398                reset_handler
 .text.nvic_enable_irq
                0x0000000008001420       0x18 ./libopencm3//lib/libopencm3_stm32f0.a(nvic.o)
                0x0000000008001420                nvic_enable_irq
 .text.flash_prefetch_enable
                0x0000000008001438       0x10 ./libopencm3//lib/libopencm3_stm32f0.a(flash_common_all.o)
                0x0000000008001438                flash_prefetch_enable
 .text.flash_set_ws
                0x0000000008001448       0x14 ./libopencm3//lib/libopencm3_stm32f0.a(flash_common_all.o)
                0x0000000008001448                flash_set_ws
 .text.snprintf
                0x000000000800145c       0x84 /usr/local/Cellar/arm-gcc-bin@10/10.3-2021.10/bin/../lib/gcc/arm-none-eabi/10.3.1/../../../../arm-none-eabi/lib/thumb/v6-m/nofp/libc.a(lib_a-snprintf.o)
                0x000000000800145c                snprintf
 .text.strcpy   0x00000000080014e0       0x10 /usr/local/Cellar/arm-gcc-bin@10/10.3-2021.10/bin/../lib/gcc/arm-none-eabi/10.3.1/../../../../arm-none-eabi/lib/thumb/v6-m/nofp/libc.a(lib_a-strcpy.o)
                0x00000000080014e0                strcpy
 .text.strlen   0x00000000080014f0       0x5c /usr/local/Cellar/arm-gcc-bin@10/10.3-2021.10/bin/../lib/gcc/arm-none-eabi/10.3.1/../../../../arm-none-eabi/lib/thumb/v6-m/nofp/libc.a(lib_a-strlen-stub.o)
                0x00000000080014f0                strlen
 .text._svfprintf_r
                0x000000000800154c     0x1bd4 /usr/local/Cellar/arm-gcc-bin@10/10.3-2021.10/bin/../lib/gcc/arm-none-eabi/10.3.1/../../../../arm-none-eabi/lib/thumb/v6-m/nofp/libc.a(lib_a-svfprintf.o)
                0x000000000800154c                _svfprintf_r
 .text.quorem   0x0000000008003120      0x148 /usr/local/Cellar/arm-gcc-bin@10/10.3-2021.10/bin/../lib/gcc/arm-none-eabi/10.3.1/../../../../arm-none-eabi/lib/thumb/v6-m/nofp/libc.a(lib_a-dtoa.o)
 .text._dtoa_r  0x0000000008003268      0xfbc /usr/local/Cellar/arm-gcc-bin@10/10.3-2021.10/bin/../lib/gcc/arm-none-eabi/10.3.1/../../../../arm-none-eabi/lib/thumb/v6-m/nofp/libc.a(lib_a-dtoa.o)
                0x0000000008003268                _dtoa_r
 .text._malloc_trim_r
                0x0000000008004224       0x9c /usr/local/Cellar/arm-gcc-bin@10/10.3-2021.10/bin/../lib/gcc/arm-none-eabi/10.3.1/../../../../arm-none-eabi/lib/thumb/v6-m/nofp/libc.a(lib_a-freer.o)
                0x0000000008004224                _malloc_trim_r
 .text._free_r  0x00000000080042c0      0x1c4 /usr/local/Cellar/arm-gcc-bin@10/10.3-2021.10/bin/../lib/gcc/arm-none-eabi/10.3.1/../../../../arm-none-eabi/lib/thumb/v6-m/nofp/libc.a(lib_a-freer.o)
                0x00000000080042c0                _free_r
 .text._localeconv_r
                0x0000000008004484        0x8 /usr/local/Cellar/arm-gcc-bin@10/10.3-2021.10/bin/../lib/gcc/arm-none-eabi/10.3.1/../../../../arm-none-eabi/lib/thumb/v6-m/nofp/libc.a(lib_a-localeconv.o)
                0x0000000008004484                _localeconv_r
 .text._malloc_r
                0x000000000800448c      0x584 /usr/local/Cellar/arm-gcc-bin@10/10.3-2021.10/bin/../lib/gcc/arm-none-eabi/10.3.1/../../../../arm-none-eabi/lib/thumb/v6-m/nofp/libc.a(lib_a-mallocr.o)
                0x000000000800448c                _malloc_r
 .text.memchr   0x0000000008004a10       0x74 /usr/local/Cellar/arm-gcc-bin@10/10.3-2021.10/bin/../lib/gcc/arm-none-eabi/10.3.1/../../../../arm-none-eabi/lib/thumb/v6-m/nofp/libc.a(lib_a-memchr-stub.o)
                0x0000000008004a10                memchr
 .text.memcpy   0x0000000008004a84       0xa4 /usr/local/Cellar/arm-gcc-bin@10/10.3-2021.10/bin/../lib/gcc/arm-none-eabi/10.3.1/../../../../arm-none-eabi/lib/thumb/v6-m/nofp/libc.a(lib_a-memcpy-stub.o)
                0x0000000008004a84                memcpy
 .text.__malloc_lock
                0x0000000008004b28       0x10 /usr/local/Cellar/arm-gcc-bin@10/10.3-2021.10/bin/../lib/gcc/arm-none-eabi/10.3.1/../../../../arm-none-eabi/lib/thumb/v6-m/nofp/libc.a(lib_a-mlock.o)
                0x0000000008004b28                __malloc_lock
 .text.__malloc_unlock
                0x0000000008004b38       0x10 /usr/local/Cellar/arm-gcc-bin@10/10.3-2021.10/bin/../lib/gcc/arm-none-eabi/10.3.1/../../../../arm-none-eabi/lib/thumb/v6-m/nofp/libc.a(lib_a-mlock.o)
                0x0000000008004b38                __malloc_unlock
 .text._Balloc  0x0000000008004b48       0x50 /usr/local/Cellar/arm-gcc-bin@10/10.3-2021.10/bin/../lib/gcc/arm-none-eabi/10.3.1/../../../../arm-none-eabi/lib/thumb/v6-m/nofp/libc.a(lib_a-mprec.o)
                0x0000000008004b48                _Balloc
 .text._Bfree   0x0000000008004b98       0x14 /usr/local/Cellar/arm-gcc-bin@10/10.3-2021.10/bin/../lib/gcc/arm-none-eabi/10.3.1/../../../../arm-none-eabi/lib/thumb/v6-m/nofp/libc.a(lib_a-mprec.o)
                0x0000000008004b98                _Bfree
 .text.__multadd
                0x0000000008004bac       0xa8 /usr/local/Cellar/arm-gcc-bin@10/10.3-2021.10/bin/../lib/gcc/arm-none-eabi/10.3.1/../../../../arm-none-eabi/lib/thumb/v6-m/nofp/libc.a(lib_a-mprec.o)
                0x0000000008004bac                __multadd
 .text.__hi0bits
                0x0000000008004c54       0x38 /usr/local/Cellar/arm-gcc-bin@10/10.3-2021.10/bin/../lib/gcc/arm-none-eabi/10.3.1/../../../../arm-none-eabi/lib/thumb/v6-m/nofp/libc.a(lib_a-mprec.o)
                0x0000000008004c54                __hi0bits
 .text.__lo0bits
                0x0000000008004c8c       0x5c /usr/local/Cellar/arm-gcc-bin@10/10.3-2021.10/bin/../lib/gcc/arm-none-eabi/10.3.1/../../../../arm-none-eabi/lib/thumb/v6-m/nofp/libc.a(lib_a-mprec.o)
                0x0000000008004c8c                __lo0bits
 .text.__i2b    0x0000000008004ce8       0x60 /usr/local/Cellar/arm-gcc-bin@10/10.3-2021.10/bin/../lib/gcc/arm-none-eabi/10.3.1/../../../../arm-none-eabi/lib/thumb/v6-m/nofp/libc.a(lib_a-mprec.o)
                0x0000000008004ce8                __i2b
 .text.__multiply
                0x0000000008004d48      0x1a4 /usr/local/Cellar/arm-gcc-bin@10/10.3-2021.10/bin/../lib/gcc/arm-none-eabi/10.3.1/../../../../arm-none-eabi/lib/thumb/v6-m/nofp/libc.a(lib_a-mprec.o)
                0x0000000008004d48                __multiply
 .text.__pow5mult
                0x0000000008004eec       0xd8 /usr/local/Cellar/arm-gcc-bin@10/10.3-2021.10/bin/../lib/gcc/arm-none-eabi/10.3.1/../../../../arm-none-eabi/lib/thumb/v6-m/nofp/libc.a(lib_a-mprec.o)
                0x0000000008004eec                __pow5mult
 .text.__lshift
                0x0000000008004fc4       0xfc /usr/local/Cellar/arm-gcc-bin@10/10.3-2021.10/bin/../lib/gcc/arm-none-eabi/10.3.1/../../../../arm-none-eabi/lib/thumb/v6-m/nofp/libc.a(lib_a-mprec.o)
                0x0000000008004fc4                __lshift
 .text.__mcmp   0x00000000080050c0       0x34 /usr/local/Cellar/arm-gcc-bin@10/10.3-2021.10/bin/../lib/gcc/arm-none-eabi/10.3.1/../../../../arm-none-eabi/lib/thumb/v6-m/nofp/libc.a(lib_a-mprec.o)
                0x00000000080050c0                __mcmp
 .text.__mdiff  0x00000000080050f4      0x18c /usr/local/Cellar/arm-gcc-bin@10/10.3-2021.10/bin/../lib/gcc/arm-none-eabi/10.3.1/../../../../arm-none-eabi/lib/thumb/v6-m/nofp/libc.a(lib_a-mprec.o)
                0x00000000080050f4                __mdiff
 .text.__d2b    0x0000000008005280       0xd8 /usr/local/Cellar/arm-gcc-bin@10/10.3-2021.10/bin/../lib/gcc/arm-none-eabi/10.3.1/../../../../arm-none-eabi/lib/thumb/v6-m/nofp/libc.a(lib_a-mprec.o)
                0x0000000008005280                __d2b
 .text.frexp    0x0000000008005358       0x64 /usr/local/Cellar/arm-gcc-bin@10/10.3-2021.10/bin/../lib/gcc/arm-none-eabi/10.3.1/../../../../arm-none-eabi/lib/thumb/v6-m/nofp/libc.a(lib_a-s_frexp.o)
                0x0000000008005358                frexp
 .text._sbrk_r  0x00000000080053bc       0x24 /usr/local/Cellar/arm-gcc-bin@10/10.3-2021.10/bin/../lib/gcc/arm-none-eabi/10.3.1/../../../../arm-none-eabi/lib/thumb/v6-m/nofp/libc.a(lib_a-sbrkr.o)
                0x00000000080053bc                _sbrk_r
 .text.strncpy  0x00000000080053e0       0x6c /usr/local/Cellar/arm-gcc-bin@10/10.3-2021.10/bin/../lib/gcc/arm-none-eabi/10.3.1/../../../../arm-none-eabi/lib/thumb/v6-m/nofp/libc.a(lib_a-strncpy.o)
                0x00000000080053e0                strncpy
 .text.__ssprint_r
                0x000000000800544c      0x114 /usr/local/Cellar/arm-gcc-bin@10/10.3-2021.10/bin/../lib/gcc/arm-none-eabi/10.3.1/../../../../arm-none-eabi/lib/thumb/v6-m/nofp/libc.a(lib_a-svfiprintf.o)
                0x000000000800544c                __ssprint_r
 .text.__assert_func
                0x0000000008005560       0x40 /usr/local/Cellar/arm-gcc-bin@10/10.3-2021.10/bin/../lib/gcc/arm-none-eabi/10.3.1/../../../../arm-none-eabi/lib/thumb/v6-m/nofp/libc.a(lib_a-assert.o)
                0x0000000008005560                __assert_func
 .text._calloc_r
                0x00000000080055a0       0x9c /usr/local/Cellar/arm-gcc-bin@10/10.3-2021.10/bin/../lib/gcc/arm-none-eabi/10.3.1/../../../../arm-none-eabi/lib/thumb/v6-m/nofp/libc.a(lib_a-callocr.o)
                0x00000000080055a0                _calloc_r
 .text.__errno  0x000000000800563c        0xc /usr/local/Cellar/arm-gcc-bin@10/10.3-2021.10/bin/../lib/gcc/arm-none-eabi/10.3.1/../../../../arm-none-eabi/lib/thumb/v6-m/nofp/libc.a(lib_a-errno.o)
                0x000000000800563c                __errno
 .text.fiprintf
                0x0000000008005648       0x24 /usr/local/Cellar/arm-gcc-bin@10/10.3-2021.10/bin/../lib/gcc/arm-none-eabi/10.3.1/../../../../arm-none-eabi/lib/thumb/v6-m/nofp/libc.a(lib_a-fiprintf.o)
                0x0000000008005648                fiprintf
 .text.__locale_mb_cur_max
                0x000000000800566c       0x10 /usr/local/Cellar/arm-gcc-bin@10/10.3-2021.10/bin/../lib/gcc/arm-none-eabi/10.3.1/../../../../arm-none-eabi/lib/thumb/v6-m/nofp/libc.a(lib_a-locale.o)
                0x000000000800566c                __locale_mb_cur_max
 .text.__retarget_lock_init_recursive
                0x000000000800567c        0x4 /usr/local/Cellar/arm-gcc-bin@10/10.3-2021.10/bin/../lib/gcc/arm-none-eabi/10.3.1/../../../../arm-none-eabi/lib/thumb/v6-m/nofp/libc.a(lib_a-lock.o)
                0x000000000800567c                __retarget_lock_init_recursive
 .text.__retarget_lock_close_recursive
                0x0000000008005680        0x4 /usr/local/Cellar/arm-gcc-bin@10/10.3-2021.10/bin/../lib/gcc/arm-none-eabi/10.3.1/../../../../arm-none-eabi/lib/thumb/v6-m/nofp/libc.a(lib_a-lock.o)
                0x0000000008005680                __retarget_lock_close_recursive
 .text.__retarget_lock_acquire_recursive
                0x0000000008005684        0x4 /usr/local/Cellar/arm-gcc-bin@10/10.3-2021.10/bin/../lib/gcc/arm-none-eabi/10.3.1/../../../../arm-none-eabi/lib/thumb/v6-m/nofp/libc.a(lib_a-lock.o)
                0x0000000008005684                __retarget_lock_acquire_recursive
 .text.__retarget_lock_release_recursive
                0x0000000008005688        0x4 /usr/local/Cellar/arm-gcc-bin@10/10.3-2021.10/bin/../lib/gcc/arm-none-eabi/10.3.1/../../../../arm-none-eabi/lib/thumb/v6-m/nofp/libc.a(lib_a-lock.o)
                0x0000000008005688                __retarget_lock_release_recursive
 .text.__ascii_mbtowc
                0x000000000800568c       0x2c /usr/local/Cellar/arm-gcc-bin@10/10.3-2021.10/bin/../lib/gcc/arm-none-eabi/10.3.1/../../../../arm-none-eabi/lib/thumb/v6-m/nofp/libc.a(lib_a-mbtowc_r.o)
                0x000000000800568c                __ascii_mbtowc
 .text.memmove  0x00000000080056b8       0xac /usr/local/Cellar/arm-gcc-bin@10/10.3-2021.10/bin/../lib/gcc/arm-none-eabi/10.3.1/../../../../arm-none-eabi/lib/thumb/v6-m/nofp/libc.a(lib_a-memmove.o)
                0x00000000080056b8                memmove
 .text.memset   0x0000000008005764       0xa8 /usr/local/Cellar/arm-gcc-bin@10/10.3-2021.10/bin/../lib/gcc/arm-none-eabi/10.3.1/../../../../arm-none-eabi/lib/thumb/v6-m/nofp/libc.a(lib_a-memset.o)
                0x0000000008005764                memset
 .text._realloc_r
                0x000000000800580c      0x354 /usr/local/Cellar/arm-gcc-bin@10/10.3-2021.10/bin/../lib/gcc/arm-none-eabi/10.3.1/../../../../arm-none-eabi/lib/thumb/v6-m/nofp/libc.a(lib_a-reallocr.o)
                0x000000000800580c                _realloc_r
 .text.__sprint_r.part.0
                0x0000000008005b60       0x88 /usr/local/Cellar/arm-gcc-bin@10/10.3-2021.10/bin/../lib/gcc/arm-none-eabi/10.3.1/../../../../arm-none-eabi/lib/thumb/v6-m/nofp/libc.a(lib_a-vfiprintf.o)
 .text._vfiprintf_r
                0x0000000008005be8      0xdb8 /usr/local/Cellar/arm-gcc-bin@10/10.3-2021.10/bin/../lib/gcc/arm-none-eabi/10.3.1/../../../../arm-none-eabi/lib/thumb/v6-m/nofp/libc.a(lib_a-vfiprintf.o)
                0x0000000008005be8                _vfiprintf_r
 .text.__sbprintf
                0x00000000080069a0       0x8c /usr/local/Cellar/arm-gcc-bin@10/10.3-2021.10/bin/../lib/gcc/arm-none-eabi/10.3.1/../../../../arm-none-eabi/lib/thumb/v6-m/nofp/libc.a(lib_a-vfiprintf.o)
 .text.__ascii_wctomb
                0x0000000008006a2c       0x1c /usr/local/Cellar/arm-gcc-bin@10/10.3-2021.10/bin/../lib/gcc/arm-none-eabi/10.3.1/../../../../arm-none-eabi/lib/thumb/v6-m/nofp/libc.a(lib_a-wctomb_r.o)
                0x0000000008006a2c                __ascii_wctomb
 .text.__swsetup_r
                0x0000000008006a48       0xdc /usr/local/Cellar/arm-gcc-bin@10/10.3-2021.10/bin/../lib/gcc/arm-none-eabi/10.3.1/../../../../arm-none-eabi/lib/thumb/v6-m/nofp/libc.a(lib_a-wsetup.o)
                0x0000000008006a48                __swsetup_r
 .text.abort    0x0000000008006b24       0x10 /usr/local/Cellar/arm-gcc-bin@10/10.3-2021.10/bin/../lib/gcc/arm-none-eabi/10.3.1/../../../../arm-none-eabi/lib/thumb/v6-m/nofp/libc.a(lib_a-abort.o)
                0x0000000008006b24                abort
 .text.__sflush_r
                0x0000000008006b34      0x140 /usr/local/Cellar/arm-gcc-bin@10/10.3-2021.10/bin/../lib/gcc/arm-none-eabi/10.3.1/../../../../arm-none-eabi/lib/thumb/v6-m/nofp/libc.a(lib_a-fflush.o)
                0x0000000008006b34                __sflush_r
 .text._fflush_r
                0x0000000008006c74       0x6c /usr/local/Cellar/arm-gcc-bin@10/10.3-2021.10/bin/../lib/gcc/arm-none-eabi/10.3.1/../../../../arm-none-eabi/lib/thumb/v6-m/nofp/libc.a(lib_a-fflush.o)
                0x0000000008006c74                _fflush_r
 .text._cleanup_r
                0x0000000008006ce0       0x10 /usr/local/Cellar/arm-gcc-bin@10/10.3-2021.10/bin/../lib/gcc/arm-none-eabi/10.3.1/../../../../arm-none-eabi/lib/thumb/v6-m/nofp/libc.a(lib_a-findfp.o)
                0x0000000008006ce0                _cleanup_r
 .text.__sinit  0x0000000008006cf0      0x120 /usr/local/Cellar/arm-gcc-bin@10/10.3-2021.10/bin/../lib/gcc/arm-none-eabi/10.3.1/../../../../arm-none-eabi/lib/thumb/v6-m/nofp/libc.a(lib_a-findfp.o)
                0x0000000008006cf0                __sinit
 .text.__sfp_lock_acquire
                0x0000000008006e10       0x10 /usr/local/Cellar/arm-gcc-bin@10/10.3-2021.10/bin/../lib/gcc/arm-none-eabi/10.3.1/../../../../arm-none-eabi/lib/thumb/v6-m/nofp/libc.a(lib_a-findfp.o)
                0x0000000008006e10                __sfp_lock_acquire
 .text.__sfp_lock_release
                0x0000000008006e20       0x10 /usr/local/Cellar/arm-gcc-bin@10/10.3-2021.10/bin/../lib/gcc/arm-none-eabi/10.3.1/../../../../arm-none-eabi/lib/thumb/v6-m/nofp/libc.a(lib_a-findfp.o)
                0x0000000008006e20                __sfp_lock_release
 .text.__fputwc
                0x0000000008006e30       0x98 /usr/local/Cellar/arm-gcc-bin@10/10.3-2021.10/bin/../lib/gcc/arm-none-eabi/10.3.1/../../../../arm-none-eabi/lib/thumb/v6-m/nofp/libc.a(lib_a-fputwc.o)
                0x0000000008006e30                __fputwc
 .text._fputwc_r
                0x0000000008006ec8       0x5c /usr/local/Cellar/arm-gcc-bin@10/10.3-2021.10/bin/../lib/gcc/arm-none-eabi/10.3.1/../../../../arm-none-eabi/lib/thumb/v6-m/nofp/libc.a(lib_a-fputwc.o)
                0x0000000008006ec8                _fputwc_r
 .text.__sfvwrite_r
                0x0000000008006f24      0x2f4 /usr/local/Cellar/arm-gcc-bin@10/10.3-2021.10/bin/../lib/gcc/arm-none-eabi/10.3.1/../../../../arm-none-eabi/lib/thumb/v6-m/nofp/libc.a(lib_a-fvwrite.o)
                0x0000000008006f24                __sfvwrite_r
 .text._fwalk_reent
                0x0000000008007218       0x48 /usr/local/Cellar/arm-gcc-bin@10/10.3-2021.10/bin/../lib/gcc/arm-none-eabi/10.3.1/../../../../arm-none-eabi/lib/thumb/v6-m/nofp/libc.a(lib_a-fwalk.o)
                0x0000000008007218                _fwalk_reent
 .text.__smakebuf_r
                0x0000000008007260       0xe4 /usr/local/Cellar/arm-gcc-bin@10/10.3-2021.10/bin/../lib/gcc/arm-none-eabi/10.3.1/../../../../arm-none-eabi/lib/thumb/v6-m/nofp/libc.a(lib_a-makebuf.o)
                0x0000000008007260                __smakebuf_r
 .text.raise    0x0000000008007344       0x60 /usr/local/Cellar/arm-gcc-bin@10/10.3-2021.10/bin/../lib/gcc/arm-none-eabi/10.3.1/../../../../arm-none-eabi/lib/thumb/v6-m/nofp/libc.a(lib_a-signal.o)
                0x0000000008007344                raise
 .text._kill_r  0x00000000080073a4       0x28 /usr/local/Cellar/arm-gcc-bin@10/10.3-2021.10/bin/../lib/gcc/arm-none-eabi/10.3.1/../../../../arm-none-eabi/lib/thumb/v6-m/nofp/libc.a(lib_a-signalr.o)
                0x00000000080073a4                _kill_r
 .text._getpid_r
                0x00000000080073cc        0x8 /usr/local/Cellar/arm-gcc-bin@10/10.3-2021.10/bin/../lib/gcc/arm-none-eabi/10.3.1/../../../../arm-none-eabi/lib/thumb/v6-m/nofp/libc.a(lib_a-signalr.o)
                0x00000000080073cc                _getpid_r
 .text.__sread  0x00000000080073d4       0x28 /usr/local/Cellar/arm-gcc-bin@10/10.3-2021.10/bin/../lib/gcc/arm-none-eabi/10.3.1/../../../../arm-none-eabi/lib/thumb/v6-m/nofp/libc.a(lib_a-stdio.o)
                0x00000000080073d4                __sread
 .text.__swrite
                0x00000000080073fc       0x40 /usr/local/Cellar/arm-gcc-bin@10/10.3-2021.10/bin/../lib/gcc/arm-none-eabi/10.3.1/../../../../arm-none-eabi/lib/thumb/v6-m/nofp/libc.a(lib_a-stdio.o)
                0x00000000080073fc                __swrite
 .text.__sseek  0x000000000800743c       0x2c /usr/local/Cellar/arm-gcc-bin@10/10.3-2021.10/bin/../lib/gcc/arm-none-eabi/10.3.1/../../../../arm-none-eabi/lib/thumb/v6-m/nofp/libc.a(lib_a-stdio.o)
                0x000000000800743c                __sseek
 .text.__sclose
                0x0000000008007468        0xc /usr/local/Cellar/arm-gcc-bin@10/10.3-2021.10/bin/../lib/gcc/arm-none-eabi/10.3.1/../../../../arm-none-eabi/lib/thumb/v6-m/nofp/libc.a(lib_a-stdio.o)
                0x0000000008007468                __sclose
 .text.__swbuf_r
                0x0000000008007474       0xc8 /usr/local/Cellar/arm-gcc-bin@10/10.3-2021.10/bin/../lib/gcc/arm-none-eabi/10.3.1/../../../../arm-none-eabi/lib/thumb/v6-m/nofp/libc.a(lib_a-wbuf.o)
                0x0000000008007474                __swbuf_r
 .text._wcrtomb_r
                0x000000000800753c       0x40 /usr/local/Cellar/arm-gcc-bin@10/10.3-2021.10/bin/../lib/gcc/arm-none-eabi/10.3.1/../../../../arm-none-eabi/lib/thumb/v6-m/nofp/libc.a(lib_a-wcrtomb.o)
                0x000000000800753c                _wcrtomb_r
 .text._write_r
                0x000000000800757c       0x28 /usr/local/Cellar/arm-gcc-bin@10/10.3-2021.10/bin/../lib/gcc/arm-none-eabi/10.3.1/../../../../arm-none-eabi/lib/thumb/v6-m/nofp/libc.a(lib_a-writer.o)
                0x000000000800757c                _write_r
 .text._close_r
                0x00000000080075a4       0x24 /usr/local/Cellar/arm-gcc-bin@10/10.3-2021.10/bin/../lib/gcc/arm-none-eabi/10.3.1/../../../../arm-none-eabi/lib/thumb/v6-m/nofp/libc.a(lib_a-closer.o)
                0x00000000080075a4                _close_r
 .text._fclose_r
                0x00000000080075c8       0xdc /usr/local/Cellar/arm-gcc-bin@10/10.3-2021.10/bin/../lib/gcc/arm-none-eabi/10.3.1/../../../../arm-none-eabi/lib/thumb/v6-m/nofp/libc.a(lib_a-fclose.o)
                0x00000000080075c8                _fclose_r
 .text._fstat_r
                0x00000000080076a4       0x28 /usr/local/Cellar/arm-gcc-bin@10/10.3-2021.10/bin/../lib/gcc/arm-none-eabi/10.3.1/../../../../arm-none-eabi/lib/thumb/v6-m/nofp/libc.a(lib_a-fstatr.o)
                0x00000000080076a4                _fstat_r
 .text._isatty_r
                0x00000000080076cc       0x24 /usr/local/Cellar/arm-gcc-bin@10/10.3-2021.10/bin/../lib/gcc/arm-none-eabi/10.3.1/../../../../arm-none-eabi/lib/thumb/v6-m/nofp/libc.a(lib_a-isattyr.o)
                0x00000000080076cc                _isatty_r
 .text._lseek_r
                0x00000000080076f0       0x28 /usr/local/Cellar/arm-gcc-bin@10/10.3-2021.10/bin/../lib/gcc/arm-none-eabi/10.3.1/../../../../arm-none-eabi/lib/thumb/v6-m/nofp/libc.a(lib_a-lseekr.o)
                0x00000000080076f0                _lseek_r
 .text._read_r  0x0000000008007718       0x28 /usr/local/Cellar/arm-gcc-bin@10/10.3-2021.10/bin/../lib/gcc/arm-none-eabi/10.3.1/../../../../arm-none-eabi/lib/thumb/v6-m/nofp/libc.a(lib_a-readr.o)
                0x0000000008007718                _read_r
 .text          0x0000000008007740       0x14 /usr/local/Cellar/arm-gcc-bin@10/10.3-2021.10/bin/../lib/gcc/arm-none-eabi/10.3.1/thumb/v6-m/nofp/libgcc.a(_thumb1_case_uqi.o)
                0x0000000008007740                __gnu_thumb1_case_uqi
 .text          0x0000000008007754      0x114 /usr/local/Cellar/arm-gcc-bin@10/10.3-2021.10/bin/../lib/gcc/arm-none-eabi/10.3.1/thumb/v6-m/nofp/libgcc.a(_udivsi3.o)
                0x0000000008007754                __udivsi3
                0x0000000008007754                __aeabi_uidiv
                0x0000000008007860                __aeabi_uidivmod
 .text          0x0000000008007868      0x1d4 /usr/local/Cellar/arm-gcc-bin@10/10.3-2021.10/bin/../lib/gcc/arm-none-eabi/10.3.1/thumb/v6-m/nofp/libgcc.a(_divsi3.o)
                0x0000000008007868                __aeabi_idiv
                0x0000000008007868                __divsi3
                0x0000000008007a34                __aeabi_idivmod
 .text          0x0000000008007a3c        0x4 /usr/local/Cellar/arm-gcc-bin@10/10.3-2021.10/bin/../lib/gcc/arm-none-eabi/10.3.1/thumb/v6-m/nofp/libgcc.a(_dvmd_tls.o)
                0x0000000008007a3c                __aeabi_ldiv0
                0x0000000008007a3c                __aeabi_idiv0
 .text          0x0000000008007a40       0x7c /usr/local/Cellar/arm-gcc-bin@10/10.3-2021.10/bin/../lib/gcc/arm-none-eabi/10.3.1/thumb/v6-m/nofp/libgcc.a(_arm_cmpdf2.o)
                0x0000000008007a40                __aeabi_cdrcmple
                0x0000000008007a50                __aeabi_cdcmple
                0x0000000008007a50                __aeabi_cdcmpeq
                0x0000000008007a60                __aeabi_dcmpeq
                0x0000000008007a6c                __aeabi_dcmplt
                0x0000000008007a80                __aeabi_dcmple
                0x0000000008007a94                __aeabi_dcmpgt
                0x0000000008007aa8                __aeabi_dcmpge
 .text          0x0000000008007abc       0x40 /usr/local/Cellar/arm-gcc-bin@10/10.3-2021.10/bin/../lib/gcc/arm-none-eabi/10.3.1/thumb/v6-m/nofp/libgcc.a(_aeabi_uldivmod.o)
                0x0000000008007abc                __aeabi_uldivmod
 .text          0x0000000008007afc      0x198 /usr/local/Cellar/arm-gcc-bin@10/10.3-2021.10/bin/../lib/gcc/arm-none-eabi/10.3.1/thumb/v6-m/nofp/libgcc.a(_udivmoddi4.o)
                0x0000000008007afc                __udivmoddi4
 .text          0x0000000008007c94      0x678 /usr/local/Cellar/arm-gcc-bin@10/10.3-2021.10/bin/../lib/gcc/arm-none-eabi/10.3.1/thumb/v6-m/nofp/libgcc.a(adddf3.o)
                0x0000000008007c94                __aeabi_dadd
 .text          0x000000000800830c      0x5ec /usr/local/Cellar/arm-gcc-bin@10/10.3-2021.10/bin/../lib/gcc/arm-none-eabi/10.3.1/thumb/v6-m/nofp/libgcc.a(divdf3.o)
                0x000000000800830c                __aeabi_ddiv
 .text          0x00000000080088f8       0x84 /usr/local/Cellar/arm-gcc-bin@10/10.3-2021.10/bin/../lib/gcc/arm-none-eabi/10.3.1/thumb/v6-m/nofp/libgcc.a(eqdf2.o)
                0x00000000080088f8                __eqdf2
                0x00000000080088f8                __nedf2
 .text          0x000000000800897c       0xcc /usr/local/Cellar/arm-gcc-bin@10/10.3-2021.10/bin/../lib/gcc/arm-none-eabi/10.3.1/thumb/v6-m/nofp/libgcc.a(gedf2.o)
                0x000000000800897c                __gtdf2
                0x000000000800897c                __gedf2
 .text          0x0000000008008a48       0xc8 /usr/local/Cellar/arm-gcc-bin@10/10.3-2021.10/bin/../lib/gcc/arm-none-eabi/10.3.1/thumb/v6-m/nofp/libgcc.a(ledf2.o)
                0x0000000008008a48                __ltdf2
                0x0000000008008a48                __ledf2
 .text          0x0000000008008b10      0x4d8 /usr/local/Cellar/arm-gcc-bin@10/10.3-2021.10/bin/../lib/gcc/arm-none-eabi/10.3.1/thumb/v6-m/nofp/libgcc.a(muldf3.o)
                0x0000000008008b10                __aeabi_dmul
 .text          0x0000000008008fe8      0x724 /usr/local/Cellar/arm-gcc-bin@10/10.3-2021.10/bin/../lib/gcc/arm-none-eabi/10.3.1/thumb/v6-m/nofp/libgcc.a(subdf3.o)
                0x0000000008008fe8                __aeabi_dsub
 .text          0x000000000800970c       0x3c /usr/local/Cellar/arm-gcc-bin@10/10.3-2021.10/bin/../lib/gcc/arm-none-eabi/10.3.1/thumb/v6-m/nofp/libgcc.a(unorddf2.o)
                0x000000000800970c                __aeabi_dcmpun
 .text          0x0000000008009748       0x6c /usr/local/Cellar/arm-gcc-bin@10/10.3-2021.10/bin/../lib/gcc/arm-none-eabi/10.3.1/thumb/v6-m/nofp/libgcc.a(fixdfsi.o)
                0x0000000008009748                __aeabi_d2iz
 .text          0x00000000080097b4       0x60 /usr/local/Cellar/arm-gcc-bin@10/10.3-2021.10/bin/../lib/gcc/arm-none-eabi/10.3.1/thumb/v6-m/nofp/libgcc.a(floatsidf.o)
                0x00000000080097b4                __aeabi_i2d
 .text          0x0000000008009814       0x4c /usr/local/Cellar/arm-gcc-bin@10/10.3-2021.10/bin/../lib/gcc/arm-none-eabi/10.3.1/thumb/v6-m/nofp/libgcc.a(floatunsidf.o)
                0x0000000008009814                __aeabi_ui2d
 .text          0x0000000008009860       0x3c /usr/local/Cellar/arm-gcc-bin@10/10.3-2021.10/bin/../lib/gcc/arm-none-eabi/10.3.1/thumb/v6-m/nofp/libgcc.a(_clzsi2.o)
                0x0000000008009860                __clzsi2
 .text          0x000000000800989c       0x18 /usr/local/Cellar/arm-gcc-bin@10/10.3-2021.10/bin/../lib/gcc/arm-none-eabi/10.3.1/thumb/v6-m/nofp/libgcc.a(_clzdi2.o)
                0x000000000800989c                __clzdi2
 .text._close   0x00000000080098b4       0x10 /usr/local/Cellar/arm-gcc-bin@10/10.3-2021.10/bin/../lib/gcc/arm-none-eabi/10.3.1/../../../../arm-none-eabi/lib/thumb/v6-m/nofp/libnosys.a(close.o)
                0x00000000080098b4                _close
 .text._fstat   0x00000000080098c4       0x10 /usr/local/Cellar/arm-gcc-bin@10/10.3-2021.10/bin/../lib/gcc/arm-none-eabi/10.3.1/../../../../arm-none-eabi/lib/thumb/v6-m/nofp/libnosys.a(fstat.o)
                0x00000000080098c4                _fstat
 .text._getpid  0x00000000080098d4       0x10 /usr/local/Cellar/arm-gcc-bin@10/10.3-2021.10/bin/../lib/gcc/arm-none-eabi/10.3.1/../../../../arm-none-eabi/lib/thumb/v6-m/nofp/libnosys.a(getpid.o)
                0x00000000080098d4                _getpid
 .text._isatty  0x00000000080098e4       0x10 /usr/local/Cellar/arm-gcc-bin@10/10.3-2021.10/bin/../lib/gcc/arm-none-eabi/10.3.1/../../../../arm-none-eabi/lib/thumb/v6-m/nofp/libnosys.a(isatty.o)
                0x00000000080098e4                _isatty
 .text._kill    0x00000000080098f4       0x10 /usr/local/Cellar/arm-gcc-bin@10/10.3-2021.10/bin/../lib/gcc/arm-none-eabi/10.3.1/../../../../arm-none-eabi/lib/thumb/v6-m/nofp/libnosys.a(kill.o)
                0x00000000080098f4                _kill
 .text._lseek   0x0000000008009904       0x10 /usr/local/Cellar/arm-gcc-bin@10/10.3-2021.10/bin/../lib/gcc/arm-none-eabi/10.3.1/../../../../arm-none-eabi/lib/thumb/v6-m/nofp/libnosys.a(lseek.o)
                0x0000000008009904                _lseek
 .text._read    0x0000000008009914       0x10 /usr/local/Cellar/arm-gcc-bin@10/10.3-2021.10/bin/../lib/gcc/arm-none-eabi/10.3.1/../../../../arm-none-eabi/lib/thumb/v6-m/nofp/libnosys.a(read.o)
                0x0000000008009914                _read
 .text._sbrk    0x0000000008009924       0x1c /usr/local/Cellar/arm-gcc-bin@10/10.3-2021.10/bin/../lib/gcc/arm-none-eabi/10.3.1/../../../../arm-none-eabi/lib/thumb/v6-m/nofp/libnosys.a(sbrk.o)
                0x0000000008009924                _sbrk
 .text._write   0x0000000008009940       0x10 /usr/local/Cellar/arm-gcc-bin@10/10.3-2021.10/bin/../lib/gcc/arm-none-eabi/10.3.1/../../../../arm-none-eabi/lib/thumb/v6-m/nofp/libnosys.a(write.o)
                0x0000000008009940                _write
 .text._exit    0x0000000008009950        0x4 /usr/local/Cellar/arm-gcc-bin@10/10.3-2021.10/bin/../lib/gcc/arm-none-eabi/10.3.1/../../../../arm-none-eabi/lib/thumb/v6-m/nofp/libnosys.a(_exit.o)
                0x0000000008009950                _exit
                0x0000000008009954                . = ALIGN (0x4)
 *(.rodata*)
 .rodata.SetupSweep.str1.1
                0x0000000008009954       0x11 cerpa.o
 .rodata.tim1_cc_isr.str1.1
                0x0000000008009965       0x7a cerpa.o
 .rodata.StartSAMP.str1.1
                0x00000000080099df        0xe cerpa.o
 .rodata.SetupUART.str1.1
                0x00000000080099ed       0x10 cerpa.o
 .rodata.SetupHK.str1.1
                0x00000000080099fd        0xe cerpa.o
 .rodata.main.str1.1
                0x0000000008009a0b       0x56 cerpa.o
 *fill*         0x0000000008009a61        0x3 
 .rodata.hkchans
                0x0000000008009a64       0x1c cerpa.o
 .rodata._svfprintf_r.str1.4
                0x0000000008009a80       0x42 /usr/local/Cellar/arm-gcc-bin@10/10.3-2021.10/bin/../lib/gcc/arm-none-eabi/10.3.1/../../../../arm-none-eabi/lib/thumb/v6-m/nofp/libc.a(lib_a-svfprintf.o)
 *fill*         0x0000000008009ac2        0x2 
 .rodata._svfprintf_r
                0x0000000008009ac4      0x16c /usr/local/Cellar/arm-gcc-bin@10/10.3-2021.10/bin/../lib/gcc/arm-none-eabi/10.3.1/../../../../arm-none-eabi/lib/thumb/v6-m/nofp/libc.a(lib_a-svfprintf.o)
 .rodata.blanks.1
                0x0000000008009c30       0x10 /usr/local/Cellar/arm-gcc-bin@10/10.3-2021.10/bin/../lib/gcc/arm-none-eabi/10.3.1/../../../../arm-none-eabi/lib/thumb/v6-m/nofp/libc.a(lib_a-svfprintf.o)
 .rodata.zeroes.0
                0x0000000008009c40       0x10 /usr/local/Cellar/arm-gcc-bin@10/10.3-2021.10/bin/../lib/gcc/arm-none-eabi/10.3.1/../../../../arm-none-eabi/lib/thumb/v6-m/nofp/libc.a(lib_a-svfprintf.o)
 .rodata._dtoa_r.str1.4
                0x0000000008009c50       0x7e /usr/local/Cellar/arm-gcc-bin@10/10.3-2021.10/bin/../lib/gcc/arm-none-eabi/10.3.1/../../../../arm-none-eabi/lib/thumb/v6-m/nofp/libc.a(lib_a-dtoa.o)
                                         0x82 (size before relaxing)
 *fill*         0x0000000008009cce        0x2 
 .rodata.__multadd.str1.4
                0x0000000008009cd0       0x5b /usr/local/Cellar/arm-gcc-bin@10/10.3-2021.10/bin/../lib/gcc/arm-none-eabi/10.3.1/../../../../arm-none-eabi/lib/thumb/v6-m/nofp/libc.a(lib_a-mprec.o)
                                         0x6f (size before relaxing)
 *fill*         0x0000000008009d2b        0x5 
 .rodata.__mprec_bigtens
                0x0000000008009d30       0x28 /usr/local/Cellar/arm-gcc-bin@10/10.3-2021.10/bin/../lib/gcc/arm-none-eabi/10.3.1/../../../../arm-none-eabi/lib/thumb/v6-m/nofp/libc.a(lib_a-mprec.o)
                0x0000000008009d30                __mprec_bigtens
 .rodata.__mprec_tens
                0x0000000008009d58       0xc8 /usr/local/Cellar/arm-gcc-bin@10/10.3-2021.10/bin/../lib/gcc/arm-none-eabi/10.3.1/../../../../arm-none-eabi/lib/thumb/v6-m/nofp/libc.a(lib_a-mprec.o)
                0x0000000008009d58                __mprec_tens
 .rodata.p05.0  0x0000000008009e20        0xc /usr/local/Cellar/arm-gcc-bin@10/10.3-2021.10/bin/../lib/gcc/arm-none-eabi/10.3.1/../../../../arm-none-eabi/lib/thumb/v6-m/nofp/libc.a(lib_a-mprec.o)
 .rodata.__assert_func.str1.4
                0x0000000008009e2c       0x3f /usr/local/Cellar/arm-gcc-bin@10/10.3-2021.10/bin/../lib/gcc/arm-none-eabi/10.3.1/../../../../arm-none-eabi/lib/thumb/v6-m/nofp/libc.a(lib_a-assert.o)
                                         0x43 (size before relaxing)
 *fill*         0x0000000008009e6b        0x1 
 .rodata._setlocale_r.str1.4
                0x0000000008009e6c        0xa /usr/local/Cellar/arm-gcc-bin@10/10.3-2021.10/bin/../lib/gcc/arm-none-eabi/10.3.1/../../../../arm-none-eabi/lib/thumb/v6-m/nofp/libc.a(lib_a-locale.o)
                                          0xd (size before relaxing)
 *fill*         0x0000000008009e76        0x2 
 .rodata.str1.4
                0x0000000008009e78        0x2 /usr/local/Cellar/arm-gcc-bin@10/10.3-2021.10/bin/../lib/gcc/arm-none-eabi/10.3.1/../../../../arm-none-eabi/lib/thumb/v6-m/nofp/libc.a(lib_a-locale.o)
 .rodata._vfiprintf_r.str1.4
                0x0000000008009e7a       0x2f /usr/local/Cellar/arm-gcc-bin@10/10.3-2021.10/bin/../lib/gcc/arm-none-eabi/10.3.1/../../../../arm-none-eabi/lib/thumb/v6-m/nofp/libc.a(lib_a-vfiprintf.o)
 *fill*         0x0000000008009e7a        0x2 
 .rodata._vfiprintf_r
                0x0000000008009e7c      0x16c /usr/local/Cellar/arm-gcc-bin@10/10.3-2021.10/bin/../lib/gcc/arm-none-eabi/10.3.1/../../../../arm-none-eabi/lib/thumb/v6-m/nofp/libc.a(lib_a-vfiprintf.o)
 .rodata.blanks.1
                0x0000000008009fe8       0x10 /usr/local/Cellar/arm-gcc-bin@10/10.3-2021.10/bin/../lib/gcc/arm-none-eabi/10.3.1/../../../../arm-none-eabi/lib/thumb/v6-m/nofp/libc.a(lib_a-vfiprintf.o)
 .rodata.zeroes.0
                0x0000000008009ff8       0x10 /usr/local/Cellar/arm-gcc-bin@10/10.3-2021.10/bin/../lib/gcc/arm-none-eabi/10.3.1/../../../../arm-none-eabi/lib/thumb/v6-m/nofp/libc.a(lib_a-vfiprintf.o)
 .rodata._ctype_
                0x000000000800a008      0x101 /usr/local/Cellar/arm-gcc-bin@10/10.3-2021.10/bin/../lib/gcc/arm-none-eabi/10.3.1/../../../../arm-none-eabi/lib/thumb/v6-m/nofp/libc.a(lib_a-ctype_.o)
                0x000000000800a008                _ctype_
 *fill*         0x000000000800a109        0x3 
 .rodata        0x000000000800a10c       0x40 /usr/local/Cellar/arm-gcc-bin@10/10.3-2021.10/bin/../lib/gcc/arm-none-eabi/10.3.1/thumb/v6-m/nofp/libgcc.a(divdf3.o)
 .rodata        0x000000000800a14c       0x40 /usr/local/Cellar/arm-gcc-bin@10/10.3-2021.10/bin/../lib/gcc/arm-none-eabi/10.3.1/thumb/v6-m/nofp/libgcc.a(muldf3.o)
                0x000000000800a18c                . = ALIGN (0x4)

.glue_7         0x000000000800a18c        0x0
 .glue_7        0x000000000800a18c        0x0 linker stubs

.glue_7t        0x000000000800a18c        0x0
 .glue_7t       0x000000000800a18c        0x0 linker stubs

.vfp11_veneer   0x000000000800a18c        0x0
 .vfp11_veneer  0x000000000800a18c        0x0 linker stubs

.v4_bx          0x000000000800a18c        0x0
 .v4_bx         0x000000000800a18c        0x0 linker stubs

.iplt           0x000000000800a18c        0x0
 .iplt          0x000000000800a18c        0x0 cerpa.o

.preinit_array  0x000000000800a18c        0x0
                0x000000000800a18c                . = ALIGN (0x4)
                0x000000000800a18c                __preinit_array_start = .
 *(.preinit_array)
                0x000000000800a18c                __preinit_array_end = .

.init_array     0x000000000800a18c        0x0
                0x000000000800a18c                . = ALIGN (0x4)
                0x000000000800a18c                __init_array_start = .
 *(SORT_BY_NAME(.init_array.*))
 *(.init_array)
                0x000000000800a18c                __init_array_end = .

.fini_array     0x000000000800a18c        0x0
                0x000000000800a18c                . = ALIGN (0x4)
                0x000000000800a18c                __fini_array_start = .
 *(.fini_array)
 *(SORT_BY_NAME(.fini_array.*))
                0x000000000800a18c                __fini_array_end = .

.ARM.extab
 *(.ARM.extab*)

.ARM.exidx      0x000000000800a18c        0x8
                0x000000000800a18c                __exidx_start = .
 *(.ARM.exidx*)
 .ARM.exidx     0x000000000800a18c        0x8 /usr/local/Cellar/arm-gcc-bin@10/10.3-2021.10/bin/../lib/gcc/arm-none-eabi/10.3.1/thumb/v6-m/nofp/libgcc.a(_udivmoddi4.o)
                0x000000000800a194                __exidx_end = .

.rel.dyn        0x000000000800a194        0x0
 .rel.iplt      0x000000000800a194        0x0 cerpa.o
                0x000000000800a194                . = ALIGN (0x4)
                0x000000000800a194                _etext = .

.noinit
 *(.noinit*)
                0x000000000800a194                . = ALIGN (0x4)

.data           0x0000000020000000      0x9b4 load address 0x000000000800a194
                0x0000000020000000                _data = .
 *(.data*)
 .data.rcc_ahb_frequency
                0x0000000020000000        0x4 ./libopencm3//lib/libopencm3_stm32f0.a(rcc.o)
                0x0000000020000000                rcc_ahb_frequency
 .data.rcc_apb1_frequency
                0x0000000020000004        0x4 ./libopencm3//lib/libopencm3_stm32f0.a(rcc.o)
                0x0000000020000004                rcc_apb1_frequency
 .data._impure_ptr
                0x0000000020000008        0x4 /usr/local/Cellar/arm-gcc-bin@10/10.3-2021.10/bin/../lib/gcc/arm-none-eabi/10.3.1/../../../../arm-none-eabi/lib/thumb/v6-m/nofp/libc.a(lib_a-impure.o)
                0x0000000020000008                _impure_ptr
 *fill*         0x000000002000000c        0x4 
 .data.impure_data
                0x0000000020000010      0x428 /usr/local/Cellar/arm-gcc-bin@10/10.3-2021.10/bin/../lib/gcc/arm-none-eabi/10.3.1/../../../../arm-none-eabi/lib/thumb/v6-m/nofp/libc.a(lib_a-impure.o)
 .data.__malloc_av_
                0x0000000020000438      0x408 /usr/local/Cellar/arm-gcc-bin@10/10.3-2021.10/bin/../lib/gcc/arm-none-eabi/10.3.1/../../../../arm-none-eabi/lib/thumb/v6-m/nofp/libc.a(lib_a-mallocr.o)
                0x0000000020000438                __malloc_av_
 .data.__malloc_sbrk_base
                0x0000000020000840        0x4 /usr/local/Cellar/arm-gcc-bin@10/10.3-2021.10/bin/../lib/gcc/arm-none-eabi/10.3.1/../../../../arm-none-eabi/lib/thumb/v6-m/nofp/libc.a(lib_a-mallocr.o)
                0x0000000020000840                __malloc_sbrk_base
 .data.__malloc_trim_threshold
                0x0000000020000844        0x4 /usr/local/Cellar/arm-gcc-bin@10/10.3-2021.10/bin/../lib/gcc/arm-none-eabi/10.3.1/../../../../arm-none-eabi/lib/thumb/v6-m/nofp/libc.a(lib_a-mallocr.o)
                0x0000000020000844                __malloc_trim_threshold
 .data.__global_locale
                0x0000000020000848      0x16c /usr/local/Cellar/arm-gcc-bin@10/10.3-2021.10/bin/../lib/gcc/arm-none-eabi/10.3.1/../../../../arm-none-eabi/lib/thumb/v6-m/nofp/libc.a(lib_a-locale.o)
                0x0000000020000848                __global_locale
 *(.ramtext*)
                0x00000000200009b4                . = ALIGN (0x4)
                0x00000000200009b4                _edata = .
                0x000000000800a194                _data_loadaddr = LOADADDR (.data)

.igot.plt       0x00000000200009b4        0x0 load address 0x000000000800ab48
 .igot.plt      0x00000000200009b4        0x0 cerpa.o

.bss            0x00000000200009b4      0x144 load address 0x000000000800ab48
 *(.bss*)
 .bss.cmdenable
                0x00000000200009b4        0x4 cerpa.o
 .bss.flip      0x00000000200009b8        0x4 cerpa.o
                0x00000000200009b8                flip
 .bss.isval     0x00000000200009bc        0x4 cerpa.o
 .bss.nsteps    0x00000000200009c0        0x4 cerpa.o
                0x00000000200009c0                nsteps
 .bss.nsteps1   0x00000000200009c4        0x4 cerpa.o
                0x00000000200009c4                nsteps1
 .bss.pakcount  0x00000000200009c8        0x4 cerpa.o
                0x00000000200009c8                pakcount
 .bss.period    0x00000000200009cc        0x4 cerpa.o
                0x00000000200009cc                period
 .bss.qlast     0x00000000200009d0        0x4 cerpa.o
                0x00000000200009d0                qlast
 .bss.qnext     0x00000000200009d4        0x4 cerpa.o
                0x00000000200009d4                qnext
 .bss.rampbump1
                0x00000000200009d8        0x4 cerpa.o
                0x00000000200009d8                rampbump1
 .bss.rampbump2
                0x00000000200009dc        0x4 cerpa.o
                0x00000000200009dc                rampbump2
 .bss.rampstart
                0x00000000200009e0        0x4 cerpa.o
                0x00000000200009e0                rampstart
 .bss.ropt      0x00000000200009e4        0x1 cerpa.o
                0x00000000200009e4                ropt
 *fill*         0x00000000200009e5        0x3 
 .bss.step      0x00000000200009e8        0x4 cerpa.o
                0x00000000200009e8                step
 .bss.sweeptable
                0x00000000200009ec       0x80 cerpa.o
                0x00000000200009ec                sweeptable
 .bss.uartbuf   0x0000000020000a6c       0x40 cerpa.o
                0x0000000020000a6c                uartbuf
 .bss.val8      0x0000000020000aac        0x1 cerpa.o
 *fill*         0x0000000020000aad        0x3 
 .bss.__malloc_current_mallinfo
                0x0000000020000ab0       0x28 /usr/local/Cellar/arm-gcc-bin@10/10.3-2021.10/bin/../lib/gcc/arm-none-eabi/10.3.1/../../../../arm-none-eabi/lib/thumb/v6-m/nofp/libc.a(lib_a-mallocr.o)
                0x0000000020000ab0                __malloc_current_mallinfo
 .bss.__malloc_max_sbrked_mem
                0x0000000020000ad8        0x4 /usr/local/Cellar/arm-gcc-bin@10/10.3-2021.10/bin/../lib/gcc/arm-none-eabi/10.3.1/../../../../arm-none-eabi/lib/thumb/v6-m/nofp/libc.a(lib_a-mallocr.o)
                0x0000000020000ad8                __malloc_max_sbrked_mem
 .bss.__malloc_max_total_mem
                0x0000000020000adc        0x4 /usr/local/Cellar/arm-gcc-bin@10/10.3-2021.10/bin/../lib/gcc/arm-none-eabi/10.3.1/../../../../arm-none-eabi/lib/thumb/v6-m/nofp/libc.a(lib_a-mallocr.o)
                0x0000000020000adc                __malloc_max_total_mem
 .bss.__malloc_top_pad
                0x0000000020000ae0        0x4 /usr/local/Cellar/arm-gcc-bin@10/10.3-2021.10/bin/../lib/gcc/arm-none-eabi/10.3.1/../../../../arm-none-eabi/lib/thumb/v6-m/nofp/libc.a(lib_a-mallocr.o)
                0x0000000020000ae0                __malloc_top_pad
 .bss.__lock___malloc_recursive_mutex
                0x0000000020000ae4        0x1 /usr/local/Cellar/arm-gcc-bin@10/10.3-2021.10/bin/../lib/gcc/arm-none-eabi/10.3.1/../../../../arm-none-eabi/lib/thumb/v6-m/nofp/libc.a(lib_a-lock.o)
                0x0000000020000ae4                __lock___malloc_recursive_mutex
 *fill*         0x0000000020000ae5        0x3 
 .bss.__lock___sfp_recursive_mutex
                0x0000000020000ae8        0x1 /usr/local/Cellar/arm-gcc-bin@10/10.3-2021.10/bin/../lib/gcc/arm-none-eabi/10.3.1/../../../../arm-none-eabi/lib/thumb/v6-m/nofp/libc.a(lib_a-lock.o)
                0x0000000020000ae8                __lock___sfp_recursive_mutex
 *fill*         0x0000000020000ae9        0x3 
 .bss.__lock___sinit_recursive_mutex
                0x0000000020000aec        0x1 /usr/local/Cellar/arm-gcc-bin@10/10.3-2021.10/bin/../lib/gcc/arm-none-eabi/10.3.1/../../../../arm-none-eabi/lib/thumb/v6-m/nofp/libc.a(lib_a-lock.o)
                0x0000000020000aec                __lock___sinit_recursive_mutex
 *fill*         0x0000000020000aed        0x3 
 .bss.errno     0x0000000020000af0        0x4 /usr/local/Cellar/arm-gcc-bin@10/10.3-2021.10/bin/../lib/gcc/arm-none-eabi/10.3.1/../../../../arm-none-eabi/lib/thumb/v6-m/nofp/libc.a(lib_a-reent.o)
                0x0000000020000af0                errno
 .bss.heap_end.0
                0x0000000020000af4        0x4 /usr/local/Cellar/arm-gcc-bin@10/10.3-2021.10/bin/../lib/gcc/arm-none-eabi/10.3.1/../../../../arm-none-eabi/lib/thumb/v6-m/nofp/libnosys.a(sbrk.o)
 *(COMMON)
                0x0000000020000af8                . = ALIGN (0x4)
                0x0000000020000af8                _ebss = .

/DISCARD/
 *(.eh_frame)
                0x0000000020000af8                . = ALIGN (0x4)
                0x0000000020000af8                end = .
                0x0000000020002000                PROVIDE (_stack = (ORIGIN (ram) + LENGTH (ram)))
OUTPUT(spi_eadc.elf elf32-littlearm)
LOAD linker stubs

.debug_info     0x0000000000000000     0x73f0
 .debug_info    0x0000000000000000     0x2092 cerpa.o
 .debug_info    0x0000000000002092      0x5c1 ./libopencm3//lib/libopencm3_stm32f0.a(adc.o)
 .debug_info    0x0000000000002653      0x6fa ./libopencm3//lib/libopencm3_stm32f0.a(adc_common_v2.o)
 .debug_info    0x0000000000002d4d      0x47e ./libopencm3//lib/libopencm3_stm32f0.a(dac_common_all.o)
 .debug_info    0x00000000000031cb       0xea ./libopencm3//lib/libopencm3_stm32f0.a(dac_common_v1.o)
 .debug_info    0x00000000000032b5      0x266 ./libopencm3//lib/libopencm3_stm32f0.a(gpio_common_all.o)
 .debug_info    0x000000000000351b      0x257 ./libopencm3//lib/libopencm3_stm32f0.a(gpio_common_f0234.o)
 .debug_info    0x0000000000003772      0x991 ./libopencm3//lib/libopencm3_stm32f0.a(rcc.o)
 .debug_info    0x0000000000004103      0x5b0 ./libopencm3//lib/libopencm3_stm32f0.a(rcc_common_all.o)
 .debug_info    0x00000000000046b3      0x998 ./libopencm3//lib/libopencm3_stm32f0.a(spi_common_all.o)
 .debug_info    0x000000000000504b      0x26a ./libopencm3//lib/libopencm3_stm32f0.a(spi_common_v2.o)
 .debug_info    0x00000000000052b5     0x11c5 ./libopencm3//lib/libopencm3_stm32f0.a(timer_common_all.o)
 .debug_info    0x000000000000647a      0x5b9 ./libopencm3//lib/libopencm3_stm32f0.a(usart_common_all.o)
 .debug_info    0x0000000000006a33      0x3a2 ./libopencm3//lib/libopencm3_stm32f0.a(usart_common_v2.o)
 .debug_info    0x0000000000006dd5      0x2dc ./libopencm3//lib/libopencm3_stm32f0.a(vector.o)
 .debug_info    0x00000000000070b1      0x249 ./libopencm3//lib/libopencm3_stm32f0.a(nvic.o)
 .debug_info    0x00000000000072fa       0xf6 ./libopencm3//lib/libopencm3_stm32f0.a(flash_common_all.o)

.debug_abbrev   0x0000000000000000     0x1839
 .debug_abbrev  0x0000000000000000      0x2f8 cerpa.o
 .debug_abbrev  0x00000000000002f8      0x1cb ./libopencm3//lib/libopencm3_stm32f0.a(adc.o)
 .debug_abbrev  0x00000000000004c3      0x202 ./libopencm3//lib/libopencm3_stm32f0.a(adc_common_v2.o)
 .debug_abbrev  0x00000000000006c5      0x157 ./libopencm3//lib/libopencm3_stm32f0.a(dac_common_all.o)
 .debug_abbrev  0x000000000000081c       0x94 ./libopencm3//lib/libopencm3_stm32f0.a(dac_common_v1.o)
 .debug_abbrev  0x00000000000008b0      0x116 ./libopencm3//lib/libopencm3_stm32f0.a(gpio_common_all.o)
 .debug_abbrev  0x00000000000009c6       0xbf ./libopencm3//lib/libopencm3_stm32f0.a(gpio_common_f0234.o)
 .debug_abbrev  0x0000000000000a85      0x2c8 ./libopencm3//lib/libopencm3_stm32f0.a(rcc.o)
 .debug_abbrev  0x0000000000000d4d      0x16b ./libopencm3//lib/libopencm3_stm32f0.a(rcc_common_all.o)
 .debug_abbrev  0x0000000000000eb8      0x1d3 ./libopencm3//lib/libopencm3_stm32f0.a(spi_common_all.o)
 .debug_abbrev  0x000000000000108b       0xf0 ./libopencm3//lib/libopencm3_stm32f0.a(spi_common_v2.o)
 .debug_abbrev  0x000000000000117b      0x19e ./libopencm3//lib/libopencm3_stm32f0.a(timer_common_all.o)
 .debug_abbrev  0x0000000000001319      0x13e ./libopencm3//lib/libopencm3_stm32f0.a(usart_common_all.o)
 .debug_abbrev  0x0000000000001457      0x128 ./libopencm3//lib/libopencm3_stm32f0.a(usart_common_v2.o)
 .debug_abbrev  0x000000000000157f      0x145 ./libopencm3//lib/libopencm3_stm32f0.a(vector.o)
 .debug_abbrev  0x00000000000016c4       0xde ./libopencm3//lib/libopencm3_stm32f0.a(nvic.o)
 .debug_abbrev  0x00000000000017a2       0x97 ./libopencm3//lib/libopencm3_stm32f0.a(flash_common_all.o)

.debug_loc      0x0000000000000000     0x332d
 .debug_loc     0x0000000000000000      0x92f cerpa.o
 .debug_loc     0x000000000000092f      0x2e4 ./libopencm3//lib/libopencm3_stm32f0.a(adc.o)
 .debug_loc     0x0000000000000c13      0x236 ./libopencm3//lib/libopencm3_stm32f0.a(adc_common_v2.o)
 .debug_loc     0x0000000000000e49      0x3ff ./libopencm3//lib/libopencm3_stm32f0.a(dac_common_all.o)
 .debug_loc     0x0000000000001248       0xbe ./libopencm3//lib/libopencm3_stm32f0.a(gpio_common_all.o)
 .debug_loc     0x0000000000001306      0x257 ./libopencm3//lib/libopencm3_stm32f0.a(gpio_common_f0234.o)
 .debug_loc     0x000000000000155d      0x442 ./libopencm3//lib/libopencm3_stm32f0.a(rcc.o)
 .debug_loc     0x000000000000199f       0xb9 ./libopencm3//lib/libopencm3_stm32f0.a(rcc_common_all.o)
 .debug_loc     0x0000000000001a58      0x188 ./libopencm3//lib/libopencm3_stm32f0.a(spi_common_all.o)
 .debug_loc     0x0000000000001be0      0x145 ./libopencm3//lib/libopencm3_stm32f0.a(spi_common_v2.o)
 .debug_loc     0x0000000000001d25     0x10e0 ./libopencm3//lib/libopencm3_stm32f0.a(timer_common_all.o)
 .debug_loc     0x0000000000002e05      0x18b ./libopencm3//lib/libopencm3_stm32f0.a(usart_common_all.o)
 .debug_loc     0x0000000000002f90       0xb6 ./libopencm3//lib/libopencm3_stm32f0.a(usart_common_v2.o)
 .debug_loc     0x0000000000003046      0x11b ./libopencm3//lib/libopencm3_stm32f0.a(vector.o)
 .debug_loc     0x0000000000003161      0x1b7 ./libopencm3//lib/libopencm3_stm32f0.a(nvic.o)
 .debug_loc     0x0000000000003318       0x15 ./libopencm3//lib/libopencm3_stm32f0.a(flash_common_all.o)

.debug_aranges  0x0000000000000000      0xbb8
 .debug_aranges
                0x0000000000000000       0x80 cerpa.o
 .debug_aranges
                0x0000000000000080       0xe0 ./libopencm3//lib/libopencm3_stm32f0.a(adc.o)
 .debug_aranges
                0x0000000000000160      0x128 ./libopencm3//lib/libopencm3_stm32f0.a(adc_common_v2.o)
 .debug_aranges
                0x0000000000000288       0x80 ./libopencm3//lib/libopencm3_stm32f0.a(dac_common_all.o)
 .debug_aranges
                0x0000000000000308       0x28 ./libopencm3//lib/libopencm3_stm32f0.a(dac_common_v1.o)
 .debug_aranges
                0x0000000000000330       0x50 ./libopencm3//lib/libopencm3_stm32f0.a(gpio_common_all.o)
 .debug_aranges
                0x0000000000000380       0x30 ./libopencm3//lib/libopencm3_stm32f0.a(gpio_common_f0234.o)
 .debug_aranges
                0x00000000000003b0      0x138 ./libopencm3//lib/libopencm3_stm32f0.a(rcc.o)
 .debug_aranges
                0x00000000000004e8       0x60 ./libopencm3//lib/libopencm3_stm32f0.a(rcc_common_all.o)
 .debug_aranges
                0x0000000000000548      0x178 ./libopencm3//lib/libopencm3_stm32f0.a(spi_common_all.o)
 .debug_aranges
                0x00000000000006c0       0x58 ./libopencm3//lib/libopencm3_stm32f0.a(spi_common_v2.o)
 .debug_aranges
                0x0000000000000718      0x268 ./libopencm3//lib/libopencm3_stm32f0.a(timer_common_all.o)
 .debug_aranges
                0x0000000000000980       0xd8 ./libopencm3//lib/libopencm3_stm32f0.a(usart_common_all.o)
 .debug_aranges
                0x0000000000000a58       0xa8 ./libopencm3//lib/libopencm3_stm32f0.a(usart_common_v2.o)
 .debug_aranges
                0x0000000000000b00       0x30 ./libopencm3//lib/libopencm3_stm32f0.a(vector.o)
 .debug_aranges
                0x0000000000000b30       0x50 ./libopencm3//lib/libopencm3_stm32f0.a(nvic.o)
 .debug_aranges
                0x0000000000000b80       0x38 ./libopencm3//lib/libopencm3_stm32f0.a(flash_common_all.o)

.debug_ranges   0x0000000000000000      0xe68
 .debug_ranges  0x0000000000000000      0x388 cerpa.o
 .debug_ranges  0x0000000000000388       0xd0 ./libopencm3//lib/libopencm3_stm32f0.a(adc.o)
 .debug_ranges  0x0000000000000458      0x130 ./libopencm3//lib/libopencm3_stm32f0.a(adc_common_v2.o)
 .debug_ranges  0x0000000000000588       0x70 ./libopencm3//lib/libopencm3_stm32f0.a(dac_common_all.o)
 .debug_ranges  0x00000000000005f8       0x18 ./libopencm3//lib/libopencm3_stm32f0.a(dac_common_v1.o)
 .debug_ranges  0x0000000000000610       0x40 ./libopencm3//lib/libopencm3_stm32f0.a(gpio_common_all.o)
 .debug_ranges  0x0000000000000650       0x20 ./libopencm3//lib/libopencm3_stm32f0.a(gpio_common_f0234.o)
 .debug_ranges  0x0000000000000670      0x180 ./libopencm3//lib/libopencm3_stm32f0.a(rcc.o)
 .debug_ranges  0x00000000000007f0       0x50 ./libopencm3//lib/libopencm3_stm32f0.a(rcc_common_all.o)
 .debug_ranges  0x0000000000000840      0x180 ./libopencm3//lib/libopencm3_stm32f0.a(spi_common_all.o)
 .debug_ranges  0x00000000000009c0       0x48 ./libopencm3//lib/libopencm3_stm32f0.a(spi_common_v2.o)
 .debug_ranges  0x0000000000000a08      0x258 ./libopencm3//lib/libopencm3_stm32f0.a(timer_common_all.o)
 .debug_ranges  0x0000000000000c60       0xc8 ./libopencm3//lib/libopencm3_stm32f0.a(usart_common_all.o)
 .debug_ranges  0x0000000000000d28       0x98 ./libopencm3//lib/libopencm3_stm32f0.a(usart_common_v2.o)
 .debug_ranges  0x0000000000000dc0       0x20 ./libopencm3//lib/libopencm3_stm32f0.a(vector.o)
 .debug_ranges  0x0000000000000de0       0x60 ./libopencm3//lib/libopencm3_stm32f0.a(nvic.o)
 .debug_ranges  0x0000000000000e40       0x28 ./libopencm3//lib/libopencm3_stm32f0.a(flash_common_all.o)

.debug_macro    0x0000000000000000     0x612b
 .debug_macro   0x0000000000000000      0x322 cerpa.o
 .debug_macro   0x0000000000000322      0xa42 cerpa.o
 .debug_macro   0x0000000000000d64       0x1c cerpa.o
 .debug_macro   0x0000000000000d80       0x22 cerpa.o
 .debug_macro   0x0000000000000da2       0x56 cerpa.o
 .debug_macro   0x0000000000000df8       0x51 cerpa.o
 .debug_macro   0x0000000000000e49      0x103 cerpa.o
 .debug_macro   0x0000000000000f4c       0x6a cerpa.o
 .debug_macro   0x0000000000000fb6      0x1df cerpa.o
 .debug_macro   0x0000000000001195       0x22 cerpa.o
 .debug_macro   0x00000000000011b7       0xe8 cerpa.o
 .debug_macro   0x000000000000129f       0x52 cerpa.o
 .debug_macro   0x00000000000012f1      0x178 cerpa.o
 .debug_macro   0x0000000000001469      0x7cd cerpa.o
 .debug_macro   0x0000000000001c36       0x76 cerpa.o
 .debug_macro   0x0000000000001cac      0x37e cerpa.o
 .debug_macro   0x000000000000202a       0xca cerpa.o
 .debug_macro   0x00000000000020f4       0x3a cerpa.o
 .debug_macro   0x000000000000212e      0xf65 cerpa.o
 .debug_macro   0x0000000000003093       0x52 cerpa.o
 .debug_macro   0x00000000000030e5       0x94 cerpa.o
 .debug_macro   0x0000000000003179      0x514 cerpa.o
 .debug_macro   0x000000000000368d       0x34 cerpa.o
 .debug_macro   0x00000000000036c1       0x49 cerpa.o
 .debug_macro   0x000000000000370a       0xca cerpa.o
 .debug_macro   0x00000000000037d4      0x19d cerpa.o
 .debug_macro   0x0000000000003971       0xa0 cerpa.o
 .debug_macro   0x0000000000003a11       0x64 cerpa.o
 .debug_macro   0x0000000000003a75       0x18 cerpa.o
 .debug_macro   0x0000000000003a8d       0x35 cerpa.o
 .debug_macro   0x0000000000003ac2       0x34 cerpa.o
 .debug_macro   0x0000000000003af6      0x16d cerpa.o
 .debug_macro   0x0000000000003c63       0x16 cerpa.o
 .debug_macro   0x0000000000003c79       0x43 cerpa.o
 .debug_macro   0x0000000000003cbc       0x34 cerpa.o
 .debug_macro   0x0000000000003cf0       0x10 cerpa.o
 .debug_macro   0x0000000000003d00       0x58 cerpa.o
 .debug_macro   0x0000000000003d58      0x182 cerpa.o
 .debug_macro   0x0000000000003eda      0x35d cerpa.o
 .debug_macro   0x0000000000004237       0x10 cerpa.o
 .debug_macro   0x0000000000004247       0x35 cerpa.o
 .debug_macro   0x000000000000427c       0x1c cerpa.o
 .debug_macro   0x0000000000004298       0x10 cerpa.o
 .debug_macro   0x00000000000042a8       0xbe cerpa.o
 .debug_macro   0x0000000000004366       0x16 cerpa.o
 .debug_macro   0x000000000000437c      0x129 cerpa.o
 .debug_macro   0x00000000000044a5      0x2eb cerpa.o
 .debug_macro   0x0000000000004790       0xe2 cerpa.o
 .debug_macro   0x0000000000004872      0x190 cerpa.o
 .debug_macro   0x0000000000004a02       0x28 cerpa.o
 .debug_macro   0x0000000000004a2a      0x14c cerpa.o
 .debug_macro   0x0000000000004b76       0xd0 ./libopencm3//lib/libopencm3_stm32f0.a(adc.o)
 .debug_macro   0x0000000000004c46       0x16 ./libopencm3//lib/libopencm3_stm32f0.a(adc.o)
 .debug_macro   0x0000000000004c5c       0xc1 ./libopencm3//lib/libopencm3_stm32f0.a(adc_common_v2.o)
 .debug_macro   0x0000000000004d1d       0xc8 ./libopencm3//lib/libopencm3_stm32f0.a(dac_common_all.o)
 .debug_macro   0x0000000000004de5       0xc8 ./libopencm3//lib/libopencm3_stm32f0.a(dac_common_v1.o)
 .debug_macro   0x0000000000004ead       0xd6 ./libopencm3//lib/libopencm3_stm32f0.a(gpio_common_all.o)
 .debug_macro   0x0000000000004f83       0xd6 ./libopencm3//lib/libopencm3_stm32f0.a(gpio_common_f0234.o)
 .debug_macro   0x0000000000005059      0x10d ./libopencm3//lib/libopencm3_stm32f0.a(rcc.o)
 .debug_macro   0x0000000000005166       0xee ./libopencm3//lib/libopencm3_stm32f0.a(rcc.o)
 .debug_macro   0x0000000000005254       0xd0 ./libopencm3//lib/libopencm3_stm32f0.a(rcc.o)
 .debug_macro   0x0000000000005324      0x360 ./libopencm3//lib/libopencm3_stm32f0.a(rcc.o)
 .debug_macro   0x0000000000005684       0xce ./libopencm3//lib/libopencm3_stm32f0.a(rcc_common_all.o)
 .debug_macro   0x0000000000005752       0xd4 ./libopencm3//lib/libopencm3_stm32f0.a(spi_common_all.o)
 .debug_macro   0x0000000000005826       0xd4 ./libopencm3//lib/libopencm3_stm32f0.a(spi_common_v2.o)
 .debug_macro   0x00000000000058fa       0xce ./libopencm3//lib/libopencm3_stm32f0.a(timer_common_all.o)
 .debug_macro   0x00000000000059c8       0xd9 ./libopencm3//lib/libopencm3_stm32f0.a(usart_common_all.o)
 .debug_macro   0x0000000000005aa1       0xc1 ./libopencm3//lib/libopencm3_stm32f0.a(usart_common_v2.o)
 .debug_macro   0x0000000000005b62       0xcf ./libopencm3//lib/libopencm3_stm32f0.a(vector.o)
 .debug_macro   0x0000000000005c31      0x19f ./libopencm3//lib/libopencm3_stm32f0.a(vector.o)
 .debug_macro   0x0000000000005dd0       0xb3 ./libopencm3//lib/libopencm3_stm32f0.a(nvic.o)
 .debug_macro   0x0000000000005e83       0x43 ./libopencm3//lib/libopencm3_stm32f0.a(nvic.o)
 .debug_macro   0x0000000000005ec6      0x1a5 ./libopencm3//lib/libopencm3_stm32f0.a(nvic.o)
 .debug_macro   0x000000000000606b       0xc0 ./libopencm3//lib/libopencm3_stm32f0.a(flash_common_all.o)

.debug_line     0x0000000000000000     0x7ef6
 .debug_line    0x0000000000000000     0x108e cerpa.o
 .debug_line    0x000000000000108e      0x79c ./libopencm3//lib/libopencm3_stm32f0.a(adc.o)
 .debug_line    0x000000000000182a      0x839 ./libopencm3//lib/libopencm3_stm32f0.a(adc_common_v2.o)
 .debug_line    0x0000000000002063      0x64a ./libopencm3//lib/libopencm3_stm32f0.a(dac_common_all.o)
 .debug_line    0x00000000000026ad      0x34b ./libopencm3//lib/libopencm3_stm32f0.a(dac_common_v1.o)
 .debug_line    0x00000000000029f8      0x420 ./libopencm3//lib/libopencm3_stm32f0.a(gpio_common_all.o)
 .debug_line    0x0000000000002e18      0x516 ./libopencm3//lib/libopencm3_stm32f0.a(gpio_common_f0234.o)
 .debug_line    0x000000000000332e      0xc97 ./libopencm3//lib/libopencm3_stm32f0.a(rcc.o)
 .debug_line    0x0000000000003fc5      0x470 ./libopencm3//lib/libopencm3_stm32f0.a(rcc_common_all.o)
 .debug_line    0x0000000000004435      0xa3d ./libopencm3//lib/libopencm3_stm32f0.a(spi_common_all.o)
 .debug_line    0x0000000000004e72      0x4a0 ./libopencm3//lib/libopencm3_stm32f0.a(spi_common_v2.o)
 .debug_line    0x0000000000005312     0x13c5 ./libopencm3//lib/libopencm3_stm32f0.a(timer_common_all.o)
 .debug_line    0x00000000000066d7      0x6bc ./libopencm3//lib/libopencm3_stm32f0.a(usart_common_all.o)
 .debug_line    0x0000000000006d93      0x58e ./libopencm3//lib/libopencm3_stm32f0.a(usart_common_v2.o)
 .debug_line    0x0000000000007321      0x458 ./libopencm3//lib/libopencm3_stm32f0.a(vector.o)
 .debug_line    0x0000000000007779      0x3db ./libopencm3//lib/libopencm3_stm32f0.a(nvic.o)
 .debug_line    0x0000000000007b54      0x3a2 ./libopencm3//lib/libopencm3_stm32f0.a(flash_common_all.o)

.debug_str      0x0000000000000000    0x196c5
 .debug_str     0x0000000000000000    0x14dfb cerpa.o
                                      0x1500f (size before relaxing)
 .debug_str     0x0000000000014dfb      0x4bc ./libopencm3//lib/libopencm3_stm32f0.a(adc.o)
                                       0x5d1e (size before relaxing)
 .debug_str     0x00000000000152b7      0x267 ./libopencm3//lib/libopencm3_stm32f0.a(adc_common_v2.o)
                                       0x5bc2 (size before relaxing)
 .debug_str     0x000000000001551e      0x12e ./libopencm3//lib/libopencm3_stm32f0.a(dac_common_all.o)
                                       0x5691 (size before relaxing)
 .debug_str     0x000000000001564c       0x2d ./libopencm3//lib/libopencm3_stm32f0.a(dac_common_v1.o)
                                       0x54d2 (size before relaxing)
 .debug_str     0x0000000000015679       0x7d ./libopencm3//lib/libopencm3_stm32f0.a(gpio_common_all.o)
                                       0x5e52 (size before relaxing)
 .debug_str     0x00000000000156f6       0x61 ./libopencm3//lib/libopencm3_stm32f0.a(gpio_common_f0234.o)
                                       0x5e74 (size before relaxing)
 .debug_str     0x0000000000015757     0x1bc3 ./libopencm3//lib/libopencm3_stm32f0.a(rcc.o)
                                       0x9082 (size before relaxing)
 .debug_str     0x000000000001731a      0x2fa ./libopencm3//lib/libopencm3_stm32f0.a(rcc_common_all.o)
                                       0x75f7 (size before relaxing)
 .debug_str     0x0000000000017614      0x3cf ./libopencm3//lib/libopencm3_stm32f0.a(spi_common_all.o)
                                       0x87f7 (size before relaxing)
 .debug_str     0x00000000000179e3       0xb2 ./libopencm3//lib/libopencm3_stm32f0.a(spi_common_v2.o)
                                       0x8310 (size before relaxing)
 .debug_str     0x0000000000017a95      0x94f ./libopencm3//lib/libopencm3_stm32f0.a(timer_common_all.o)
                                       0xbd3c (size before relaxing)
 .debug_str     0x00000000000183e4      0x1e2 ./libopencm3//lib/libopencm3_stm32f0.a(usart_common_all.o)
                                       0x8f26 (size before relaxing)
 .debug_str     0x00000000000185c6      0x190 ./libopencm3//lib/libopencm3_stm32f0.a(usart_common_v2.o)
                                       0x66e0 (size before relaxing)
 .debug_str     0x0000000000018756      0xe92 ./libopencm3//lib/libopencm3_stm32f0.a(vector.o)
                                       0x5283 (size before relaxing)
 .debug_str     0x00000000000195e8       0x8f ./libopencm3//lib/libopencm3_stm32f0.a(nvic.o)
                                       0x4d10 (size before relaxing)
 .debug_str     0x0000000000019677       0x4e ./libopencm3//lib/libopencm3_stm32f0.a(flash_common_all.o)
                                       0x5317 (size before relaxing)

.comment        0x0000000000000000       0x49
 .comment       0x0000000000000000       0x49 cerpa.o
                                         0x4a (size before relaxing)
 .comment       0x0000000000000049       0x4a ./libopencm3//lib/libopencm3_stm32f0.a(adc.o)
 .comment       0x0000000000000049       0x4a ./libopencm3//lib/libopencm3_stm32f0.a(adc_common_v2.o)
 .comment       0x0000000000000049       0x4a ./libopencm3//lib/libopencm3_stm32f0.a(dac_common_all.o)
 .comment       0x0000000000000049       0x4a ./libopencm3//lib/libopencm3_stm32f0.a(dac_common_v1.o)
 .comment       0x0000000000000049       0x4a ./libopencm3//lib/libopencm3_stm32f0.a(gpio_common_all.o)
 .comment       0x0000000000000049       0x4a ./libopencm3//lib/libopencm3_stm32f0.a(gpio_common_f0234.o)
 .comment       0x0000000000000049       0x4a ./libopencm3//lib/libopencm3_stm32f0.a(rcc.o)
 .comment       0x0000000000000049       0x4a ./libopencm3//lib/libopencm3_stm32f0.a(rcc_common_all.o)
 .comment       0x0000000000000049       0x4a ./libopencm3//lib/libopencm3_stm32f0.a(spi_common_all.o)
 .comment       0x0000000000000049       0x4a ./libopencm3//lib/libopencm3_stm32f0.a(spi_common_v2.o)
 .comment       0x0000000000000049       0x4a ./libopencm3//lib/libopencm3_stm32f0.a(timer_common_all.o)
 .comment       0x0000000000000049       0x4a ./libopencm3//lib/libopencm3_stm32f0.a(usart_common_all.o)
 .comment       0x0000000000000049       0x4a ./libopencm3//lib/libopencm3_stm32f0.a(usart_common_v2.o)
 .comment       0x0000000000000049       0x4a ./libopencm3//lib/libopencm3_stm32f0.a(vector.o)
 .comment       0x0000000000000049       0x4a ./libopencm3//lib/libopencm3_stm32f0.a(nvic.o)
 .comment       0x0000000000000049       0x4a ./libopencm3//lib/libopencm3_stm32f0.a(flash_common_all.o)

.ARM.attributes
                0x0000000000000000       0x2a
 .ARM.attributes
                0x0000000000000000       0x2c cerpa.o
 .ARM.attributes
                0x000000000000002c       0x2c ./libopencm3//lib/libopencm3_stm32f0.a(adc.o)
 .ARM.attributes
                0x0000000000000058       0x2c ./libopencm3//lib/libopencm3_stm32f0.a(adc_common_v2.o)
 .ARM.attributes
                0x0000000000000084       0x2c ./libopencm3//lib/libopencm3_stm32f0.a(dac_common_all.o)
 .ARM.attributes
                0x00000000000000b0       0x2c ./libopencm3//lib/libopencm3_stm32f0.a(dac_common_v1.o)
 .ARM.attributes
                0x00000000000000dc       0x2c ./libopencm3//lib/libopencm3_stm32f0.a(gpio_common_all.o)
 .ARM.attributes
                0x0000000000000108       0x2c ./libopencm3//lib/libopencm3_stm32f0.a(gpio_common_f0234.o)
 .ARM.attributes
                0x0000000000000134       0x2c ./libopencm3//lib/libopencm3_stm32f0.a(rcc.o)
 .ARM.attributes
                0x0000000000000160       0x2c ./libopencm3//lib/libopencm3_stm32f0.a(rcc_common_all.o)
 .ARM.attributes
                0x000000000000018c       0x2c ./libopencm3//lib/libopencm3_stm32f0.a(spi_common_all.o)
 .ARM.attributes
                0x00000000000001b8       0x2c ./libopencm3//lib/libopencm3_stm32f0.a(spi_common_v2.o)
 .ARM.attributes
                0x00000000000001e4       0x2c ./libopencm3//lib/libopencm3_stm32f0.a(timer_common_all.o)
 .ARM.attributes
                0x0000000000000210       0x2c ./libopencm3//lib/libopencm3_stm32f0.a(usart_common_all.o)
 .ARM.attributes
                0x000000000000023c       0x2c ./libopencm3//lib/libopencm3_stm32f0.a(usart_common_v2.o)
 .ARM.attributes
                0x0000000000000268       0x2c ./libopencm3//lib/libopencm3_stm32f0.a(vector.o)
 .ARM.attributes
                0x0000000000000294       0x2c ./libopencm3//lib/libopencm3_stm32f0.a(nvic.o)
 .ARM.attributes
                0x00000000000002c0       0x2c ./libopencm3//lib/libopencm3_stm32f0.a(flash_common_all.o)
 .ARM.attributes
                0x00000000000002ec       0x2c /usr/local/Cellar/arm-gcc-bin@10/10.3-2021.10/bin/../lib/gcc/arm-none-eabi/10.3.1/../../../../arm-none-eabi/lib/thumb/v6-m/nofp/libc.a(lib_a-snprintf.o)
 .ARM.attributes
                0x0000000000000318       0x2c /usr/local/Cellar/arm-gcc-bin@10/10.3-2021.10/bin/../lib/gcc/arm-none-eabi/10.3.1/../../../../arm-none-eabi/lib/thumb/v6-m/nofp/libc.a(lib_a-strcpy.o)
 .ARM.attributes
                0x0000000000000344       0x2c /usr/local/Cellar/arm-gcc-bin@10/10.3-2021.10/bin/../lib/gcc/arm-none-eabi/10.3.1/../../../../arm-none-eabi/lib/thumb/v6-m/nofp/libc.a(lib_a-strlen-stub.o)
 .ARM.attributes
                0x0000000000000370       0x2c /usr/local/Cellar/arm-gcc-bin@10/10.3-2021.10/bin/../lib/gcc/arm-none-eabi/10.3.1/../../../../arm-none-eabi/lib/thumb/v6-m/nofp/libc.a(lib_a-svfprintf.o)
 .ARM.attributes
                0x000000000000039c       0x2c /usr/local/Cellar/arm-gcc-bin@10/10.3-2021.10/bin/../lib/gcc/arm-none-eabi/10.3.1/../../../../arm-none-eabi/lib/thumb/v6-m/nofp/libc.a(lib_a-dtoa.o)
 .ARM.attributes
                0x00000000000003c8       0x2c /usr/local/Cellar/arm-gcc-bin@10/10.3-2021.10/bin/../lib/gcc/arm-none-eabi/10.3.1/../../../../arm-none-eabi/lib/thumb/v6-m/nofp/libc.a(lib_a-freer.o)
 .ARM.attributes
                0x00000000000003f4       0x2c /usr/local/Cellar/arm-gcc-bin@10/10.3-2021.10/bin/../lib/gcc/arm-none-eabi/10.3.1/../../../../arm-none-eabi/lib/thumb/v6-m/nofp/libc.a(lib_a-impure.o)
 .ARM.attributes
                0x0000000000000420       0x2c /usr/local/Cellar/arm-gcc-bin@10/10.3-2021.10/bin/../lib/gcc/arm-none-eabi/10.3.1/../../../../arm-none-eabi/lib/thumb/v6-m/nofp/libc.a(lib_a-localeconv.o)
 .ARM.attributes
                0x000000000000044c       0x2c /usr/local/Cellar/arm-gcc-bin@10/10.3-2021.10/bin/../lib/gcc/arm-none-eabi/10.3.1/../../../../arm-none-eabi/lib/thumb/v6-m/nofp/libc.a(lib_a-mallocr.o)
 .ARM.attributes
                0x0000000000000478       0x2c /usr/local/Cellar/arm-gcc-bin@10/10.3-2021.10/bin/../lib/gcc/arm-none-eabi/10.3.1/../../../../arm-none-eabi/lib/thumb/v6-m/nofp/libc.a(lib_a-memchr-stub.o)
 .ARM.attributes
                0x00000000000004a4       0x2c /usr/local/Cellar/arm-gcc-bin@10/10.3-2021.10/bin/../lib/gcc/arm-none-eabi/10.3.1/../../../../arm-none-eabi/lib/thumb/v6-m/nofp/libc.a(lib_a-memcpy-stub.o)
 .ARM.attributes
                0x00000000000004d0       0x2c /usr/local/Cellar/arm-gcc-bin@10/10.3-2021.10/bin/../lib/gcc/arm-none-eabi/10.3.1/../../../../arm-none-eabi/lib/thumb/v6-m/nofp/libc.a(lib_a-mlock.o)
 .ARM.attributes
                0x00000000000004fc       0x2c /usr/local/Cellar/arm-gcc-bin@10/10.3-2021.10/bin/../lib/gcc/arm-none-eabi/10.3.1/../../../../arm-none-eabi/lib/thumb/v6-m/nofp/libc.a(lib_a-mprec.o)
 .ARM.attributes
                0x0000000000000528       0x2c /usr/local/Cellar/arm-gcc-bin@10/10.3-2021.10/bin/../lib/gcc/arm-none-eabi/10.3.1/../../../../arm-none-eabi/lib/thumb/v6-m/nofp/libc.a(lib_a-s_frexp.o)
 .ARM.attributes
                0x0000000000000554       0x2c /usr/local/Cellar/arm-gcc-bin@10/10.3-2021.10/bin/../lib/gcc/arm-none-eabi/10.3.1/../../../../arm-none-eabi/lib/thumb/v6-m/nofp/libc.a(lib_a-sbrkr.o)
 .ARM.attributes
                0x0000000000000580       0x2c /usr/local/Cellar/arm-gcc-bin@10/10.3-2021.10/bin/../lib/gcc/arm-none-eabi/10.3.1/../../../../arm-none-eabi/lib/thumb/v6-m/nofp/libc.a(lib_a-strncpy.o)
 .ARM.attributes
                0x00000000000005ac       0x2c /usr/local/Cellar/arm-gcc-bin@10/10.3-2021.10/bin/../lib/gcc/arm-none-eabi/10.3.1/../../../../arm-none-eabi/lib/thumb/v6-m/nofp/libc.a(lib_a-svfiprintf.o)
 .ARM.attributes
                0x00000000000005d8       0x2c /usr/local/Cellar/arm-gcc-bin@10/10.3-2021.10/bin/../lib/gcc/arm-none-eabi/10.3.1/../../../../arm-none-eabi/lib/thumb/v6-m/nofp/libc.a(lib_a-assert.o)
 .ARM.attributes
                0x0000000000000604       0x2c /usr/local/Cellar/arm-gcc-bin@10/10.3-2021.10/bin/../lib/gcc/arm-none-eabi/10.3.1/../../../../arm-none-eabi/lib/thumb/v6-m/nofp/libc.a(lib_a-callocr.o)
 .ARM.attributes
                0x0000000000000630       0x2c /usr/local/Cellar/arm-gcc-bin@10/10.3-2021.10/bin/../lib/gcc/arm-none-eabi/10.3.1/../../../../arm-none-eabi/lib/thumb/v6-m/nofp/libc.a(lib_a-errno.o)
 .ARM.attributes
                0x000000000000065c       0x2c /usr/local/Cellar/arm-gcc-bin@10/10.3-2021.10/bin/../lib/gcc/arm-none-eabi/10.3.1/../../../../arm-none-eabi/lib/thumb/v6-m/nofp/libc.a(lib_a-fiprintf.o)
 .ARM.attributes
                0x0000000000000688       0x2c /usr/local/Cellar/arm-gcc-bin@10/10.3-2021.10/bin/../lib/gcc/arm-none-eabi/10.3.1/../../../../arm-none-eabi/lib/thumb/v6-m/nofp/libc.a(lib_a-locale.o)
 .ARM.attributes
                0x00000000000006b4       0x2c /usr/local/Cellar/arm-gcc-bin@10/10.3-2021.10/bin/../lib/gcc/arm-none-eabi/10.3.1/../../../../arm-none-eabi/lib/thumb/v6-m/nofp/libc.a(lib_a-lock.o)
 .ARM.attributes
                0x00000000000006e0       0x2c /usr/local/Cellar/arm-gcc-bin@10/10.3-2021.10/bin/../lib/gcc/arm-none-eabi/10.3.1/../../../../arm-none-eabi/lib/thumb/v6-m/nofp/libc.a(lib_a-mbtowc_r.o)
 .ARM.attributes
                0x000000000000070c       0x2c /usr/local/Cellar/arm-gcc-bin@10/10.3-2021.10/bin/../lib/gcc/arm-none-eabi/10.3.1/../../../../arm-none-eabi/lib/thumb/v6-m/nofp/libc.a(lib_a-memmove.o)
 .ARM.attributes
                0x0000000000000738       0x2c /usr/local/Cellar/arm-gcc-bin@10/10.3-2021.10/bin/../lib/gcc/arm-none-eabi/10.3.1/../../../../arm-none-eabi/lib/thumb/v6-m/nofp/libc.a(lib_a-memset.o)
 .ARM.attributes
                0x0000000000000764       0x2c /usr/local/Cellar/arm-gcc-bin@10/10.3-2021.10/bin/../lib/gcc/arm-none-eabi/10.3.1/../../../../arm-none-eabi/lib/thumb/v6-m/nofp/libc.a(lib_a-reallocr.o)
 .ARM.attributes
                0x0000000000000790       0x2c /usr/local/Cellar/arm-gcc-bin@10/10.3-2021.10/bin/../lib/gcc/arm-none-eabi/10.3.1/../../../../arm-none-eabi/lib/thumb/v6-m/nofp/libc.a(lib_a-reent.o)
 .ARM.attributes
                0x00000000000007bc       0x2c /usr/local/Cellar/arm-gcc-bin@10/10.3-2021.10/bin/../lib/gcc/arm-none-eabi/10.3.1/../../../../arm-none-eabi/lib/thumb/v6-m/nofp/libc.a(lib_a-vfiprintf.o)
 .ARM.attributes
                0x00000000000007e8       0x2c /usr/local/Cellar/arm-gcc-bin@10/10.3-2021.10/bin/../lib/gcc/arm-none-eabi/10.3.1/../../../../arm-none-eabi/lib/thumb/v6-m/nofp/libc.a(lib_a-wctomb_r.o)
 .ARM.attributes
                0x0000000000000814       0x2c /usr/local/Cellar/arm-gcc-bin@10/10.3-2021.10/bin/../lib/gcc/arm-none-eabi/10.3.1/../../../../arm-none-eabi/lib/thumb/v6-m/nofp/libc.a(lib_a-wsetup.o)
 .ARM.attributes
                0x0000000000000840       0x2c /usr/local/Cellar/arm-gcc-bin@10/10.3-2021.10/bin/../lib/gcc/arm-none-eabi/10.3.1/../../../../arm-none-eabi/lib/thumb/v6-m/nofp/libc.a(lib_a-abort.o)
 .ARM.attributes
                0x000000000000086c       0x2c /usr/local/Cellar/arm-gcc-bin@10/10.3-2021.10/bin/../lib/gcc/arm-none-eabi/10.3.1/../../../../arm-none-eabi/lib/thumb/v6-m/nofp/libc.a(lib_a-ctype_.o)
 .ARM.attributes
                0x0000000000000898       0x2c /usr/local/Cellar/arm-gcc-bin@10/10.3-2021.10/bin/../lib/gcc/arm-none-eabi/10.3.1/../../../../arm-none-eabi/lib/thumb/v6-m/nofp/libc.a(lib_a-fflush.o)
 .ARM.attributes
                0x00000000000008c4       0x2c /usr/local/Cellar/arm-gcc-bin@10/10.3-2021.10/bin/../lib/gcc/arm-none-eabi/10.3.1/../../../../arm-none-eabi/lib/thumb/v6-m/nofp/libc.a(lib_a-findfp.o)
 .ARM.attributes
                0x00000000000008f0       0x2c /usr/local/Cellar/arm-gcc-bin@10/10.3-2021.10/bin/../lib/gcc/arm-none-eabi/10.3.1/../../../../arm-none-eabi/lib/thumb/v6-m/nofp/libc.a(lib_a-fputwc.o)
 .ARM.attributes
                0x000000000000091c       0x2c /usr/local/Cellar/arm-gcc-bin@10/10.3-2021.10/bin/../lib/gcc/arm-none-eabi/10.3.1/../../../../arm-none-eabi/lib/thumb/v6-m/nofp/libc.a(lib_a-fvwrite.o)
 .ARM.attributes
                0x0000000000000948       0x2c /usr/local/Cellar/arm-gcc-bin@10/10.3-2021.10/bin/../lib/gcc/arm-none-eabi/10.3.1/../../../../arm-none-eabi/lib/thumb/v6-m/nofp/libc.a(lib_a-fwalk.o)
 .ARM.attributes
                0x0000000000000974       0x2c /usr/local/Cellar/arm-gcc-bin@10/10.3-2021.10/bin/../lib/gcc/arm-none-eabi/10.3.1/../../../../arm-none-eabi/lib/thumb/v6-m/nofp/libc.a(lib_a-makebuf.o)
 .ARM.attributes
                0x00000000000009a0       0x2c /usr/local/Cellar/arm-gcc-bin@10/10.3-2021.10/bin/../lib/gcc/arm-none-eabi/10.3.1/../../../../arm-none-eabi/lib/thumb/v6-m/nofp/libc.a(lib_a-signal.o)
 .ARM.attributes
                0x00000000000009cc       0x2c /usr/local/Cellar/arm-gcc-bin@10/10.3-2021.10/bin/../lib/gcc/arm-none-eabi/10.3.1/../../../../arm-none-eabi/lib/thumb/v6-m/nofp/libc.a(lib_a-signalr.o)
 .ARM.attributes
                0x00000000000009f8       0x2c /usr/local/Cellar/arm-gcc-bin@10/10.3-2021.10/bin/../lib/gcc/arm-none-eabi/10.3.1/../../../../arm-none-eabi/lib/thumb/v6-m/nofp/libc.a(lib_a-stdio.o)
 .ARM.attributes
                0x0000000000000a24       0x2c /usr/local/Cellar/arm-gcc-bin@10/10.3-2021.10/bin/../lib/gcc/arm-none-eabi/10.3.1/../../../../arm-none-eabi/lib/thumb/v6-m/nofp/libc.a(lib_a-wbuf.o)
 .ARM.attributes